Component: ARM Compiler 5.05 update 1 (build 106) Tool: armlink [4d0efa]

==============================================================================

Section Cross References

    led.o(i.LED_Init) refers to stm32f10x_rcc.o(i.RCC_APB2PeriphClockCmd) for RCC_APB2PeriphClockCmd
    led.o(i.LED_Init) refers to stm32f10x_gpio.o(i.GPIO_Init) for GPIO_Init
    led.o(i.LED_Init) refers to stm32f10x_gpio.o(i.GPIO_SetBits) for GPIO_SetBits
    gprs.o(i.atk_A7_at_response) refers to _printf_percent.o(.ARM.Collect$$_printf_percent$$00000000) for _printf_percent
    gprs.o(i.atk_A7_at_response) refers to _printf_s.o(.ARM.Collect$$_printf_percent$$00000014) for _printf_s
    gprs.o(i.atk_A7_at_response) refers to _printf_str.o(.text) for _printf_str
    gprs.o(i.atk_A7_at_response) refers to __2printf.o(.text) for __2printf
    gprs.o(i.atk_A7_at_response) refers to usart2.o(.data) for USART2_RX_STA
    gprs.o(i.atk_A7_at_response) refers to usart2.o(.bss) for USART2_RX_BUF
    gprs.o(i.atk_A7_check_cmd) refers to strstr.o(.text) for strstr
    gprs.o(i.atk_A7_check_cmd) refers to usart2.o(.data) for USART2_RX_STA
    gprs.o(i.atk_A7_check_cmd) refers to usart2.o(.bss) for USART2_RX_BUF
    gprs.o(i.atk_A7_send_cmd) refers to usart2.o(i.u2_printf) for u2_printf
    gprs.o(i.atk_A7_send_cmd) refers to delay.o(i.my_delay_ms) for my_delay_ms
    gprs.o(i.atk_A7_send_cmd) refers to strstr.o(.text) for strstr
    gprs.o(i.atk_A7_send_cmd) refers to usart2.o(.data) for USART2_RX_STA
    gprs.o(i.atk_A7_send_cmd) refers to usart2.o(.bss) for USART2_RX_BUF
    gprs.o(i.close_TCP_connet) refers to gprs.o(i.atk_A7_send_cmd) for atk_A7_send_cmd
    gprs.o(i.gprs_init) refers to gprs.o(i.atk_A7_send_cmd) for atk_A7_send_cmd
    gprs.o(i.gprs_init) refers to timer.o(i.TIM3_Int_Init) for TIM3_Int_Init
    gprs.o(i.send_TCP_message) refers to rt_memclr_w.o(.text) for __aeabi_memclr4
    gprs.o(i.send_TCP_message) refers to strcpy.o(.text) for strcpy
    gprs.o(i.send_TCP_message) refers to strcat.o(.text) for strcat
    gprs.o(i.send_TCP_message) refers to gprs.o(i.atk_A7_send_cmd) for atk_A7_send_cmd
    gprs.o(i.send_TCP_message) refers to __2printf.o(.text) for __2printf
    gprs.o(i.send_TCP_message) refers to delay.o(i.my_delay_ms) for my_delay_ms
    gprs.o(i.send_TCP_message) refers to usart2.o(i.u2_printf) for u2_printf
    gprs.o(i.send_TCP_message) refers to gprs.o(.data) for ip_num
    gprs.o(.data) refers to gprs.o(.conststring) for .conststring
    usart2.o(i.TIM4_IRQHandler) refers to usart2.o(i.analyse) for analyse
    usart2.o(i.TIM4_IRQHandler) refers to usart2.o(i.TIM4_Set) for TIM4_Set
    usart2.o(i.TIM4_IRQHandler) refers to usart2.o(.data) for USART2_RX_STA
    usart2.o(i.TIM4_IRQHandler) refers to usart2.o(.bss) for USART2_RX_BUF
    usart2.o(i.TIM4_Init) refers to stm32f10x_rcc.o(i.RCC_APB1PeriphClockCmd) for RCC_APB1PeriphClockCmd
    usart2.o(i.TIM4_Init) refers to stm32f10x_tim.o(i.TIM_TimeBaseInit) for TIM_TimeBaseInit
    usart2.o(i.TIM4_Init) refers to stm32f10x_tim.o(i.TIM_ITConfig) for TIM_ITConfig
    usart2.o(i.TIM4_Init) refers to misc.o(i.NVIC_Init) for NVIC_Init
    usart2.o(i.USART2_IRQHandler) refers to usart2.o(i.TIM4_Set) for TIM4_Set
    usart2.o(i.USART2_IRQHandler) refers to usart2.o(.data) for USART2_RX_STA
    usart2.o(i.USART2_IRQHandler) refers to usart2.o(.bss) for USART2_RX_BUF
    usart2.o(i.USART2_Init) refers to stm32f10x_usart.o(i.USART_ITConfig) for USART_ITConfig
    usart2.o(i.USART2_Init) refers to misc.o(i.NVIC_Init) for NVIC_Init
    usart2.o(i.USART2_Init) refers to usart2.o(i.TIM4_Init) for TIM4_Init
    usart2.o(i.USART2_Init) refers to usart2.o(i.TIM4_Set) for TIM4_Set
    usart2.o(i.USART2_Init) refers to usart2.o(.data) for USART2_RX_STA
    usart2.o(i.analyse) refers to c89printf.o(.text) for __c89printf
    usart2.o(i.analyse) refers to usart2.o(.bss) for USART2_RX_BUF
    usart2.o(i.u2_printf) refers to c89vsprintf.o(.text) for __c89vsprintf
    usart2.o(i.u2_printf) refers to __2printf.o(.text) for __2printf
    usart2.o(i.u2_printf) refers to c89printf.o(.text) for __c89printf
    usart2.o(i.u2_printf) refers to strlen.o(.text) for strlen
    usart2.o(i.u2_printf) refers to usart2.o(.bss) for USART2_TX_BUF
    timer.o(i.TIM3_IRQHandler) refers to stm32f10x_tim.o(i.TIM_GetITStatus) for TIM_GetITStatus
    timer.o(i.TIM3_IRQHandler) refers to gprs.o(i.send_TCP_message) for send_TCP_message
    timer.o(i.TIM3_IRQHandler) refers to stm32f10x_tim.o(i.TIM_ClearITPendingBit) for TIM_ClearITPendingBit
    timer.o(i.TIM3_Int_Init) refers to stm32f10x_rcc.o(i.RCC_APB1PeriphClockCmd) for RCC_APB1PeriphClockCmd
    timer.o(i.TIM3_Int_Init) refers to stm32f10x_tim.o(i.TIM_TimeBaseInit) for TIM_TimeBaseInit
    timer.o(i.TIM3_Int_Init) refers to stm32f10x_tim.o(i.TIM_ITConfig) for TIM_ITConfig
    timer.o(i.TIM3_Int_Init) refers to misc.o(i.NVIC_Init) for NVIC_Init
    timer.o(i.TIM3_Int_Init) refers to stm32f10x_tim.o(i.TIM_Cmd) for TIM_Cmd
[...]
    ..\HARDWARE\USART2\usart2.c              0x00000000   Number         0  usart2.o ABSOLUTE
    ..\HARDWARE\all_init.c                   0x00000000   Number         0  all_init.o ABSOLUTE
    ..\MALLOC\malloc.c                       0x00000000   Number         0  malloc.o ABSOLUTE
    ..\SYSTEM\delay\delay.c                  0x00000000   Number         0  delay.o ABSOLUTE
    ..\SYSTEM\sys\sys.c                      0x00000000   Number         0  sys.o ABSOLUTE
    ..\SYSTEM\usart\usart.c                  0x00000000   Number         0  usart.o ABSOLUTE
    ..\\CORE\\core_cm3.c                     0x00000000   Number         0  core_cm3.o ABSOLUTE
    ..\\SYSTEM\\sys\\sys.c                   0x00000000   Number         0  sys.o ABSOLUTE
    dc.s                                     0x00000000   Number         0  dc.o ABSOLUTE
    main.c                                   0x00000000   Number         0  main.o ABSOLUTE
    stm32f10x_it.c                           0x00000000   Number         0  stm32f10x_it.o ABSOLUTE
    system_stm32f10x.c                       0x00000000   Number         0  system_stm32f10x.o ABSOLUTE
    RESET                                    0x08000000   Section      304  startup_stm32f10x_hd.o(RESET)
    !!!main                                  0x08000130   Section        8  __main.o(!!!main)
    !!!scatter                               0x08000138   Section       52  __scatter.o(!!!scatter)
    !!handler_copy                           0x0800016c   Section       26  __scatter_copy.o(!!handler_copy)
    !!handler_zi                             0x08000188   Section       28  __scatter_zi.o(!!handler_zi)
    .ARM.Collect$$_printf_percent$$00000000  0x080001a4   Section        0  _printf_percent.o(.ARM.Collect$$_printf_percent$$00000000)
    .ARM.Collect$$_printf_percent$$00000001  0x080001a4   Section        6  _printf_n.o(.ARM.Collect$$_printf_percent$$00000001)
    .ARM.Collect$$_printf_percent$$00000002  0x080001aa   Section        6  _printf_p.o(.ARM.Collect$$_printf_percent$$00000002)
    .ARM.Collect$$_printf_percent$$00000003  0x080001b0   Section        6  _printf_f.o(.ARM.Collect$$_printf_percent$$00000003)
    .ARM.Collect$$_printf_percent$$00000004  0x080001b6   Section        6  _printf_e.o(.ARM.Collect$$_printf_percent$$00000004)
    .ARM.Collect$$_printf_percent$$00000005  0x080001bc   Section        6  _printf_g.o(.ARM.Collect$$_printf_percent$$00000005)
    .ARM.Collect$$_printf_percent$$00000006  0x080001c2   Section        6  _printf_a.o(.ARM.Collect$$_printf_percent$$00000006)
    .ARM.Collect$$_printf_percent$$00000007  0x080001c8   Section       10  _printf_ll.o(.ARM.Collect$$_printf_percent$$00000007)
    .ARM.Collect$$_printf_percent$$00000008  0x080001d2   Section        6  _printf_i.o(.ARM.Collect$$_printf_percent$$00000008)
    .ARM.Collect$$_printf_percent$$00000009  0x080001d8   Section        6  _printf_d.o(.ARM.Collect$$_printf_percent$$00000009)
    .ARM.Collect$$_printf_percent$$0000000A  0x080001de   Section        6  _printf_u.o(.ARM.Collect$$_printf_percent$$0000000A)
    .ARM.Collect$$_printf_percent$$0000000B  0x080001e4   Section        6  _printf_o.o(.ARM.Collect$$_printf_percent$$0000000B)
    .ARM.Collect$$_printf_percent$$0000000C  0x080001ea   Section        6  _printf_x.o(.ARM.Collect$$_printf_percent$$0000000C)
    .ARM.Collect$$_printf_percent$$0000000D  0x080001f0   Section        6  _printf_lli.o(.ARM.Collect$$_printf_percent$$0000000D)
    .ARM.Collect$$_printf_percent$$0000000E  0x080001f6   Section        6  _printf_lld.o(.ARM.Collect$$_printf_percent$$0000000E)
    .ARM.Collect$$_printf_percent$$0000000F  0x080001fc   Section        6  _printf_llu.o(.ARM.Collect$$_printf_percent$$0000000F)
    .ARM.Collect$$_printf_percent$$00000010  0x08000202   Section        6  _printf_llo.o(.ARM.Collect$$_printf_percent$$00000010)
    .ARM.Collect$$_printf_percent$$00000011  0x08000208   Section        6  _printf_llx.o(.ARM.Collect$$_printf_percent$$00000011)
    .ARM.Collect$$_printf_percent$$00000012  0x0800020e   Section       10  _printf_l.o(.ARM.Collect$$_printf_percent$$00000012)
    .ARM.Collect$$_printf_percent$$00000013  0x08000218   Section        6  _printf_c.o(.ARM.Collect$$_printf_percent$$00000013)
    .ARM.Collect$$_printf_percent$$00000014  0x0800021e   Section        6  _printf_s.o(.ARM.Collect$$_printf_percent$$00000014)
    .ARM.Collect$$_printf_percent$$00000015  0x08000224   Section        6  _printf_lc.o(.ARM.Collect$$_printf_percent$$00000015)
    .ARM.Collect$$_printf_percent$$00000016  0x0800022a   Section        6  _printf_ls.o(.ARM.Collect$$_printf_percent$$00000016)
    .ARM.Collect$$_printf_percent$$00000017  0x08000230   Section        4  _printf_percent_end.o(.ARM.Collect$$_printf_percent$$00000017)
    .ARM.Collect$$libinit$$00000000          0x08000234   Section        2  libinit.o(.ARM.Collect$$libinit$$00000000)
    .ARM.Collect$$libinit$$00000002          0x08000236   Section        0  libinit2.o(.ARM.Collect$$libinit$$00000002)
    .ARM.Collect$$libinit$$00000004          0x08000236   Section        0  libinit2.o(.ARM.Collect$$libinit$$00000004)
    .ARM.Collect$$libinit$$0000000A          0x08000236   Section        0  libinit2.o(.ARM.Collect$$libinit$$0000000A)
    .ARM.Collect$$libinit$$0000000C          0x08000236   Section        0  libinit2.o(.ARM.Collect$$libinit$$0000000C)
    .ARM.Collect$$libinit$$0000000E          0x08000236   Section        0  libinit2.o(.ARM.Collect$$libinit$$0000000E)
    .ARM.Collect$$libinit$$0000000F          0x08000236   Section        6  libinit2.o(.ARM.Collect$$libinit$$0000000F)
    .ARM.Collect$$libinit$$00000011          0x0800023c   Section        0  libinit2.o(.ARM.Collect$$libinit$$00000011)
    .ARM.Collect$$libinit$$00000012          0x0800023c   Section       12  libinit2.o(.ARM.Collect$$libinit$$00000012)
    .ARM.Collect$$libinit$$00000013          0x08000248   Section        0  libinit2.o(.ARM.Collect$$libinit$$00000013)
    .ARM.Collect$$libinit$$00000015          0x08000248   Section        0  libinit2.o(.ARM.Collect$$libinit$$00000015)
    .ARM.Collect$$libinit$$00000016          0x08000248   Section       10  libinit2.o(.ARM.Collect$$libinit$$00000016)
    .ARM.Collect$$libinit$$00000017          0x08000252   Section        0  libinit2.o(.ARM.Collect$$libinit$$00000017)
    .ARM.Collect$$libinit$$00000019          0x08000252   Section        0  libinit2.o(.ARM.Collect$$libinit$$00000019)
    .ARM.Collect$$libinit$$0000001B          0x08000252   Section        0  libinit2.o(.ARM.Collect$$libinit$$0000001B)
    .ARM.Collect$$libinit$$0000001D          0x08000252   Section        0  libinit2.o(.ARM.Collect$$libinit$$0000001D)
    .ARM.Collect$$libinit$$0000001F          0x08000252   Section        0  libinit2.o(.ARM.Collect$$libinit$$0000001F)
    .ARM.Collect$$libinit$$00000021          0x08000252   Section        0  libinit2.o(.ARM.Collect$$libinit$$00000021)
    .ARM.Collect$$libinit$$00000023          0x08000252   Section        0  libinit2.o(.ARM.Collect$$libinit$$00000023)
    .ARM.Collect$$libinit$$00000025          0x08000252   Section        0  libinit2.o(.ARM.Collect$$libinit$$00000025)
    .ARM.Collect$$libinit$$0000002C          0x08000252   Section        0  libinit2.o(.ARM.Collect$$libinit$$0000002C)
    .ARM.Collect$$libinit$$0000002E          0x08000252   Section        0  libinit2.o(.ARM.Collect$$libinit$$0000002E)
    .ARM.Collect$$libinit$$00000030          0x08000252   Section        0  libinit2.o(.ARM.Collect$$libinit$$00000030)
    .ARM.Collect$$libinit$$00000032          0x08000252   Section        0  libinit2.o(.ARM.Collect$$libinit$$00000032)
    .ARM.Collect$$libinit$$00000033          0x08000252   Section        2  libinit2.o(.ARM.Collect$$libinit$$00000033)
    .ARM.Collect$$libshutdown$$00000000      0x08000254   Section        2  libshutdown.o(.ARM.Collect$$libshutdown$$00000000)
    .ARM.Collect$$libshutdown$$00000003      0x08000256   Section        0  libshutdown2.o(.ARM.Collect$$libshutdown$$00000003)
    .ARM.Collect$$libshutdown$$00000006      0x08000256   Section        0  libshutdown2.o(.ARM.Collect$$libshutdown$$00000006)
    .ARM.Collect$$libshutdown$$00000009      0x08000256   Section        0  libshutdown2.o(.ARM.Collect$$libshutdown$$00000009)
    .ARM.Collect$$libshutdown$$0000000B      0x08000256   Section        0  libshutdown2.o(.ARM.Collect$$libshutdown$$0000000B)
    .ARM.Collect$$libshutdown$$0000000E      0x08000256   Section        0  libshutdown2.o(.ARM.Collect$$libshutdown$$0000000E)
    .ARM.Collect$$libshutdown$$0000000F      0x08000256   Section        2  libshutdown2.o(.ARM.Collect$$libshutdown$$0000000F)
    .ARM.Collect$$rtentry$$00000000          0x08000258   Section        0  __rtentry.o(.ARM.Collect$$rtentry$$00000000)
    .ARM.Collect$$rtentry$$00000002          0x08000258   Section        0  __rtentry2.o(.ARM.Collect$$rtentry$$00000002)
    .ARM.Collect$$rtentry$$00000004          0x08000258   Section        6  __rtentry4.o(.ARM.Collect$$rtentry$$00000004)
    .ARM.Collect$$rtentry$$00000009          0x0800025e   Section        0  __rtentry2.o(.ARM.Collect$$rtentry$$00000009)
    .ARM.Collect$$rtentry$$0000000A          0x0800025e   Section        4  __rtentry2.o(.ARM.Collect$$rtentry$$0000000A)
    .ARM.Collect$$rtentry$$0000000C          0x08000262   Section        0  __rtentry2.o(.ARM.Collect$$rtentry$$0000000C)
    .ARM.Collect$$rtentry$$0000000D          0x08000262   Section        8  __rtentry2.o(.ARM.Collect$$rtentry$$0000000D)
    .ARM.Collect$$rtexit$$00000000           0x0800026a   Section        2  rtexit.o(.ARM.Collect$$rtexit$$00000000)
    .ARM.Collect$$rtexit$$00000002           0x0800026c   Section        0  rtexit2.o(.ARM.Collect$$rtexit$$00000002)
    .ARM.Collect$$rtexit$$00000003           0x0800026c   Section        4  rtexit2.o(.ARM.Collect$$rtexit$$00000003)
    .ARM.Collect$$rtexit$$00000004           0x08000270   Section        6  rtexit2.o(.ARM.Collect$$rtexit$$00000004)
    .text                                    0x08000278   Section       64  startup_stm32f10x_hd.o(.text)
    .text                                    0x080002b8   Section        2  use_no_semi_2.o(.text)
    .text                                    0x080002bc   Section        0  c89printf.o(.text)
    .text                                    0x080002d4   Section        0  c89vsprintf.o(.text)
    .text                                    0x080002f8   Section        0  __2printf.o(.text)
    .text                                    0x08000310   Section        0  _printf_str.o(.text)
    .text                                    0x08000364   Section        0  __printf_flags_ss_wp.o(.text)
    .text                                    0x080004ec   Section        0  strstr.o(.text)
    .text                                    0x08000510   Section        0  strcpy.o(.text)
    .text                                    0x08000558   Section        0  strlen.o(.text)
    .text                                    0x08000596   Section        0  strcat.o(.text)
    .text                                    0x080005ae   Section       78  rt_memclr_w.o(.text)
    .text                                    0x080005fc   Section        0  heapauxi.o(.text)
    .text                                    0x08000602   Section        2  use_no_semi.o(.text)
    .text                                    0x08000604   Section        0  _printf_pad.o(.text)
    .text                                    0x08000652   Section        0  _printf_truncate.o(.text)
    .text                                    0x08000678   Section        0  _printf_dec.o(.text)
    .text                                    0x080006f0   Section        0  _printf_charcount.o(.text)
    .text                                    0x08000718   Section        0  _printf_char_common.o(.text)
    _printf_input_char                       0x08000719   Thumb Code    10  _printf_char_common.o(.text)
    .text                                    0x08000748   Section        0  _sputc.o(.text)
    .text                                    0x08000752   Section        0  _printf_char.o(.text)
    .text                                    0x08000780   Section        0  _printf_char_file.o(.text)
    .text                                    0x080007a4   Section        0  _printf_wctomb.o(.text)
    .text                                    0x08000860   Section        0  _printf_longlong_dec.o(.text)
    .text                                    0x080008dc   Section        0  _printf_oct_int_ll.o(.text)
    _printf_longlong_oct_internal            0x080008dd   Thumb Code     0  _printf_oct_int_ll.o(.text)
    .text                                    0x0800094c   Section        0  _printf_hex_int_ll_ptr.o(.text)
    _printf_hex_common                       0x0800094d   Thumb Code     0  _printf_hex_int_ll_ptr.o(.text)
    .text                                    0x080009e0   Section      138  lludiv10.o(.text)
    .text                                    0x08000a6a   Section        0  _printf_intcommon.o(.text)
    .text                                    0x08000b1c   Section        0  _printf_fp_dec.o(.text)
    _fp_digits                               0x08000b1f   Thumb Code   428  _printf_fp_dec.o(.text)
    .text                                    0x08000f36   Section        0  _printf_wchar.o(.text)
    .text                                    0x08000f62   Section        0  ferror.o(.text)
    .text                                    0x08000f6a   Section        0  _wcrtomb.o(.text)
    .text                                    0x08000faa   Section       74  sys_stackheap_outer.o(.text)
    .text                                    0x08000ff4   Section       16  rt_ctype_table.o(.text)
    .text                                    0x08001004   Section        8  rt_locale_intlibspace.o(.text)
    .text                                    0x0800100c   Section        0  _printf_fp_infnan.o(.text)
    .text                                    0x0800108c   Section        0  bigflt0.o(.text)
    .text                                    0x08001168   Section        0  exit.o(.text)
    .text                                    0x08001174   Section        8  libspace.o(.text)
    .text                                    0x0800117c   Section      128  strcmpv7m.o(.text)
    CL$$btod_d2e                             0x080011fc   Section       62  btod.o(CL$$btod_d2e)
    CL$$btod_d2e_denorm_low                  0x0800123a   Section       70  btod.o(CL$$btod_d2e_denorm_low)
    CL$$btod_d2e_norm_op1                    0x08001280   Section       96  btod.o(CL$$btod_d2e_norm_op1)
    CL$$btod_div_common                      0x080012e0   Section      824  btod.o(CL$$btod_div_common)
    CL$$btod_e2e                             0x08001618   Section      198  btod.o(CL$$btod_e2e)
    CL$$btod_ediv                            0x080016de   Section       40  btod.o(CL$$btod_ediv)
    CL$$btod_emul                            0x08001706   Section       40  btod.o(CL$$btod_emul)
    CL$$btod_mult_common                     0x0800172e   Section      580  btod.o(CL$$btod_mult_common)
    i.BusFault_Handler                       0x08001972   Section        0  stm32f10x_it.o(i.BusFault_Handler)
    i.DebugMon_Handler                       0x08001976   Section        0  stm32f10x_it.o(i.DebugMon_Handler)
    i.EXTI9_5_IRQHandler                     0x08001978   Section        0  motor.o(i.EXTI9_5_IRQHandler)
    i.EXTI_ClearITPendingBit                 0x080019e0   Section        0  stm32f10x_exti.o(i.EXTI_ClearITPendingBit)
    i.EXTI_GetITStatus                       0x080019ec   Section        0  stm32f10x_exti.o(i.EXTI_GetITStatus)
    i.EXTI_Init                              0x08001a14   Section        0  stm32f10x_exti.o(i.EXTI_Init)
    i.GPIO_EXTILineConfig                    0x08001aa8   Section        0  stm32f10x_gpio.o(i.GPIO_EXTILineConfig)
    i.GPIO_Init                              0x08001ae8   Section        0  stm32f10x_gpio.o(i.GPIO_Init)
    i.GPIO_SetBits                           0x08001bfe   Section        0  stm32f10x_gpio.o(i.GPIO_SetBits)
    i.HardFault_Handler                      0x08001c02   Section        0  stm32f10x_it.o(i.HardFault_Handler)
    i.LED_Init                               0x08001c08   Section        0  led.o(i.LED_Init)
    i.MemManage_Handler                      0x08001c40   Section        0  stm32f10x_it.o(i.MemManage_Handler)
    i.NMI_Handler                            0x08001c44   Section        0  stm32f10x_it.o(i.NMI_Handler)
    i.NVIC_Init                              0x08001c48   Section        0  misc.o(i.NVIC_Init)
    i.NVIC_PriorityGroupConfig               0x08001cb8   Section        0  misc.o(i.NVIC_PriorityGroupConfig)
    i.PendSV_Handler                         0x08001ccc   Section        0  stm32f10x_it.o(i.PendSV_Handler)
    i.RCC_APB1PeriphClockCmd                 0x08001cd0   Section        0  stm32f10x_rcc.o(i.RCC_APB1PeriphClockCmd)
    i.RCC_APB2PeriphClockCmd                 0x08001cf0   Section        0  stm32f10x_rcc.o(i.RCC_APB2PeriphClockCmd)
    i.RCC_GetClocksFreq                      0x08001d10   Section        0  stm32f10x_rcc.o(i.RCC_GetClocksFreq)
    i.SVC_Handler                            0x08001de4   Section        0  stm32f10x_it.o(i.SVC_Handler)
    i.SetSysClock                            0x08001de6   Section        0  system_stm32f10x.o(i.SetSysClock)
    SetSysClock                              0x08001de7   Thumb Code     8  system_stm32f10x.o(i.SetSysClock)
    i.SetSysClockTo72                        0x08001df0   Section        0  system_stm32f10x.o(i.SetSysClockTo72)
    SetSysClockTo72                          0x08001df1   Thumb Code   214  system_stm32f10x.o(i.SetSysClockTo72)
    i.SysTick_CLKSourceConfig                0x08001ed0   Section        0  misc.o(i.SysTick_CLKSourceConfig)
    i.SysTick_Handler                        0x08001ef8   Section        0  stm32f10x_it.o(i.SysTick_Handler)
    i.SystemInit                             0x08001efc   Section        0  system_stm32f10x.o(i.SystemInit)
    i.TIM1_GPIO_Config                       0x08001f5c   Section        0  motor.o(i.TIM1_GPIO_Config)
    TIM1_GPIO_Config                         0x08001f5d   Thumb Code    48  motor.o(i.TIM1_GPIO_Config)
    i.TIM1_Mode_Config                       0x08001f90   Section        0  motor.o(i.TIM1_Mode_Config)
    TIM1_Mode_Config                         0x08001f91   Thumb Code   200  motor.o(i.TIM1_Mode_Config)
    i.TIM1_PWM_Init                          0x0800205c   Section        0  motor.o(i.TIM1_PWM_Init)
    i.TIM2_IRQHandler                        0x08002068   Section        0  motor.o(i.TIM2_IRQHandler)
    i.TIM2_Int_Init                          0x080020bc   Section        0  motor.o(i.TIM2_Int_Init)
    i.TIM3_IRQHandler                        0x08002118   Section        0  timer.o(i.TIM3_IRQHandler)
    i.TIM3_Int_Init                          0x08002140   Section        0  timer.o(i.TIM3_Int_Init)
    i.TIM4_IRQHandler                        0x0800219c   Section        0  usart2.o(i.TIM4_IRQHandler)
    i.TIM4_Init                              0x080021dc   Section        0  usart2.o(i.TIM4_Init)
    i.TIM4_Set                               0x08002234   Section        0  usart2.o(i.TIM4_Set)
    i.TIM_ARRPreloadConfig                   0x08002264   Section        0  stm32f10x_tim.o(i.TIM_ARRPreloadConfig)
    i.TIM_ClearITPendingBit                  0x0800227c   Section        0  stm32f10x_tim.o(i.TIM_ClearITPendingBit)
    i.TIM_Cmd                                0x08002282   Section        0  stm32f10x_tim.o(i.TIM_Cmd)
    i.TIM_CtrlPWMOutputs                     0x0800229a   Section        0  stm32f10x_tim.o(i.TIM_CtrlPWMOutputs)
    i.TIM_GetITStatus                        0x080022b8   Section        0  stm32f10x_tim.o(i.TIM_GetITStatus)
    i.TIM_ITConfig                           0x080022da   Section        0  stm32f10x_tim.o(i.TIM_ITConfig)
    i.TIM_OC2Init                            0x080022ec   Section        0  stm32f10x_tim.o(i.TIM_OC2Init)
    i.TIM_OC2PreloadConfig                   0x08002390   Section        0  stm32f10x_tim.o(i.TIM_OC2PreloadConfig)
    i.TIM_OC3Init                            0x080023ac   Section        0  stm32f10x_tim.o(i.TIM_OC3Init)
    i.TIM_OC3PreloadConfig                   0x0800244c   Section        0  stm32f10x_tim.o(i.TIM_OC3PreloadConfig)
    i.TIM_TimeBaseInit                       0x08002460   Section        0  stm32f10x_tim.o(i.TIM_TimeBaseInit)
    i.USART1_IRQHandler                      0x08002504   Section        0  usart.o(i.USART1_IRQHandler)
    i.USART2_IRQHandler                      0x08002584   Section        0  usart2.o(i.USART2_IRQHandler)
    i.USART2_Init                            0x080025e4   Section        0  usart2.o(i.USART2_Init)
    i.USART_Cmd                              0x080026a8   Section        0  stm32f10x_usart.o(i.USART_Cmd)
    i.USART_GetITStatus                      0x080026c0   Section        0  stm32f10x_usart.o(i.USART_GetITStatus)
    i.USART_ITConfig                         0x08002714   Section        0  stm32f10x_usart.o(i.USART_ITConfig)
    i.USART_Init                             0x08002760   Section        0  stm32f10x_usart.o(i.USART_Init)
    i.USART_ReceiveData                      0x08002838   Section        0  stm32f10x_usart.o(i.USART_ReceiveData)
    i.UsageFault_Handler                     0x08002842   Section        0  stm32f10x_it.o(i.UsageFault_Handler)
    i.__ARM_fpclassify                       0x08002846   Section        0  fpclassify.o(i.__ARM_fpclassify)
    i._is_digit                              0x0800286e   Section        0  __printf_wp.o(i._is_digit)
    i._sys_exit                              0x0800287c   Section        0  usart.o(i._sys_exit)
    i.all_init                               0x08002882   Section        0  all_init.o(i.all_init)
    i.analyse                                0x080028c0   Section        0  usart2.o(i.analyse)
    i.atk_A7_send_cmd                        0x080028d0   Section        0  gprs.o(i.atk_A7_send_cmd)
    i.delay_init                             0x0800294c   Section        0  delay.o(i.delay_init)
    i.delay_ms                               0x08002990   Section        0  delay.o(i.delay_ms)
    i.fputc                                  0x080029dc   Section        0  usart.o(i.fputc)
    i.gprs_init                              0x080029f8   Section        0  gprs.o(i.gprs_init)
    i.hangwai_init                           0x08002ae0   Section        0  motor.o(i.hangwai_init)
    i.main                                   0x08002b54   Section        0  main.o(i.main)
    i.my_delay_ms                            0x08002b6c   Section        0  delay.o(i.my_delay_ms)
    i.send_TCP_message                       0x08002b88   Section        0  gprs.o(i.send_TCP_message)
    i.u2_printf                              0x08002ca4   Section        0  usart2.o(i.u2_printf)
    i.uart_init                              0x08002d14   Section        0  usart.o(i.uart_init)
    locale$$code                             0x08002db4   Section       44  lc_numeric_c.o(locale$$code)
    locale$$code                             0x08002de0   Section       44  lc_ctype_c.o(locale$$code)
    x$fpl$printf1                            0x08002e0c   Section        4  printf1.o(x$fpl$printf1)
    .constdata                               0x08002e10   Section       17  __printf_flags_ss_wp.o(.constdata)
    x$fpl$usenofp                            0x08002e10   Section        0  usenofp.o(x$fpl$usenofp)
    maptable                                 0x08002e10   Data          17  __printf_flags_ss_wp.o(.constdata)
    .constdata                               0x08002e24   Section        8  _printf_wctomb.o(.constdata)
    initial_mbstate                          0x08002e24   Data           8  _printf_wctomb.o(.constdata)
    .constdata                               0x08002e2c   Section       40  _printf_hex_int_ll_ptr.o(.constdata)
    uc_hextab                                0x08002e2c   Data          20  _printf_hex_int_ll_ptr.o(.constdata)
    lc_hextab                                0x08002e40   Data          20  _printf_hex_int_ll_ptr.o(.constdata)
    .constdata                               0x08002e54   Section      148  bigflt0.o(.constdata)
    tenpwrs_x                                0x08002e54   Data          60  bigflt0.o(.constdata)
    tenpwrs_i                                0x08002e90   Data          64  bigflt0.o(.constdata)
    .conststring                             0x08002ee8   Section       24  gprs.o(.conststring)
    locale$$data                             0x08002f20   Section       28  lc_numeric_c.o(locale$$data)
    __lcnum_c_name                           0x08002f24   Data           2  lc_numeric_c.o(locale$$data)
    __lcnum_c_start                          0x08002f2c   Data           0  lc_numeric_c.o(locale$$data)
    __lcnum_c_point                          0x08002f38   Data           0  lc_numeric_c.o(locale$$data)
    __lcnum_c_thousands                      0x08002f3a   Data           0  lc_numeric_c.o(locale$$data)
    __lcnum_c_grouping                       0x08002f3b   Data           0  lc_numeric_c.o(locale$$data)
    locale$$data                             0x08002f3c   Section      272  lc_ctype_c.o(locale$$data)
    __lcnum_c_end                            0x08002f3c   Data           0  lc_numeric_c.o(locale$$data)
    __lcctype_c_name                         0x08002f40   Data           2  lc_ctype_c.o(locale$$data)
    __lcctype_c_start                        0x08002f48   Data           0  lc_ctype_c.o(locale$$data)
    __lcctype_c_end                          0x0800304c   Data           0  lc_ctype_c.o(locale$$data)
    .data                                    0x20000000   Section        9  gprs.o(.data)
    .data                                    0x2000000a   Section        4  usart2.o(.data)
    .data                                    0x2000000e   Section        1  motor.o(.data)
    .data                                    0x20000010   Section       20  system_stm32f10x.o(.data)
    .data                                    0x20000024   Section       20  stm32f10x_rcc.o(.data)
    APBAHBPrescTable                         0x20000024   Data          16  stm32f10x_rcc.o(.data)
    ADCPrescTable                            0x20000034   Data           4  stm32f10x_rcc.o(.data)
    .data                                    0x20000038   Section        4  delay.o(.data)
    fac_us                                   0x20000038   Data           1  delay.o(.data)
    fac_ms                                   0x2000003a   Data           2  delay.o(.data)
    .data                                    0x2000003c   Section        7  usart.o(.data)
    .bss                                     0x20000048   Section     2048  usart2.o(.bss)
    .bss                                     0x20000848   Section      200  usart.o(.bss)
    .bss                                     0x20000910   Section       96  libspace.o(.bss)
    HEAP                                     0x20000970   Section      512  startup_stm32f10x_hd.o(HEAP)
    Heap_Mem                                 0x20000970   Data         512  startup_stm32f10x_hd.o(HEAP)
    STACK                                    0x20000b70   Section     1024  startup_stm32f10x_hd.o(STACK)
    Stack_Mem                                0x20000b70   Data        1024  startup_stm32f10x_hd.o(STACK)
    __initial_sp                             0x20000f70   Data           0  startup_stm32f10x_hd.o(STACK)

    Global Symbols

    Symbol Name                              Value     Ov Type        Size  Object(Section)

    BuildAttributes$$THM_ISAv4$P$D$K$B$S$PE$A:L22UL41UL21$X:L11$S22US41US21$IEEE1$IW$USESV6$~STKCKD$USESV7$~SHL$OTIME$ROPI$IEEEJ$EBA8$UX$STANDARDLIB$REQ8$PRES8$EABIv2 0x00000000   Number         0  anon$$obj.o ABSOLUTE
    __ARM_use_no_argv                        0x00000000   Number         0  main.o ABSOLUTE
    _printf_flags                            0x00000000   Number         0  printf_stubs.o ABSOLUTE
    _printf_return_value                     0x00000000   Number         0  printf_stubs.o ABSOLUTE
    _printf_sizespec                         0x00000000   Number         0  printf_stubs.o ABSOLUTE
    _printf_widthprec                        0x00000000   Number         0  printf_stubs.o ABSOLUTE
    __ARM_exceptions_init                     - Undefined Weak Reference
    __alloca_initialize                       - Undefined Weak Reference
    __arm_preinit_                            - Undefined Weak Reference
    __cpp_initialize__aeabi_                  - Undefined Weak Reference
    __cxa_finalize                            - Undefined Weak Reference
    __sigvec_lookup                           - Undefined Weak Reference
    _atexit_init                              - Undefined Weak Reference
    _call_atexit_fns                          - Undefined Weak Reference
    _clock_init                               - Undefined Weak Reference
    _fp_trap_init                             - Undefined Weak Reference
    _fp_trap_shutdown                         - Undefined Weak Reference
    _get_lc_collate                           - Undefined Weak Reference
    _get_lc_monetary                          - Undefined Weak Reference
    _get_lc_time                              - Undefined Weak Reference
    _getenv_init                              - Undefined Weak Reference
    _handle_redirection                       - Undefined Weak Reference
    _init_alloc                               - Undefined Weak Reference
    _init_user_alloc                          - Undefined Weak Reference
    _initio                                   - Undefined Weak Reference
    _mutex_acquire                            - Undefined Weak Reference
    _mutex_release                            - Undefined Weak Reference
    _printf_fp_hex                            - Undefined Weak Reference
    _printf_mbtowc                            - Undefined Weak Reference
    _printf_wc                                - Undefined Weak Reference
    _rand_init                                - Undefined Weak Reference
    _signal_finish                            - Undefined Weak Reference
    _signal_init                              - Undefined Weak Reference
    _terminate_alloc                          - Undefined Weak Reference
    _terminate_user_alloc                     - Undefined Weak Reference
    _terminateio                              - Undefined Weak Reference
    __Vectors_Size                           0x00000130   Number         0  startup_stm32f10x_hd.o ABSOLUTE
    __Vectors                                0x08000000   Data           4  startup_stm32f10x_hd.o(RESET)
    __Vectors_End                            0x08000130   Data           0  startup_stm32f10x_hd.o(RESET)
    __main                                   0x08000131   Thumb Code     8  __main.o(!!!main)
    __scatterload                            0x08000139   Thumb Code     0  __scatter.o(!!!scatter)
    __scatterload_rt2                        0x08000139   Thumb Code    44  __scatter.o(!!!scatter)
    __scatterload_rt2_thumb_only             0x08000139   Thumb Code     0  __scatter.o(!!!scatter)
    __scatterload_null                       0x08000147   Thumb Code     0  __scatter.o(!!!scatter)
    __scatterload_copy                       0x0800016d   Thumb Code    26  __scatter_copy.o(!!handler_copy)
    __scatterload_zeroinit                   0x08000189   Thumb Code    28  __scatter_zi.o(!!handler_zi)
    _printf_n                                0x080001a5   Thumb Code     0  _printf_n.o(.ARM.Collect$$_printf_percent$$00000001)
    _printf_percent                          0x080001a5   Thumb Code     0  _printf_percent.o(.ARM.Collect$$_printf_percent$$00000000)
    _printf_p                                0x080001ab   Thumb Code     0  _printf_p.o(.ARM.Collect$$_printf_percent$$00000002)
    _printf_f                                0x080001b1   Thumb Code     0  _printf_f.o(.ARM.Collect$$_printf_percent$$00000003)
    _printf_e                                0x080001b7   Thumb Code     0  _printf_e.o(.ARM.Collect$$_printf_percent$$00000004)
    _printf_g                                0x080001bd   Thumb Code     0  _printf_g.o(.ARM.Collect$$_printf_percent$$00000005)
    _printf_a                                0x080001c3   Thumb Code     0  _printf_a.o(.ARM.Collect$$_printf_percent$$00000006)
    _printf_ll                               0x080001c9   Thumb Code     0  _printf_ll.o(.ARM.Collect$$_printf_percent$$00000007)
    _printf_i                                0x080001d3   Thumb Code     0  _printf_i.o(.ARM.Collect$$_printf_percent$$00000008)
    _printf_d                                0x080001d9   Thumb Code     0  _printf_d.o(.ARM.Collect$$_printf_percent$$00000009)
    _printf_u                                0x080001df   Thumb Code     0  _printf_u.o(.ARM.Collect$$_printf_percent$$0000000A)
    _printf_o                                0x080001e5   Thumb Code     0  _printf_o.o(.ARM.Collect$$_printf_percent$$0000000B)
    _printf_x                                0x080001eb   Thumb Code     0  _printf_x.o(.ARM.Collect$$_printf_percent$$0000000C)
    _printf_lli                              0x080001f1   Thumb Code     0  _printf_lli.o(.ARM.Collect$$_printf_percent$$0000000D)
    _printf_lld                              0x080001f7   Thumb Code     0  _printf_lld.o(.ARM.Collect$$_printf_percent$$0000000E)
    _printf_llu                              0x080001fd   Thumb Code     0  _printf_llu.o(.ARM.Collect$$_printf_percent$$0000000F)
    _printf_llo                              0x08000203   Thumb Code     0  _printf_llo.o(.ARM.Collect$$_printf_percent$$00000010)
    _printf_llx                              0x08000209   Thumb Code     0  _printf_llx.o(.ARM.Collect$$_printf_percent$$00000011)
    _printf_l                                0x0800020f   Thumb Code     0  _printf_l.o(.ARM.Collect$$_printf_percent$$00000012)
    _printf_c                                0x08000219   Thumb Code     0  _printf_c.o(.ARM.Collect$$_printf_percent$$00000013)
    _printf_s                                0x0800021f   Thumb Code     0  _printf_s.o(.ARM.Collect$$_printf_percent$$00000014)
    _printf_lc                               0x08000225   Thumb Code     0  _printf_lc.o(.ARM.Collect$$_printf_percent$$00000015)
    _printf_ls                               0x0800022b   Thumb Code     0  _printf_ls.o(.ARM.Collect$$_printf_percent$$00000016)
    _printf_percent_end                      0x08000231   Thumb Code     0  _printf_percent_end.o(.ARM.Collect$$_printf_percent$$00000017)
    __rt_lib_init                            0x08000235   Thumb Code     0  libinit.o(.ARM.Collect$$libinit$$00000000)
    __rt_lib_init_fp_1                       0x08000237   Thumb Code     0  libinit2.o(.ARM.Collect$$libinit$$00000002)
    __rt_lib_init_heap_1                     0x08000237   Thumb Code     0  libinit2.o(.ARM.Collect$$libinit$$0000000A)
    __rt_lib_init_lc_common                  0x08000237   Thumb Code     0  libinit2.o(.ARM.Collect$$libinit$$0000000F)
    __rt_lib_init_preinit_1                  0x08000237   Thumb Code     0  libinit2.o(.ARM.Collect$$libinit$$00000004)
    __rt_lib_init_rand_1                     0x08000237   Thumb Code     0  libinit2.o(.ARM.Collect$$libinit$$0000000E)
    __rt_lib_init_user_alloc_1               0x08000237   Thumb Code     0  libinit2.o(.ARM.Collect$$libinit$$0000000C)
    __rt_lib_init_lc_collate_1               0x0800023d   Thumb Code     0  libinit2.o(.ARM.Collect$$libinit$$00000011)
    __rt_lib_init_lc_ctype_2                 0x0800023d   Thumb Code     0  libinit2.o(.ARM.Collect$$libinit$$00000012)
    __rt_lib_init_lc_ctype_1                 0x08000249   Thumb Code     0  libinit2.o(.ARM.Collect$$libinit$$00000013)
    __rt_lib_init_lc_monetary_1              0x08000249   Thumb Code     0  libinit2.o(.ARM.Collect$$libinit$$00000015)
    __rt_lib_init_lc_numeric_2               0x08000249   Thumb Code     0  libinit2.o(.ARM.Collect$$libinit$$00000016)
    __rt_lib_init_alloca_1                   0x08000253   Thumb Code     0  libinit2.o(.ARM.Collect$$libinit$$0000002E)
    __rt_lib_init_argv_1                     0x08000253   Thumb Code     0  libinit2.o(.ARM.Collect$$libinit$$0000002C)
    __rt_lib_init_atexit_1                   0x08000253   Thumb Code     0  libinit2.o(.ARM.Collect$$libinit$$0000001B)
    __rt_lib_init_clock_1                    0x08000253   Thumb Code     0  libinit2.o(.ARM.Collect$$libinit$$00000021)
    __rt_lib_init_cpp_1                      0x08000253   Thumb Code     0  libinit2.o(.ARM.Collect$$libinit$$00000032)
    __rt_lib_init_exceptions_1               0x08000253   Thumb Code     0  libinit2.o(.ARM.Collect$$libinit$$00000030)
    __rt_lib_init_fp_trap_1                  0x08000253   Thumb Code     0  libinit2.o(.ARM.Collect$$libinit$$0000001F)
    __rt_lib_init_getenv_1                   0x08000253   Thumb Code     0  libinit2.o(.ARM.Collect$$libinit$$00000023)
    __rt_lib_init_lc_numeric_1               0x08000253   Thumb Code     0  libinit2.o(.ARM.Collect$$libinit$$00000017)
    __rt_lib_init_lc_time_1                  0x08000253   Thumb Code     0  libinit2.o(.ARM.Collect$$libinit$$00000019)
    __rt_lib_init_return                     0x08000253   Thumb Code     0  libinit2.o(.ARM.Collect$$libinit$$00000033)
    __rt_lib_init_signal_1                   0x08000253   Thumb Code     0  libinit2.o(.ARM.Collect$$libinit$$0000001D)
    __rt_lib_init_stdio_1                    0x08000253   Thumb Code     0  libinit2.o(.ARM.Collect$$libinit$$00000025)
    __rt_lib_shutdown                        0x08000255   Thumb Code     0  libshutdown.o(.ARM.Collect$$libshutdown$$00000000)
    __rt_lib_shutdown_fp_trap_1              0x08000257   Thumb Code     0  libshutdown2.o(.ARM.Collect$$libshutdown$$00000006)
    __rt_lib_shutdown_heap_1                 0x08000257   Thumb Code     0  libshutdown2.o(.ARM.Collect$$libshutdown$$0000000E)
    __rt_lib_shutdown_return                 0x08000257   Thumb Code     0  libshutdown2.o(.ARM.Collect$$libshutdown$$0000000F)
    __rt_lib_shutdown_signal_1               0x08000257   Thumb Code     0  libshutdown2.o(.ARM.Collect$$libshutdown$$00000009)
    __rt_lib_shutdown_stdio_1                0x08000257   Thumb Code     0  libshutdown2.o(.ARM.Collect$$libshutdown$$00000003)
    __rt_lib_shutdown_user_alloc_1           0x08000257   Thumb Code     0  libshutdown2.o(.ARM.Collect$$libshutdown$$0000000B)
    __rt_entry                               0x08000259   Thumb Code     0  __rtentry.o(.ARM.Collect$$rtentry$$00000000)
    __rt_entry_presh_1                       0x08000259   Thumb Code     0  __rtentry2.o(.ARM.Collect$$rtentry$$00000002)
    __rt_entry_sh                            0x08000259   Thumb Code     0  __rtentry4.o(.ARM.Collect$$rtentry$$00000004)
    __rt_entry_li                            0x0800025f   Thumb Code     0  __rtentry2.o(.ARM.Collect$$rtentry$$0000000A)
    __rt_entry_postsh_1                      0x0800025f   Thumb Code     0  __rtentry2.o(.ARM.Collect$$rtentry$$00000009)
    __rt_entry_main                          0x08000263   Thumb Code     0  __rtentry2.o(.ARM.Collect$$rtentry$$0000000D)
    __rt_entry_postli_1                      0x08000263   Thumb Code     0  __rtentry2.o(.ARM.Collect$$rtentry$$0000000C)
    __rt_exit                                0x0800026b   Thumb Code     0  rtexit.o(.ARM.Collect$$rtexit$$00000000)
    __rt_exit_ls                             0x0800026d   Thumb Code     0  rtexit2.o(.ARM.Collect$$rtexit$$00000003)
    __rt_exit_prels_1                        0x0800026d   Thumb Code     0  rtexit2.o(.ARM.Collect$$rtexit$$00000002)
    __rt_exit_exit                           0x08000271   Thumb Code     0  rtexit2.o(.ARM.Collect$$rtexit$$00000004)
    Reset_Handler                            0x08000279   Thumb Code     8  startup_stm32f10x_hd.o(.text)
    ADC1_2_IRQHandler                        0x08000293   Thumb Code     0  startup_stm32f10x_hd.o(.text)
    ADC3_IRQHandler                          0x08000293   Thumb Code     0  startup_stm32f10x_hd.o(.text)
    CAN1_RX1_IRQHandler                      0x08000293   Thumb Code     0  startup_stm32f10x_hd.o(.text)
    CAN1_SCE_IRQHandler                      0x08000293   Thumb Code     0  startup_stm32f10x_hd.o(.text)
    DMA1_Channel1_IRQHandler                 0x08000293   Thumb Code     0  startup_stm32f10x_hd.o(.text)
    DMA1_Channel2_IRQHandler                 0x08000293   Thumb Code     0  startup_stm32f10x_hd.o(.text)
    DMA1_Channel3_IRQHandler                 0x08000293   Thumb Code     0  startup_stm32f10x_hd.o(.text)
    DMA1_Channel4_IRQHandler                 0x08000293   Thumb Code     0  startup_stm32f10x_hd.o(.text)
    DMA1_Channel5_IRQHandler                 0x08000293   Thumb Code     0  startup_stm32f10x_hd.o(.text)
    DMA1_Channel6_IRQHandler                 0x08000293   Thumb Code     0  startup_stm32f10x_hd.o(.text)
    DMA1_Channel7_IRQHandler                 0x08000293   Thumb Code     0  startup_stm32f10x_hd.o(.text)
    DMA2_Channel1_IRQHandler                 0x08000293   Thumb Code     0  startup_stm32f10x_hd.o(.text)
    DMA2_Channel2_IRQHandler                 0x08000293   Thumb Code     0  startup_stm32f10x_hd.o(.text)
    DMA2_Channel3_IRQHandler                 0x08000293   Thumb Code     0  startup_stm32f10x_hd.o(.text)
    DMA2_Channel4_5_IRQHandler               0x08000293   Thumb Code     0  startup_stm32f10x_hd.o(.text)
    EXTI0_IRQHandler                         0x08000293   Thumb Code     0  startup_stm32f10x_hd.o(.text)
    EXTI15_10_IRQHandler                     0x08000293   Thumb Code     0  startup_stm32f10x_hd.o(.text)
    EXTI1_IRQHandler                         0x08000293   Thumb Code     0  startup_stm32f10x_hd.o(.text)
    EXTI2_IRQHandler                         0x08000293   Thumb Code     0  startup_stm32f10x_hd.o(.text)
    EXTI3_IRQHandler                         0x08000293   Thumb Code     0  startup_stm32f10x_hd.o(.text)
    EXTI4_IRQHandler                         0x08000293   Thumb Code     0  startup_stm32f10x_hd.o(.text)
    FLASH_IRQHandler                         0x08000293   Thumb Code     0  startup_stm32f10x_hd.o(.text)
    FSMC_IRQHandler                          0x08000293   Thumb Code     0  startup_stm32f10x_hd.o(.text)
    I2C1_ER_IRQHandler                       0x08000293   Thumb Code     0  startup_stm32f10x_hd.o(.text)
    I2C1_EV_IRQHandler                       0x08000293   Thumb Code     0  startup_stm32f10x_hd.o(.text)
    I2C2_ER_IRQHandler                       0x08000293   Thumb Code     0  startup_stm32f10x_hd.o(.text)
    I2C2_EV_IRQHandler                       0x08000293   Thumb Code     0  startup_stm32f10x_hd.o(.text)
    PVD_IRQHandler                           0x08000293   Thumb Code     0  startup_stm32f10x_hd.o(.text)
    RCC_IRQHandler                           0x08000293   Thumb Code     0  startup_stm32f10x_hd.o(.text)
    RTCAlarm_IRQHandler                      0x08000293   Thumb Code     0  startup_stm32f10x_hd.o(.text)
    RTC_IRQHandler                           0x08000293   Thumb Code     0  startup_stm32f10x_hd.o(.text)
    SDIO_IRQHandler                          0x08000293   Thumb Code     0  startup_stm32f10x_hd.o(.text)
    SPI1_IRQHandler                          0x08000293   Thumb Code     0  startup_stm32f10x_hd.o(.text)
    SPI2_IRQHandler                          0x08000293   Thumb Code     0  startup_stm32f10x_hd.o(.text)
    SPI3_IRQHandler                          0x08000293   Thumb Code     0  startup_stm32f10x_hd.o(.text)
    TAMPER_IRQHandler                        0x08000293   Thumb Code     0  startup_stm32f10x_hd.o(.text)
    TIM1_BRK_IRQHandler                      0x08000293   Thumb Code     0  startup_stm32f10x_hd.o(.text)
    TIM1_CC_IRQHandler                       0x08000293   Thumb Code     0  startup_stm32f10x_hd.o(.text)
    TIM1_TRG_COM_IRQHandler                  0x08000293   Thumb Code     0  startup_stm32f10x_hd.o(.text)
    TIM1_UP_IRQHandler                       0x08000293   Thumb Code     0  startup_stm32f10x_hd.o(.text)
    TIM5_IRQHandler                          0x08000293   Thumb Code     0  startup_stm32f10x_hd.o(.text)
    TIM6_IRQHandler                          0x08000293   Thumb Code     0  startup_stm32f10x_hd.o(.text)
    TIM7_IRQHandler                          0x08000293   Thumb Code     0  startup_stm32f10x_hd.o(.text)
    TIM8_BRK_IRQHandler                      0x08000293   Thumb Code     0  startup_stm32f10x_hd.o(.text)
    TIM8_CC_IRQHandler                       0x08000293   Thumb Code     0  startup_stm32f10x_hd.o(.text)
    TIM8_TRG_COM_IRQHandler                  0x08000293   Thumb Code     0  startup_stm32f10x_hd.o(.text)
    TIM8_UP_IRQHandler                       0x08000293   Thumb Code     0  startup_stm32f10x_hd.o(.text)
    UART4_IRQHandler                         0x08000293   Thumb Code     0  startup_stm32f10x_hd.o(.text)
    UART5_IRQHandler                         0x08000293   Thumb Code     0  startup_stm32f10x_hd.o(.text)
    USART3_IRQHandler                        0x08000293   Thumb Code     0  startup_stm32f10x_hd.o(.text)
    USBWakeUp_IRQHandler                     0x08000293   Thumb Code     0  startup_stm32f10x_hd.o(.text)
    USB_HP_CAN1_TX_IRQHandler                0x08000293   Thumb Code     0  startup_stm32f10x_hd.o(.text)
    USB_LP_CAN1_RX0_IRQHandler               0x08000293   Thumb Code     0  startup_stm32f10x_hd.o(.text)
    WWDG_IRQHandler                          0x08000293   Thumb Code     0  startup_stm32f10x_hd.o(.text)
    __user_initial_stackheap                 0x08000295   Thumb Code     0  startup_stm32f10x_hd.o(.text)
    __use_no_semihosting                     0x080002b9   Thumb Code     2  use_no_semi_2.o(.text)
    __c89printf                              0x080002bd   Thumb Code    20  c89printf.o(.text)
    __c89vsprintf                            0x080002d5   Thumb Code    32  c89vsprintf.o(.text)
    __2printf                                0x080002f9   Thumb Code    20  __2printf.o(.text)
    _printf_str                              0x08000311   Thumb Code    82  _printf_str.o(.text)
    __printf                                 0x08000365   Thumb Code   388  __printf_flags_ss_wp.o(.text)
    strstr                                   0x080004ed   Thumb Code    36  strstr.o(.text)
    strcpy                                   0x08000511   Thumb Code    72  strcpy.o(.text)
    strlen                                   0x08000559   Thumb Code    62  strlen.o(.text)
    strcat                                   0x08000597   Thumb Code    24  strcat.o(.text)
    __aeabi_memclr4                          0x080005af   Thumb Code     0  rt_memclr_w.o(.text)
    __aeabi_memclr8                          0x080005af   Thumb Code     0  rt_memclr_w.o(.text)
    __rt_memclr_w                            0x080005af   Thumb Code    78  rt_memclr_w.o(.text)
    _memset_w                                0x080005b3   Thumb Code     0  rt_memclr_w.o(.text)
    __use_two_region_memory                  0x080005fd   Thumb Code     2  heapauxi.o(.text)
    __rt_heap_escrow$2region                 0x080005ff   Thumb Code     2  heapauxi.o(.text)
    __rt_heap_expand$2region                 0x08000601   Thumb Code     2  heapauxi.o(.text)
    __I$use$semihosting                      0x08000603   Thumb Code     0  use_no_semi.o(.text)
    __use_no_semihosting_swi                 0x08000603   Thumb Code     2  use_no_semi.o(.text)
    _printf_pre_padding                      0x08000605   Thumb Code    44  _printf_pad.o(.text)
    _printf_post_padding                     0x08000631   Thumb Code    34  _printf_pad.o(.text)
    _printf_truncate_signed                  0x08000653   Thumb Code    18  _printf_truncate.o(.text)
    _printf_truncate_unsigned                0x08000665   Thumb Code    18  _printf_truncate.o(.text)
    _printf_int_dec                          0x08000679   Thumb Code   104  _printf_dec.o(.text)
    _printf_charcount                        0x080006f1   Thumb Code    40  _printf_charcount.o(.text)
    _printf_char_common                      0x08000723   Thumb Code    32  _printf_char_common.o(.text)
    _sputc                                   0x08000749   Thumb Code    10  _sputc.o(.text)
    _printf_cs_common                        0x08000753   Thumb Code    20  _printf_char.o(.text)
    _printf_char                             0x08000767   Thumb Code    16  _printf_char.o(.text)
    _printf_string                           0x08000777   Thumb Code     8  _printf_char.o(.text)
    _printf_char_file                        0x08000781   Thumb Code    32  _printf_char_file.o(.text)
    _printf_wctomb                           0x080007a5   Thumb Code   182  _printf_wctomb.o(.text)
    _printf_longlong_dec                     0x08000861   Thumb Code   108  _printf_longlong_dec.o(.text)
    _printf_longlong_oct                     0x080008dd   Thumb Code    68  _printf_oct_int_ll.o(.text)
    _printf_int_oct                          0x08000921   Thumb Code    24  _printf_oct_int_ll.o(.text)
    _printf_ll_oct                           0x08000939   Thumb Code    12  _printf_oct_int_ll.o(.text)
    _printf_longlong_hex                     0x0800094d   Thumb Code    86  _printf_hex_int_ll_ptr.o(.text)
    _printf_int_hex                          0x080009a3   Thumb Code    28  _printf_hex_int_ll_ptr.o(.text)
    _printf_ll_hex                           0x080009bf   Thumb Code    12  _printf_hex_int_ll_ptr.o(.text)
    _printf_hex_ptr                          0x080009cb   Thumb Code    18  _printf_hex_int_ll_ptr.o(.text)
    _ll_udiv10                               0x080009e1   Thumb Code   138  lludiv10.o(.text)
    _printf_int_common                       0x08000a6b   Thumb Code   178  _printf_intcommon.o(.text)
    __lib_sel_fp_printf                      0x08000b1d   Thumb Code     2  _printf_fp_dec.o(.text)
    _printf_fp_dec_real                      0x08000ccb   Thumb Code   620  _printf_fp_dec.o(.text)
    _printf_lcs_common                       0x08000f37   Thumb Code    20  _printf_wchar.o(.text)
    _printf_wchar                            0x08000f4b   Thumb Code    16  _printf_wchar.o(.text)
    _printf_wstring                          0x08000f5b   Thumb Code     8  _printf_wchar.o(.text)
    ferror                                   0x08000f63   Thumb Code     8  ferror.o(.text)
    _wcrtomb                                 0x08000f6b   Thumb Code    64  _wcrtomb.o(.text)
    __user_setup_stackheap                   0x08000fab   Thumb Code    74  sys_stackheap_outer.o(.text)
    __rt_ctype_table                         0x08000ff5   Thumb Code    16  rt_ctype_table.o(.text)
    __rt_locale                              0x08001005   Thumb Code     8  rt_locale_intlibspace.o(.text)
    _printf_fp_infnan                        0x0800100d   Thumb Code   112  _printf_fp_infnan.o(.text)
    _btod_etento                             0x0800108d   Thumb Code   216  bigflt0.o(.text)
    exit                                     0x08001169   Thumb Code    12  exit.o(.text)
    __user_libspace                          0x08001175   Thumb Code     8  libspace.o(.text)
    __user_perproc_libspace                  0x08001175   Thumb Code     0  libspace.o(.text)
    __user_perthread_libspace                0x08001175   Thumb Code     0  libspace.o(.text)
    strcmp                                   0x0800117d   Thumb Code   128  strcmpv7m.o(.text)
    _btod_d2e                                0x080011fd   Thumb Code    62  btod.o(CL$$btod_d2e)
    _d2e_denorm_low                          0x0800123b   Thumb Code    70  btod.o(CL$$btod_d2e_denorm_low)
    _d2e_norm_op1                            0x08001281   Thumb Code    96  btod.o(CL$$btod_d2e_norm_op1)
    __btod_div_common                        0x080012e1   Thumb Code   696  btod.o(CL$$btod_div_common)
    _e2e                                     0x08001619   Thumb Code   198  btod.o(CL$$btod_e2e)
    _btod_ediv                               0x080016df   Thumb Code    40  btod.o(CL$$btod_ediv)
    _btod_emul                               0x08001707   Thumb Code    40  btod.o(CL$$btod_emul)
    __btod_mult_common                       0x0800172f   Thumb Code   580  btod.o(CL$$btod_mult_common)
    BusFault_Handler                         0x08001973   Thumb Code     4  stm32f10x_it.o(i.BusFault_Handler)
    DebugMon_Handler                         0x08001977   Thumb Code     2  stm32f10x_it.o(i.DebugMon_Handler)
    EXTI9_5_IRQHandler                       0x08001979   Thumb Code    92  motor.o(i.EXTI9_5_IRQHandler)
    EXTI_ClearITPendingBit                   0x080019e1   Thumb Code     6  stm32f10x_exti.o(i.EXTI_ClearITPendingBit)
    EXTI_GetITStatus                         0x080019ed   Thumb Code    34  stm32f10x_exti.o(i.EXTI_GetITStatus)
    EXTI_Init                                0x08001a15   Thumb Code   142  stm32f10x_exti.o(i.EXTI_Init)
    GPIO_EXTILineConfig                      0x08001aa9   Thumb Code    60  stm32f10x_gpio.o(i.GPIO_EXTILineConfig)
    GPIO_Init                                0x08001ae9   Thumb Code   278  stm32f10x_gpio.o(i.GPIO_Init)
    GPIO_SetBits                             0x08001bff   Thumb Code     4  stm32f10x_gpio.o(i.GPIO_SetBits)
    HardFault_Handler                        0x08001c03   Thumb Code     4  stm32f10x_it.o(i.HardFault_Handler)
    LED_Init                                 0x08001c09   Thumb Code    50  led.o(i.LED_Init)
    MemManage_Handler                        0x08001c41   Thumb Code     4  stm32f10x_it.o(i.MemManage_Handler)
    NMI_Handler                              0x08001c45   Thumb Code     2  stm32f10x_it.o(i.NMI_Handler)
    NVIC_Init                                0x08001c49   Thumb Code   100  misc.o(i.NVIC_Init)
    NVIC_PriorityGroupConfig                 0x08001cb9   Thumb Code    10  misc.o(i.NVIC_PriorityGroupConfig)
    PendSV_Handler                           0x08001ccd   Thumb Code     2  stm32f10x_it.o(i.PendSV_Handler)
    RCC_APB1PeriphClockCmd                   0x08001cd1   Thumb Code    26  stm32f10x_rcc.o(i.RCC_APB1PeriphClockCmd)
    RCC_APB2PeriphClockCmd                   0x08001cf1   Thumb Code    26  stm32f10x_rcc.o(i.RCC_APB2PeriphClockCmd)
    RCC_GetClocksFreq                        0x08001d11   Thumb Code   192  stm32f10x_rcc.o(i.RCC_GetClocksFreq)
    SVC_Handler                              0x08001de5   Thumb Code     2  stm32f10x_it.o(i.SVC_Handler)
    SysTick_CLKSourceConfig                  0x08001ed1   Thumb Code    40  misc.o(i.SysTick_CLKSourceConfig)
    SysTick_Handler                          0x08001ef9   Thumb Code     2  stm32f10x_it.o(i.SysTick_Handler)
    SystemInit                               0x08001efd   Thumb Code    78  system_stm32f10x.o(i.SystemInit)
    TIM1_PWM_Init                            0x0800205d   Thumb Code    12  motor.o(i.TIM1_PWM_Init)
    TIM2_IRQHandler                          0x08002069   Thumb Code    72  motor.o(i.TIM2_IRQHandler)
    TIM2_Int_Init                            0x080020bd   Thumb Code    92  motor.o(i.TIM2_Int_Init)
    TIM3_IRQHandler                          0x08002119   Thumb Code    28  timer.o(i.TIM3_IRQHandler)
    TIM3_Int_Init                            0x08002141   Thumb Code    88  timer.o(i.TIM3_Int_Init)
    TIM4_IRQHandler                          0x0800219d   Thumb Code    50  usart2.o(i.TIM4_IRQHandler)
    TIM4_Init                                0x080021dd   Thumb Code    82  usart2.o(i.TIM4_Init)
    TIM4_Set                                 0x08002235   Thumb Code    44  usart2.o(i.TIM4_Set)
    TIM_ARRPreloadConfig                     0x08002265   Thumb Code    24  stm32f10x_tim.o(i.TIM_ARRPreloadConfig)
    TIM_ClearITPendingBit                    0x0800227d   Thumb Code     6  stm32f10x_tim.o(i.TIM_ClearITPendingBit)
    TIM_Cmd                                  0x08002283   Thumb Code    24  stm32f10x_tim.o(i.TIM_Cmd)
    TIM_CtrlPWMOutputs                       0x0800229b   Thumb Code    30  stm32f10x_tim.o(i.TIM_CtrlPWMOutputs)
    TIM_GetITStatus                          0x080022b9   Thumb Code    34  stm32f10x_tim.o(i.TIM_GetITStatus)
    TIM_ITConfig                             0x080022db   Thumb Code    18  stm32f10x_tim.o(i.TIM_ITConfig)
    TIM_OC2Init                              0x080022ed   Thumb Code   154  stm32f10x_tim.o(i.TIM_OC2Init)
    TIM_OC2PreloadConfig                     0x08002391   Thumb Code    26  stm32f10x_tim.o(i.TIM_OC2PreloadConfig)
    TIM_OC3Init                              0x080023ad   Thumb Code   150  stm32f10x_tim.o(i.TIM_OC3Init)
    TIM_OC3PreloadConfig                     0x0800244d   Thumb Code    18  stm32f10x_tim.o(i.TIM_OC3PreloadConfig)
    TIM_TimeBaseInit                         0x08002461   Thumb Code   122  stm32f10x_tim.o(i.TIM_TimeBaseInit)
    USART1_IRQHandler                        0x08002505   Thumb Code   116  usart.o(i.USART1_IRQHandler)
    USART2_IRQHandler                        0x08002585   Thumb Code    80  usart2.o(i.USART2_IRQHandler)
    USART2_Init                              0x080025e5   Thumb Code   176  usart2.o(i.USART2_Init)
    USART_Cmd                                0x080026a9   Thumb Code    24  stm32f10x_usart.o(i.USART_Cmd)
    USART_GetITStatus                        0x080026c1   Thumb Code    84  stm32f10x_usart.o(i.USART_GetITStatus)
    USART_ITConfig                           0x08002715   Thumb Code    74  stm32f10x_usart.o(i.USART_ITConfig)
    USART_Init                               0x08002761   Thumb Code   210  stm32f10x_usart.o(i.USART_Init)
    USART_ReceiveData                        0x08002839   Thumb Code    10  stm32f10x_usart.o(i.USART_ReceiveData)
    UsageFault_Handler                       0x08002843   Thumb Code     4  stm32f10x_it.o(i.UsageFault_Handler)
    __ARM_fpclassify                         0x08002847   Thumb Code    40  fpclassify.o(i.__ARM_fpclassify)
    _is_digit                                0x0800286f   Thumb Code    14  __printf_wp.o(i._is_digit)
    _sys_exit                                0x0800287d   Thumb Code     6  usart.o(i._sys_exit)
    all_init                                 0x08002883   Thumb Code    62  all_init.o(i.all_init)
    analyse                                  0x080028c1   Thumb Code    12  usart2.o(i.analyse)
    atk_A7_send_cmd                          0x080028d1   Thumb Code   106  gprs.o(i.atk_A7_send_cmd)
    delay_init                               0x0800294d   Thumb Code    50  delay.o(i.delay_init)
    delay_ms                                 0x08002991   Thumb Code    72  delay.o(i.delay_ms)
    fputc                                    0x080029dd   Thumb Code    24  usart.o(i.fputc)
    gprs_init                                0x080029f9   Thumb Code   114  gprs.o(i.gprs_init)
    hangwai_init                             0x08002ae1   Thumb Code   112  motor.o(i.hangwai_init)
    main                                     0x08002b55   Thumb Code    20  main.o(i.main)
    my_delay_ms                              0x08002b6d   Thumb Code    28  delay.o(i.my_delay_ms)
    send_TCP_message                         0x08002b89   Thumb Code   190  gprs.o(i.send_TCP_message)
    u2_printf                                0x08002ca5   Thumb Code    84  usart2.o(i.u2_printf)
    uart_init                                0x08002d15   Thumb Code   152  usart.o(i.uart_init)
    _get_lc_numeric                          0x08002db5   Thumb Code    44  lc_numeric_c.o(locale$$code)
    _get_lc_ctype                            0x08002de1   Thumb Code    44  lc_ctype_c.o(locale$$code)
    _printf_fp_dec                           0x08002e0d   Thumb Code     4  printf1.o(x$fpl$printf1)
    __I$use$fp                               0x08002e10   Number         0  usenofp.o(x$fpl$usenofp)
    Region$$Table$$Base                      0x08002f00   Number         0  anon$$obj.o(Region$$Table)
    Region$$Table$$Limit                     0x08002f20   Number         0  anon$$obj.o(Region$$Table)
    __ctype                                  0x08002f49   Data           0  lc_ctype_c.o(locale$$data)
    ip_num                                   0x20000000   Data           4  gprs.o(.data)
    port_num                                 0x20000004   Data           4  gprs.o(.data)
    SEND_READY                               0x20000008   Data           1  gprs.o(.data)
    backstage                                0x2000000a   Data           1  usart2.o(.data)
    USART2_RX_STA                            0x2000000c   Data           2  usart2.o(.data)
    kaigai                                   0x2000000e   Data           1  motor.o(.data)
    SystemCoreClock                          0x20000010   Data           4  system_stm32f10x.o(.data)
    AHBPrescTable                            0x20000014   Data          16  system_stm32f10x.o(.data)
    __stdout                                 0x2000003c   Data           4  usart.o(.data)
    USART_RX_STA                             0x20000040   Data           2  usart.o(.data)
    confirm_flag                             0x20000042   Data           1  usart.o(.data)
    USART2_TX_BUF                            0x20000048   Data        1024  usart2.o(.bss)
    USART2_RX_BUF                            0x20000448   Data        1024  usart2.o(.bss)
    USART_RX_BUF                             0x20000848   Data         200  usart.o(.bss)
    __libspace_start                         0x20000910   Data          96  libspace.o(.bss)
    __temporary_stack_top$libspace           0x20000970   Data           0  libspace.o(.bss)



==============================================================================

Memory Map of the image

  Image Entry point : 0x08000131

  Load Region LR_IROM1 (Base: 0x08000000, Size: 0x00003090, Max: 0x00010000, ABSOLUTE)

    Execution Region ER_IROM1 (Base: 0x08000000, Size: 0x0000304c, Max: 0x00010000, ABSOLUTE)

    Base Addr    Size         Type   Attr      Idx    E Section Name        Object

    0x08000000   0x00000130   Data   RO          355    RESET               startup_stm32f10x_hd.o
    0x08000130   0x00000008   Code   RO         2308  * !!!main             c_w.l(__main.o)
    0x08000138   0x00000034   Code   RO         2597    !!!scatter          c_w.l(__scatter.o)
    0x0800016c   0x0000001a   Code   RO         2599    !!handler_copy      c_w.l(__scatter_copy.o)
    0x08000186   0x00000002   PAD
    0x08000188   0x0000001c   Code   RO         2601    !!handler_zi        c_w.l(__scatter_zi.o)
    0x080001a4   0x00000000   Code   RO         2295    .ARM.Collect$$_printf_percent$$00000000  c_w.l(_printf_percent.o)
    0x080001a4   0x00000006   Code   RO         2362    .ARM.Collect$$_printf_percent$$00000001  c_w.l(_printf_n.o)
    0x080001aa   0x00000006   Code   RO         2364    .ARM.Collect$$_printf_percent$$00000002  c_w.l(_printf_p.o)
    0x080001b0   0x00000006   Code   RO         2369    .ARM.Collect$$_printf_percent$$00000003  c_w.l(_printf_f.o)
    0x080001b6   0x00000006   Code   RO         2370    .ARM.Collect$$_printf_percent$$00000004  c_w.l(_printf_e.o)
    0x080001bc   0x00000006   Code   RO         2371    .ARM.Collect$$_printf_percent$$00000005  c_w.l(_printf_g.o)
    0x080001c2   0x00000006   Code   RO         2372    .ARM.Collect$$_printf_percent$$00000006  c_w.l(_printf_a.o)
    0x080001c8   0x0000000a   Code   RO         2377    .ARM.Collect$$_printf_percent$$00000007  c_w.l(_printf_ll.o)
    0x080001d2   0x00000006   Code   RO         2366    .ARM.Collect$$_printf_percent$$00000008  c_w.l(_printf_i.o)
    0x080001d8   0x00000006   Code   RO         2367    .ARM.Collect$$_printf_percent$$00000009  c_w.l(_printf_d.o)
    0x080001de   0x00000006   Code   RO         2368    .ARM.Collect$$_printf_percent$$0000000A  c_w.l(_printf_u.o)
    0x080001e4   0x00000006   Code   RO         2365    .ARM.Collect$$_printf_percent$$0000000B  c_w.l(_printf_o.o)
    0x080001ea   0x00000006   Code   RO         2363    .ARM.Collect$$_printf_percent$$0000000C  c_w.l(_printf_x.o)
    0x080001f0   0x00000006   Code   RO         2374    .ARM.Collect$$_printf_percent$$0000000D  c_w.l(_printf_lli.o)
    0x080001f6   0x00000006   Code   RO         2375    .ARM.Collect$$_printf_percent$$0000000E  c_w.l(_printf_lld.o)
    0x080001fc   0x00000006   Code   RO         2376    .ARM.Collect$$_printf_percent$$0000000F  c_w.l(_printf_llu.o)
    0x08000202   0x00000006   Code   RO         2381    .ARM.Collect$$_printf_percent$$00000010  c_w.l(_printf_llo.o)
    0x08000208   0x00000006   Code   RO         2382    .ARM.Collect$$_printf_percent$$00000011  c_w.l(_printf_llx.o)
    0x0800020e   0x0000000a   Code   RO         2378    .ARM.Collect$$_printf_percent$$00000012  c_w.l(_printf_l.o)
    0x08000218   0x00000006   Code   RO         2361    .ARM.Collect$$_printf_percent$$00000013  c_w.l(_printf_c.o)
    0x0800021e   0x00000006   Code   RO         2294    .ARM.Collect$$_printf_percent$$00000014  c_w.l(_printf_s.o)
    0x08000224   0x00000006   Code   RO         2379    .ARM.Collect$$_printf_percent$$00000015  c_w.l(_printf_lc.o)
    0x0800022a   0x00000006   Code   RO         2380    .ARM.Collect$$_printf_percent$$00000016  c_w.l(_printf_ls.o)
    0x08000230   0x00000004   Code   RO         2373    .ARM.Collect$$_printf_percent$$00000017  c_w.l(_printf_percent_end.o)
    0x08000234   0x00000002   Code   RO         2462    .ARM.Collect$$libinit$$00000000  c_w.l(libinit.o)
    0x08000236   0x00000000   Code   RO         2479    .ARM.Collect$$libinit$$00000002  c_w.l(libinit2.o)
    0x08000236   0x00000000   Code   RO         2481    .ARM.Collect$$libinit$$00000004  c_w.l(libinit2.o)
    0x08000236   0x00000000   Code   RO         2484    .ARM.Collect$$libinit$$0000000A  c_w.l(libinit2.o)
    0x08000236   0x00000000   Code   RO         2486    .ARM.Collect$$libinit$$0000000C  c_w.l(libinit2.o)
    0x08000236   0x00000000   Code   RO         2488    .ARM.Collect$$libinit$$0000000E  c_w.l(libinit2.o)
    0x08000236   0x00000006   Code   RO         2489    .ARM.Collect$$libinit$$0000000F  c_w.l(libinit2.o)
    0x0800023c   0x00000000   Code   RO         2491    .ARM.Collect$$libinit$$00000011  c_w.l(libinit2.o)
    0x0800023c   0x0000000c   Code   RO         2492    .ARM.Collect$$libinit$$00000012  c_w.l(libinit2.o)
    0x08000248   0x00000000   Code   RO         2493    .ARM.Collect$$libinit$$00000013  c_w.l(libinit2.o)
    0x08000248   0x00000000   Code   RO         2495    .ARM.Collect$$libinit$$00000015  c_w.l(libinit2.o)
    0x08000248   0x0000000a   Code   RO         2496    .ARM.Collect$$libinit$$00000016  c_w.l(libinit2.o)
    0x08000252   0x00000000   Code   RO         2497    .ARM.Collect$$libinit$$00000017  c_w.l(libinit2.o)
    0x08000252   0x00000000   Code   RO         2499    .ARM.Collect$$libinit$$00000019  c_w.l(libinit2.o)
    0x08000252   0x00000000   Code   RO         2501    .ARM.Collect$$libinit$$0000001B  c_w.l(libinit2.o)
    0x08000252   0x00000000   Code   RO         2503    .ARM.Collect$$libinit$$0000001D  c_w.l(libinit2.o)
    0x08000252   0x00000000   Code   RO         2505    .ARM.Collect$$libinit$$0000001F  c_w.l(libinit2.o)
    0x08000252   0x00000000   Code   RO         2507    .ARM.Collect$$libinit$$00000021  c_w.l(libinit2.o)
    0x08000252   0x00000000   Code   RO         2509    .ARM.Collect$$libinit$$00000023  c_w.l(libinit2.o)
    0x08000252   0x00000000   Code   RO         2511    .ARM.Collect$$libinit$$00000025  c_w.l(libinit2.o)
    0x08000252   0x00000000   Code   RO         2515    .ARM.Collect$$libinit$$0000002C  c_w.l(libinit2.o)
    0x08000252   0x00000000   Code   RO         2517    .ARM.Collect$$libinit$$0000002E  c_w.l(libinit2.o)
    0x08000252   0x00000000   Code   RO         2519    .ARM.Collect$$libinit$$00000030  c_w.l(libinit2.o)
    0x08000252   0x00000000   Code   RO         2521    .ARM.Collect$$libinit$$00000032  c_w.l(libinit2.o)
    0x08000252   0x00000002   Code   RO         2522    .ARM.Collect$$libinit$$00000033  c_w.l(libinit2.o)
    0x08000254   0x00000002   Code   RO         2540    .ARM.Collect$$libshutdown$$00000000  c_w.l(libshutdown.o)
    0x08000256   0x00000000   Code   RO         2551    .ARM.Collect$$libshutdown$$00000003  c_w.l(libshutdown2.o)
    0x08000256   0x00000000   Code   RO         2554    .ARM.Collect$$libshutdown$$00000006  c_w.l(libshutdown2.o)
    0x08000256   0x00000000   Code   RO         2557    .ARM.Collect$$libshutdown$$00000009  c_w.l(libshutdown2.o)
    0x08000256   0x00000000   Code   RO         2559    .ARM.Collect$$libshutdown$$0000000B  c_w.l(libshutdown2.o)
    0x08000256   0x00000000   Code   RO         2562    .ARM.Collect$$libshutdown$$0000000E  c_w.l(libshutdown2.o)
    0x08000256   0x00000002   Code   RO         2563    .ARM.Collect$$libshutdown$$0000000F  c_w.l(libshutdown2.o)
    0x08000258   0x00000000   Code   RO         2312    .ARM.Collect$$rtentry$$00000000  c_w.l(__rtentry.o)
    0x08000258   0x00000000   Code   RO         2386    .ARM.Collect$$rtentry$$00000002  c_w.l(__rtentry2.o)
    0x08000258   0x00000006   Code   RO         2398    .ARM.Collect$$rtentry$$00000004  c_w.l(__rtentry4.o)
    0x0800025e   0x00000000   Code   RO         2388    .ARM.Collect$$rtentry$$00000009  c_w.l(__rtentry2.o)
    0x0800025e   0x00000004   Code   RO         2389    .ARM.Collect$$rtentry$$0000000A  c_w.l(__rtentry2.o)
    0x08000262   0x00000000   Code   RO         2391    .ARM.Collect$$rtentry$$0000000C  c_w.l(__rtentry2.o)
    0x08000262   0x00000008   Code   RO         2392    .ARM.Collect$$rtentry$$0000000D  c_w.l(__rtentry2.o)
    0x0800026a   0x00000002   Code   RO         2471    .ARM.Collect$$rtexit$$00000000  c_w.l(rtexit.o)
    0x0800026c   0x00000000   Code   RO         2524    .ARM.Collect$$rtexit$$00000002  c_w.l(rtexit2.o)
    0x0800026c   0x00000004   Code   RO         2525    .ARM.Collect$$rtexit$$00000003  c_w.l(rtexit2.o)
    0x08000270   0x00000006   Code   RO         2526    .ARM.Collect$$rtexit$$00000004  c_w.l(rtexit2.o)
    0x08000276   0x00000002   PAD
    0x08000278   0x00000040   Code   RO          356    .text               startup_stm32f10x_hd.o
    0x080002b8   0x00000002   Code   RO         2260    .text               c_w.l(use_no_semi_2.o)
    0x080002ba   0x00000002   PAD
    0x080002bc   0x00000018   Code   RO         2262    .text               c_w.l(c89printf.o)
    0x080002d4   0x00000024   Code   RO         2264    .text               c_w.l(c89vsprintf.o)
    0x080002f8   0x00000018   Code   RO         2266    .text               c_w.l(__2printf.o)
    0x08000310   0x00000052   Code   RO         2272    .text               c_w.l(_printf_str.o)
    0x08000362   0x00000002   PAD
    0x08000364   0x00000188   Code   RO         2291    .text               c_w.l(__printf_flags_ss_wp.o)
    0x080004ec   0x00000024   Code   RO         2296    .text               c_w.l(strstr.o)
    0x08000510   0x00000048   Code   RO         2298    .text               c_w.l(strcpy.o)
    0x08000558   0x0000003e   Code   RO         2300    .text               c_w.l(strlen.o)
    0x08000596   0x00000018   Code   RO         2302    .text               c_w.l(strcat.o)
    0x080005ae   0x0000004e   Code   RO         2304    .text               c_w.l(rt_memclr_w.o)
    0x080005fc   0x00000006   Code   RO         2306    .text               c_w.l(heapauxi.o)
    0x08000602   0x00000002   Code   RO         2310    .text               c_w.l(use_no_semi.o)
    0x08000604   0x0000004e   Code   RO         2313    .text               c_w.l(_printf_pad.o)
    0x08000652   0x00000024   Code   RO         2315    .text               c_w.l(_printf_truncate.o)
    0x08000676   0x00000002   PAD
    0x08000678   0x00000078   Code   RO         2317    .text               c_w.l(_printf_dec.o)
    0x080006f0   0x00000028   Code   RO         2319    .text               c_w.l(_printf_charcount.o)
    0x08000718   0x00000030   Code   RO         2321    .text               c_w.l(_printf_char_common.o)
    0x08000748   0x0000000a   Code   RO         2323    .text               c_w.l(_sputc.o)
    0x08000752   0x0000002c   Code   RO         2325    .text               c_w.l(_printf_char.o)
    0x0800077e   0x00000002   PAD
    0x08000780   0x00000024   Code   RO         2327    .text               c_w.l(_printf_char_file.o)
    0x080007a4   0x000000bc   Code   RO         2329    .text               c_w.l(_printf_wctomb.o)
    0x08000860   0x0000007c   Code   RO         2332    .text               c_w.l(_printf_longlong_dec.o)
    0x080008dc   0x00000070   Code   RO         2338    .text               c_w.l(_printf_oct_int_ll.o)
    0x0800094c   0x00000094   Code   RO         2358    .text               c_w.l(_printf_hex_int_ll_ptr.o)
    0x080009e0   0x0000008a   Code   RO         2400    .text               c_w.l(lludiv10.o)
    0x08000a6a   0x000000b2   Code   RO         2402    .text               c_w.l(_printf_intcommon.o)
    0x08000b1c   0x0000041a   Code   RO         2404    .text               c_w.l(_printf_fp_dec.o)
    0x08000f36   0x0000002c   Code   RO         2408    .text               c_w.l(_printf_wchar.o)
    0x08000f62   0x00000008   Code   RO         2410    .text               c_w.l(ferror.o)
    0x08000f6a   0x00000040   Code   RO         2414    .text               c_w.l(_wcrtomb.o)
    0x08000faa   0x0000004a   Code   RO         2416    .text               c_w.l(sys_stackheap_outer.o)
    0x08000ff4   0x00000010   Code   RO         2418    .text               c_w.l(rt_ctype_table.o)
    0x08001004   0x00000008   Code   RO         2423    .text               c_w.l(rt_locale_intlibspace.o)
    0x0800100c   0x00000080   Code   RO         2425    .text               c_w.l(_printf_fp_infnan.o)
    0x0800108c   0x000000dc   Code   RO         2427    .text               c_w.l(bigflt0.o)
    0x08001168   0x0000000c   Code   RO         2455    .text               c_w.l(exit.o)
    0x08001174   0x00000008   Code   RO         2468    .text               c_w.l(libspace.o)
    0x0800117c   0x00000080   Code   RO         2476    .text               c_w.l(strcmpv7m.o)
    0x080011fc   0x0000003e   Code   RO         2430    CL$$btod_d2e        c_w.l(btod.o)
    0x0800123a   0x00000046   Code   RO         2432    CL$$btod_d2e_denorm_low  c_w.l(btod.o)
    0x08001280   0x00000060   Code   RO         2431    CL$$btod_d2e_norm_op1  c_w.l(btod.o)
    0x080012e0   0x00000338   Code   RO         2440    CL$$btod_div_common  c_w.l(btod.o)
    0x08001618   0x000000c6   Code   RO         2437    CL$$btod_e2e        c_w.l(btod.o)
    0x080016de   0x00000028   Code   RO         2434    CL$$btod_ediv       c_w.l(btod.o)
    0x08001706   0x00000028   Code   RO         2433    CL$$btod_emul       c_w.l(btod.o)
    0x0800172e   0x00000244   Code   RO         2439    CL$$btod_mult_common  c_w.l(btod.o)
    0x08001972   0x00000004   Code   RO          372    i.BusFault_Handler  stm32f10x_it.o
    0x08001976   0x00000002   Code   RO          373    i.DebugMon_Handler  stm32f10x_it.o
    0x08001978   0x00000068   Code   RO          290    i.EXTI9_5_IRQHandler  motor.o
    0x080019e0   0x0000000c   Code   RO          628    i.EXTI_ClearITPendingBit  stm32f10x_exti.o
    0x080019ec   0x00000028   Code   RO          632    i.EXTI_GetITStatus  stm32f10x_exti.o
    0x08001a14   0x00000094   Code   RO          633    i.EXTI_Init         stm32f10x_exti.o
    0x08001aa8   0x00000040   Code   RO          858    i.GPIO_EXTILineConfig  stm32f10x_gpio.o
    0x08001ae8   0x00000116   Code   RO          861    i.GPIO_Init         stm32f10x_gpio.o
    0x08001bfe   0x00000004   Code   RO          869    i.GPIO_SetBits      stm32f10x_gpio.o
    0x08001c02   0x00000004   Code   RO          374    i.HardFault_Handler  stm32f10x_it.o
    0x08001c06   0x00000002   PAD
    0x08001c08   0x00000038   Code   RO            1    i.LED_Init          led.o
    0x08001c40   0x00000004   Code   RO          375    i.MemManage_Handler  stm32f10x_it.o
    0x08001c44   0x00000002   Code   RO          376    i.NMI_Handler       stm32f10x_it.o
    0x08001c46   0x00000002   PAD
    0x08001c48   0x00000070   Code   RO          495    i.NVIC_Init         misc.o
    0x08001cb8   0x00000014   Code   RO          496    i.NVIC_PriorityGroupConfig  misc.o
    0x08001ccc   0x00000002   Code   RO          377    i.PendSV_Handler    stm32f10x_it.o
    0x08001cce   0x00000002   PAD
    0x08001cd0   0x00000020   Code   RO          971    i.RCC_APB1PeriphClockCmd  stm32f10x_rcc.o
    0x08001cf0   0x00000020   Code   RO          973    i.RCC_APB2PeriphClockCmd  stm32f10x_rcc.o
    0x08001d10   0x000000d4   Code   RO          981    i.RCC_GetClocksFreq  stm32f10x_rcc.o
    0x08001de4   0x00000002   Code   RO          378    i.SVC_Handler       stm32f10x_it.o
    0x08001de6   0x00000008   Code   RO          461    i.SetSysClock       system_stm32f10x.o
    0x08001dee   0x00000002   PAD
    0x08001df0   0x000000e0   Code   RO          462    i.SetSysClockTo72   system_stm32f10x.o
    0x08001ed0   0x00000028   Code   RO          499    i.SysTick_CLKSourceConfig  misc.o
    0x08001ef8   0x00000002   Code   RO          379    i.SysTick_Handler   stm32f10x_it.o
    0x08001efa   0x00000002   PAD
    0x08001efc   0x00000060   Code   RO          464    i.SystemInit        system_stm32f10x.o
    0x08001f5c   0x00000034   Code   RO          291    i.TIM1_GPIO_Config  motor.o
    0x08001f90   0x000000cc   Code   RO          292    i.TIM1_Mode_Config  motor.o
    0x0800205c   0x0000000c   Code   RO          293    i.TIM1_PWM_Init     motor.o
    0x08002068   0x00000054   Code   RO          294    i.TIM2_IRQHandler   motor.o
    0x080020bc   0x0000005c   Code   RO          295    i.TIM2_Int_Init     motor.o
    0x08002118   0x00000028   Code   RO          254    i.TIM3_IRQHandler   timer.o
    0x08002140   0x0000005c   Code   RO          255    i.TIM3_Int_Init     timer.o
    0x0800219c   0x00000040   Code   RO          192    i.TIM4_IRQHandler   usart2.o
    0x080021dc   0x00000058   Code   RO          193    i.TIM4_Init         usart2.o
    0x08002234   0x00000030   Code   RO          194    i.TIM4_Set          usart2.o
    0x08002264   0x00000018   Code   RO         1359    i.TIM_ARRPreloadConfig  stm32f10x_tim.o
    0x0800227c   0x00000006   Code   RO         1366    i.TIM_ClearITPendingBit  stm32f10x_tim.o
    0x08002282   0x00000018   Code   RO         1371    i.TIM_Cmd           stm32f10x_tim.o
    0x0800229a   0x0000001e   Code   RO         1373    i.TIM_CtrlPWMOutputs  stm32f10x_tim.o
    0x080022b8   0x00000022   Code   RO         1392    i.TIM_GetITStatus   stm32f10x_tim.o
    0x080022da   0x00000012   Code   RO         1396    i.TIM_ITConfig      stm32f10x_tim.o
    0x080022ec   0x000000a4   Code   RO         1405    i.TIM_OC2Init       stm32f10x_tim.o
    0x08002390   0x0000001a   Code   RO         1408    i.TIM_OC2PreloadConfig  stm32f10x_tim.o
    0x080023aa   0x00000002   PAD
    0x080023ac   0x000000a0   Code   RO         1410    i.TIM_OC3Init       stm32f10x_tim.o
    0x0800244c   0x00000012   Code   RO         1413    i.TIM_OC3PreloadConfig  stm32f10x_tim.o
    0x0800245e   0x00000002   PAD
    0x08002460   0x000000a4   Code   RO         1442    i.TIM_TimeBaseInit  stm32f10x_tim.o
    0x08002504   0x00000080   Code   RO         2217    i.USART1_IRQHandler  usart.o
    0x08002584   0x00000060   Code   RO          195    i.USART2_IRQHandler  usart2.o
    0x080025e4   0x000000c4   Code   RO          196    i.USART2_Init       usart2.o
    0x080026a8   0x00000018   Code   RO         1907    i.USART_Cmd         stm32f10x_usart.o
    0x080026c0   0x00000054   Code   RO         1911    i.USART_GetITStatus  stm32f10x_usart.o
    0x08002714   0x0000004a   Code   RO         1913    i.USART_ITConfig    stm32f10x_usart.o
    0x0800275e   0x00000002   PAD
    0x08002760   0x000000d8   Code   RO         1914    i.USART_Init        stm32f10x_usart.o
    0x08002838   0x0000000a   Code   RO         1921    i.USART_ReceiveData  stm32f10x_usart.o
    0x08002842   0x00000004   Code   RO          380    i.UsageFault_Handler  stm32f10x_it.o
    0x08002846   0x00000028   Code   RO         2466    i.__ARM_fpclassify  m_ws.l(fpclassify.o)
    0x0800286e   0x0000000e   Code   RO         2284    i._is_digit         c_w.l(__printf_wp.o)
    0x0800287c   0x00000006   Code   RO         2218    i._sys_exit         usart.o
    0x08002882   0x0000003e   Code   RO          278    i.all_init          all_init.o
    0x080028c0   0x00000010   Code   RO          197    i.analyse           usart2.o
    0x080028d0   0x0000007c   Code   RO          145    i.atk_A7_send_cmd   gprs.o
    0x0800294c   0x00000044   Code   RO         2151    i.delay_init        delay.o
    0x08002990   0x0000004c   Code   RO         2152    i.delay_ms          delay.o
    0x080029dc   0x0000001c   Code   RO         2219    i.fputc             usart.o
    0x080029f8   0x000000e8   Code   RO          147    i.gprs_init         gprs.o
    0x08002ae0   0x00000074   Code   RO          296    i.hangwai_init      motor.o
    0x08002b54   0x00000018   Code   RO          360    i.main              main.o
    0x08002b6c   0x0000001c   Code   RO         2154    i.my_delay_ms       delay.o
    0x08002b88   0x0000011c   Code   RO          148    i.send_TCP_message  gprs.o
    0x08002ca4   0x00000070   Code   RO          198    i.u2_printf         usart2.o
    0x08002d14   0x000000a0   Code   RO         2220    i.uart_init         usart.o
    0x08002db4   0x0000002c   Code   RO         2453    locale$$code        c_w.l(lc_numeric_c.o)
    0x08002de0   0x0000002c   Code   RO         2474    locale$$code        c_w.l(lc_ctype_c.o)
    0x08002e0c   0x00000004   Code   RO         2383    x$fpl$printf1       fz_ws.l(printf1.o)
    0x08002e10   0x00000000   Code   RO         2465    x$fpl$usenofp       fz_ws.l(usenofp.o)
    0x08002e10   0x00000011   Data   RO         2292    .constdata          c_w.l(__printf_flags_ss_wp.o)
    0x08002e21   0x00000003   PAD
    0x08002e24   0x00000008   Data   RO         2330    .constdata          c_w.l(_printf_wctomb.o)
    0x08002e2c   0x00000028   Data   RO         2359    .constdata          c_w.l(_printf_hex_int_ll_ptr.o)
    0x08002e54   0x00000094   Data   RO         2428    .constdata          c_w.l(bigflt0.o)
    0x08002ee8   0x00000018   Data   RO          149    .conststring        gprs.o
    0x08002f00   0x00000020   Data   RO         2595    Region$$Table       anon$$obj.o
    0x08002f20   0x0000001c   Data   RO         2452    locale$$data        c_w.l(lc_numeric_c.o)
    0x08002f3c   0x00000110   Data   RO         2473    locale$$data        c_w.l(lc_ctype_c.o)


    Execution Region RW_IRAM1 (Base: 0x20000000, Size: 0x00000f70, Max: 0x00005000, ABSOLUTE)

    Base Addr    Size         Type   Attr      Idx    E Section Name        Object

    0x20000000   0x00000009   Data   RW          150    .data               gprs.o
    0x20000009   0x00000001   PAD
    0x2000000a   0x00000004   Data   RW          200    .data               usart2.o
    0x2000000e   0x00000001   Data   RW          297    .data               motor.o
    0x2000000f   0x00000001   PAD
    0x20000010   0x00000014   Data   RW          465    .data               system_stm32f10x.o
    0x20000024   0x00000014   Data   RW         1001    .data               stm32f10x_rcc.o
    0x20000038   0x00000004   Data   RW         2156    .data               delay.o
    0x2000003c   0x00000007   Data   RW         2222    .data               usart.o
    0x20000043   0x00000005   PAD
    0x20000048   0x00000800   Zero   RW          199    .bss                usart2.o
    0x20000848   0x000000c8   Zero   RW         2221    .bss                usart.o
    0x20000910   0x00000060   Zero   RW         2469    .bss                c_w.l(libspace.o)
    0x20000970   0x00000200   Zero   RW          354    HEAP                startup_stm32f10x_hd.o
    0x20000b70   0x00000400   Zero   RW          353    STACK               startup_stm32f10x_hd.o


==============================================================================

Image component sizes


      Code (inc. data)   RO Data    RW Data    ZI Data      Debug   Object Name

        62          0          0          0          0        475   all_init.o
         0          0          0          0          0         32   core_cm3.o
       172         22          0          4          0       1694   delay.o
       640        230         24          9          0       2254   gprs.o
        56          6          0          0          0     253987   led.o
        24          4          0          0          0        423   main.o
       172         22          0          0          0       1981   misc.o
       664         36          0          1          0       4151   motor.o
        64         26        304          0       1536        792   startup_stm32f10x_hd.o
       200         18          0          0          0       2016   stm32f10x_exti.o
       346          4          0          0          0       3021   stm32f10x_gpio.o
        26          0          0          0          0       3730   stm32f10x_it.o
       276         32          0         20          0       4362   stm32f10x_rcc.o
       668         62          0          0          0       7028   stm32f10x_tim.o
       408          6          0          0          0       4830   stm32f10x_usart.o
       328         28          0         20          0       2097   system_stm32f10x.o
       132         16          0          0          0       1118   timer.o
       322         24          0          7        200       4213   usart.o
       620         92          0          4       2048       5351   usart2.o

    ----------------------------------------------------------------------
      5196        628        360         68       3788     303555   Object Totals
         0          0         32          0          0          0   (incl. Generated)
        16          0          0          3          4          0   (incl. Padding)

    ----------------------------------------------------------------------

      Code (inc. data)   RO Data    RW Data    ZI Data      Debug   Library Member Name

        24          4          0          0          0         84   __2printf.o
         8          0          0          0          0         68   __main.o
       392          4         17          0          0         92   __printf_flags_ss_wp.o
        14          0          0          0          0         68   __printf_wp.o
         0          0          0          0          0          0   __rtentry.o
        12          0          0          0          0          0   __rtentry2.o
         6          0          0          0          0          0   __rtentry4.o
        52          8          0          0          0          0   __scatter.o
        26          0          0          0          0          0   __scatter_copy.o
        28          0          0          0          0          0   __scatter_zi.o
         6          0          0          0          0          0   _printf_a.o
         6          0          0          0          0          0   _printf_c.o
        44          0          0          0          0        108   _printf_char.o
        48          6          0          0          0         96   _printf_char_common.o
        36          4          0          0          0         80   _printf_char_file.o
        40          0          0          0          0         68   _printf_charcount.o
         6          0          0          0          0          0   _printf_d.o
       120         16          0          0          0         92   _printf_dec.o
         6          0          0          0          0          0   _printf_e.o
         6          0          0          0          0          0   _printf_f.o
      1050          0          0          0          0        216   _printf_fp_dec.o
       128         16          0          0          0         84   _printf_fp_infnan.o
         6          0          0          0          0          0   _printf_g.o
       148          4         40          0          0        160   _printf_hex_int_ll_ptr.o
         6          0          0          0          0          0   _printf_i.o
       178          0          0          0          0         88   _printf_intcommon.o
        10          0          0          0          0          0   _printf_l.o
         6          0          0          0          0          0   _printf_lc.o
        10          0          0          0          0          0   _printf_ll.o
         6          0          0          0          0          0   _printf_lld.o
         6          0          0          0          0          0   _printf_lli.o
         6          0          0          0          0          0   _printf_llo.o
         6          0          0          0          0          0   _printf_llu.o
         6          0          0          0          0          0   _printf_llx.o
       124         16          0          0          0         92   _printf_longlong_dec.o
         6          0          0          0          0          0   _printf_ls.o
         6          0          0          0          0          0   _printf_n.o
         6          0          0          0          0          0   _printf_o.o
       112          8          0          0          0        124   _printf_oct_int_ll.o
         6          0          0          0          0          0   _printf_p.o
        78          0          0          0          0        108   _printf_pad.o
         0          0          0          0          0          0   _printf_percent.o
         4          0          0          0          0          0   _printf_percent_end.o
         6          0          0          0          0          0   _printf_s.o
        82          0          0          0          0         80   _printf_str.o
        36          0          0          0          0         84   _printf_truncate.o
         6          0          0          0          0          0   _printf_u.o
        44          0          0          0          0        108   _printf_wchar.o
       188          6          8          0          0         92   _printf_wctomb.o
         6          0          0          0          0          0   _printf_x.o
        10          0          0          0          0         68   _sputc.o
        64          0          0          0          0         92   _wcrtomb.o
       220          4        148          0          0         96   bigflt0.o
      1910        128          0          0          0        672   btod.o
        24          4          0          0          0         84   c89printf.o
        36          4          0          0          0         76   c89vsprintf.o
        12          0          0          0          0         72   exit.o
         8          0          0          0          0         68   ferror.o
         6          0          0          0          0        152   heapauxi.o
        44         10        272          0          0         76   lc_ctype_c.o
        44         10         28          0          0         76   lc_numeric_c.o
         2          0          0          0          0          0   libinit.o
        30          0          0          0          0          0   libinit2.o
         2          0          0          0          0          0   libshutdown.o
         2          0          0          0          0          0   libshutdown2.o
         8          4          0          0         96         68   libspace.o
       138          0          0          0          0         80   lludiv10.o
        16          4          0          0          0         76   rt_ctype_table.o
         8          4          0          0          0         68   rt_locale_intlibspace.o
        78          0          0          0          0         80   rt_memclr_w.o
         2          0          0          0          0          0   rtexit.o
        10          0          0          0          0          0   rtexit2.o
        24          0          0          0          0         68   strcat.o
       128          0          0          0          0         68   strcmpv7m.o
        72          0          0          0          0         80   strcpy.o
        62          0          0          0          0         76   strlen.o
        36          0          0          0          0         80   strstr.o
        74          0          0          0          0         80   sys_stackheap_outer.o
         2          0          0          0          0         68   use_no_semi.o
         2          0          0          0          0         68   use_no_semi_2.o
         4          0          0          0          0         68   printf1.o
         0          0          0          0          0          0   usenofp.o
        40          0          0          0          0         68   fpclassify.o

    ----------------------------------------------------------------------
      6292        264        516          0         96       4620   Library Totals
        12          0          3          0          0          0   (incl. Padding)

    ----------------------------------------------------------------------

      Code (inc. data)   RO Data    RW Data    ZI Data      Debug   Library Name

      6236        264        513          0         96       4484   c_w.l
         4          0          0          0          0         68   fz_ws.l
        40          0          0          0          0         68   m_ws.l

    ----------------------------------------------------------------------
      6292        264        516          0         96       4620   Library Totals

    ----------------------------------------------------------------------

==============================================================================


      Code (inc. data)   RO Data    RW Data    ZI Data      Debug   

     11488        892        876         68       3884     302191   Grand Totals
     11488        892        876         68       3884     302191   ELF Image Totals
     11488        892        876         68          0          0   ROM Totals

==============================================================================

    Total RO  Size (Code + RO Data)                12364 (  12.07kB)
    Total RW  Size (RW Data + ZI Data)              3952 (   3.86kB)
    Total ROM Size (Code + RO Data + RW Data)      12432 (  12.14kB)

==============================================================================

