Component: ARM Compiler 5.05 update 1 (build 106) Tool: armlink [4d0efa]

==============================================================================

Section Cross References

    led.o(i.LED_Init) refers to stm32f10x_rcc.o(i.RCC_APB2PeriphClockCmd) for RCC_APB2PeriphClockCmd
    led.o(i.LED_Init) refers to stm32f10x_gpio.o(i.GPIO_Init) for GPIO_Init
    led.o(i.LED_Init) refers to stm32f10x_gpio.o(i.GPIO_SetBits) for GPIO_SetBits
    usart2.o(i.TIM4_IRQHandler) refers to usart2.o(i.analyse) for analyse
    usart2.o(i.TIM4_IRQHandler) refers to usart2.o(i.TIM4_Set) for TIM4_Set
    usart2.o(i.TIM4_IRQHandler) refers to usart2.o(.data) for USART2_RX_STA
    usart2.o(i.TIM4_IRQHandler) refers to usart2.o(.bss) for USART2_RX_BUF
    usart2.o(i.TIM4_Init) refers to stm32f10x_rcc.o(i.RCC_APB1PeriphClockCmd) for RCC_APB1PeriphClockCmd
    usart2.o(i.TIM4_Init) refers to stm32f10x_tim.o(i.TIM_TimeBaseInit) for TIM_TimeBaseInit
    usart2.o(i.TIM4_Init) refers to stm32f10x_tim.o(i.TIM_ITConfig) for TIM_ITConfig
    usart2.o(i.TIM4_Init) refers to misc.o(i.NVIC_Init) for NVIC_Init
    usart2.o(i.USART2_IRQHandler) refers to usart2.o(i.TIM4_Set) for TIM4_Set
    usart2.o(i.USART2_IRQHandler) refers to usart2.o(.data) for USART2_RX_STA
    usart2.o(i.USART2_IRQHandler) refers to usart2.o(.bss) for USART2_RX_BUF
    usart2.o(i.USART2_Init) refers to stm32f10x_usart.o(i.USART_ITConfig) for USART_ITConfig
    usart2.o(i.USART2_Init) refers to misc.o(i.NVIC_Init) for NVIC_Init
    usart2.o(i.USART2_Init) refers to usart2.o(i.TIM4_Init) for TIM4_Init
    usart2.o(i.USART2_Init) refers to usart2.o(i.TIM4_Set) for TIM4_Set
    usart2.o(i.USART2_Init) refers to usart2.o(.data) for USART2_RX_STA
    usart2.o(i.u2_printf) refers to c89vsprintf.o(.text) for __c89vsprintf
    usart2.o(i.u2_printf) refers to strlen.o(.text) for strlen
    usart2.o(i.u2_printf) refers to usart2.o(.bss) for USART2_TX_BUF
    timer.o(i.TIM3_IRQHandler) refers to _printf_percent.o(.ARM.Collect$$_printf_percent$$00000000) for _printf_percent
    timer.o(i.TIM3_IRQHandler) refers to _printf_d.o(.ARM.Collect$$_printf_percent$$00000009) for _printf_d
    timer.o(i.TIM3_IRQHandler) refers to _printf_dec.o(.text) for _printf_int_dec
    timer.o(i.TIM3_IRQHandler) refers to _printf_f.o(.ARM.Collect$$_printf_percent$$00000003) for _printf_f
    timer.o(i.TIM3_IRQHandler) refers to _printf_s.o(.ARM.Collect$$_printf_percent$$00000014) for _printf_s
    timer.o(i.TIM3_IRQHandler) refers to printf1.o(x$fpl$printf1) for _printf_fp_dec
    timer.o(i.TIM3_IRQHandler) refers to _printf_str.o(.text) for _printf_str
    timer.o(i.TIM3_IRQHandler) refers to stm32f10x_tim.o(i.TIM_GetITStatus) for TIM_GetITStatus
    timer.o(i.TIM3_IRQHandler) refers to __2printf.o(.text) for __2printf
    timer.o(i.TIM3_IRQHandler) refers to delay.o(i.delay_ms) for delay_ms
    timer.o(i.TIM3_IRQHandler) refers to stm32f10x_tim.o(i.TIM_ClearITPendingBit) for TIM_ClearITPendingBit
    timer.o(i.TIM3_IRQHandler) refers to dht11.o(i.DHT11_Read_Data) for DHT11_Read_Data
    timer.o(i.TIM3_IRQHandler) refers to ultrasonic.o(i.Ultra_Ranging) for Ultra_Ranging
    timer.o(i.TIM3_IRQHandler) refers to fflt_clz.o(x$fpl$ffltu) for __aeabi_ui2f
    timer.o(i.TIM3_IRQHandler) refers to f2d.o(x$fpl$f2d) for __aeabi_f2d
    timer.o(i.TIM3_IRQHandler) refers to dmul.o(x$fpl$dmul) for __aeabi_dmul
    timer.o(i.TIM3_IRQHandler) refers to dfix.o(x$fpl$dfix) for __aeabi_d2iz
    timer.o(i.TIM3_IRQHandler) refers to __2sprintf.o(.text) for __2sprintf
    timer.o(i.TIM3_IRQHandler) refers to esp8266.o(i.upload) for upload
    timer.o(i.TIM3_IRQHandler) refers to motor.o(.data) for kaigai
    timer.o(i.TIM3_IRQHandler) refers to timer.o(.data) for timer_counter
    timer.o(i.TIM3_IRQHandler) refers to dht11.o(.data) for humidity
    timer.o(i.TIM3_IRQHandler) refers to ultrasonic.o(.data) for distance
    timer.o(i.TIM3_IRQHandler) refers to mq153.o(.data) for yiwei_flag
    timer.o(i.TIM3_IRQHandler) refers to all_init.o(.data) for can_number
    timer.o(i.TIM3_IRQHandler) refers to timer.o(.bss) for str
    timer.o(i.TIM3_Int_Init) refers to stm32f10x_rcc.o(i.RCC_APB1PeriphClockCmd) for RCC_APB1PeriphClockCmd
    timer.o(i.TIM3_Int_Init) refers to stm32f10x_tim.o(i.TIM_TimeBaseInit) for TIM_TimeBaseInit
    timer.o(i.TIM3_Int_Init) refers to stm32f10x_tim.o(i.TIM_ITConfig) for TIM_ITConfig
    timer.o(i.TIM3_Int_Init) refers to stm32f10x_tim.o(i.TIM_ClearITPendingBit) for TIM_ClearITPendingBit
    timer.o(i.TIM3_Int_Init) refers to misc.o(i.NVIC_Init) for NVIC_Init
    timer.o(i.TIM3_Int_Init) refers to stm32f10x_tim.o(i.TIM_Cmd) for TIM_Cmd
    all_init.o(i.all_init) refers to delay.o(i.delay_init) for delay_init
    all_init.o(i.all_init) refers to misc.o(i.NVIC_PriorityGroupConfig) for NVIC_PriorityGroupConfig
    all_init.o(i.all_init) refers to mq153.o(i.ziwaixian_init) for ziwaixian_init
    all_init.o(i.all_init) refers to usart.o(i.uart_init) for uart_init
[...]
    _printf_input_char                       0x08000b49   Thumb Code    10  _printf_char_common.o(.text)
    .text                                    0x08000b78   Section        0  _sputc.o(.text)
    .text                                    0x08000b82   Section        0  _printf_char.o(.text)
    .text                                    0x08000bb0   Section        0  _printf_char_file.o(.text)
    .text                                    0x08000bd4   Section        0  _printf_wctomb.o(.text)
    .text                                    0x08000c90   Section        0  _printf_longlong_dec.o(.text)
    .text                                    0x08000d0c   Section        0  _printf_oct_int_ll.o(.text)
    _printf_longlong_oct_internal            0x08000d0d   Thumb Code     0  _printf_oct_int_ll.o(.text)
    .text                                    0x08000d7c   Section        0  _printf_hex_int_ll_ptr.o(.text)
    _printf_hex_common                       0x08000d7d   Thumb Code     0  _printf_hex_int_ll_ptr.o(.text)
    .text                                    0x08000e10   Section        8  rt_locale_intlibspace.o(.text)
    .text                                    0x08000e18   Section      138  lludiv10.o(.text)
    .text                                    0x08000ea4   Section        0  _printf_fp_infnan.o(.text)
    .text                                    0x08000f24   Section        0  _printf_wchar.o(.text)
    .text                                    0x08000f50   Section        0  bigflt0.o(.text)
    .text                                    0x0800102c   Section        0  ferror.o(.text)
    .text                                    0x08001034   Section        0  _wcrtomb.o(.text)
    .text                                    0x08001074   Section        8  libspace.o(.text)
    .text                                    0x0800107c   Section       74  sys_stackheap_outer.o(.text)
    .text                                    0x080010c8   Section       16  rt_ctype_table.o(.text)
    .text                                    0x080010d8   Section        0  exit.o(.text)
    .text                                    0x080010e4   Section      128  strcmpv7m.o(.text)
    CL$$btod_d2e                             0x08001164   Section       62  btod.o(CL$$btod_d2e)
    CL$$btod_d2e_denorm_low                  0x080011a2   Section       70  btod.o(CL$$btod_d2e_denorm_low)
    CL$$btod_d2e_norm_op1                    0x080011e8   Section       96  btod.o(CL$$btod_d2e_norm_op1)
    CL$$btod_div_common                      0x08001248   Section      824  btod.o(CL$$btod_div_common)
    CL$$btod_e2e                             0x08001580   Section      198  btod.o(CL$$btod_e2e)
    CL$$btod_ediv                            0x08001646   Section       40  btod.o(CL$$btod_ediv)
    CL$$btod_emul                            0x0800166e   Section       40  btod.o(CL$$btod_emul)
    CL$$btod_mult_common                     0x08001696   Section      580  btod.o(CL$$btod_mult_common)
    i.BusFault_Handler                       0x080018da   Section        0  stm32f10x_it.o(i.BusFault_Handler)
    i.DHT11_Check                            0x080018e0   Section        0  dht11.o(i.DHT11_Check)
    i.DHT11_Init                             0x08001944   Section        0  dht11.o(i.DHT11_Init)
    i.DHT11_Read_Bit                         0x08001984   Section        0  dht11.o(i.DHT11_Read_Bit)
    i.DHT11_Read_Byte                        0x080019d0   Section        0  dht11.o(i.DHT11_Read_Byte)
    i.DHT11_Read_Data                        0x080019ee   Section        0  dht11.o(i.DHT11_Read_Data)
    i.DHT11_Rst                              0x08001a48   Section        0  dht11.o(i.DHT11_Rst)
    i.DebugMon_Handler                       0x08001a88   Section        0  stm32f10x_it.o(i.DebugMon_Handler)
    i.EXTI9_5_IRQHandler                     0x08001a8c   Section        0  motor.o(i.EXTI9_5_IRQHandler)
    i.EXTI_ClearITPendingBit                 0x08001b4c   Section        0  stm32f10x_exti.o(i.EXTI_ClearITPendingBit)
    i.EXTI_GetITStatus                       0x08001b58   Section        0  stm32f10x_exti.o(i.EXTI_GetITStatus)
    i.EXTI_Init                              0x08001b80   Section        0  stm32f10x_exti.o(i.EXTI_Init)
    i.GPIO_EXTILineConfig                    0x08001c14   Section        0  stm32f10x_gpio.o(i.GPIO_EXTILineConfig)
    i.GPIO_Init                              0x08001c54   Section        0  stm32f10x_gpio.o(i.GPIO_Init)
    i.GPIO_ResetBits                         0x08001d6a   Section        0  stm32f10x_gpio.o(i.GPIO_ResetBits)
    i.GPIO_SetBits                           0x08001d6e   Section        0  stm32f10x_gpio.o(i.GPIO_SetBits)
    i.HardFault_Handler                      0x08001d72   Section        0  stm32f10x_it.o(i.HardFault_Handler)
    i.LED_Init                               0x08001d78   Section        0  led.o(i.LED_Init)
    i.MemManage_Handler                      0x08001db0   Section        0  stm32f10x_it.o(i.MemManage_Handler)
    i.NMI_Handler                            0x08001db4   Section        0  stm32f10x_it.o(i.NMI_Handler)
    i.NVIC_Init                              0x08001db8   Section        0  misc.o(i.NVIC_Init)
    i.NVIC_PriorityGroupConfig               0x08001e28   Section        0  misc.o(i.NVIC_PriorityGroupConfig)
    i.PendSV_Handler                         0x08001e3c   Section        0  stm32f10x_it.o(i.PendSV_Handler)
    i.RCC_APB1PeriphClockCmd                 0x08001e40   Section        0  stm32f10x_rcc.o(i.RCC_APB1PeriphClockCmd)
    i.RCC_APB2PeriphClockCmd                 0x08001e60   Section        0  stm32f10x_rcc.o(i.RCC_APB2PeriphClockCmd)
    i.RCC_GetClocksFreq                      0x08001e80   Section        0  stm32f10x_rcc.o(i.RCC_GetClocksFreq)
    i.SVC_Handler                            0x08001f54   Section        0  stm32f10x_it.o(i.SVC_Handler)
    i.SetSysClock                            0x08001f56   Section        0  system_stm32f10x.o(i.SetSysClock)
    SetSysClock                              0x08001f57   Thumb Code     8  system_stm32f10x.o(i.SetSysClock)
    i.SetSysClockTo72                        0x08001f60   Section        0  system_stm32f10x.o(i.SetSysClockTo72)
    SetSysClockTo72                          0x08001f61   Thumb Code   214  system_stm32f10x.o(i.SetSysClockTo72)
    i.SysTick_CLKSourceConfig                0x08002040   Section        0  misc.o(i.SysTick_CLKSourceConfig)
    i.SysTick_Handler                        0x08002068   Section        0  stm32f10x_it.o(i.SysTick_Handler)
    i.SystemInit                             0x0800206c   Section        0  system_stm32f10x.o(i.SystemInit)
    i.TIM1_GPIO_Config                       0x080020cc   Section        0  motor.o(i.TIM1_GPIO_Config)
    TIM1_GPIO_Config                         0x080020cd   Thumb Code    48  motor.o(i.TIM1_GPIO_Config)
    i.TIM1_Mode_Config                       0x08002100   Section        0  motor.o(i.TIM1_Mode_Config)
    TIM1_Mode_Config                         0x08002101   Thumb Code   202  motor.o(i.TIM1_Mode_Config)
    i.TIM1_PWM_Init                          0x080021d0   Section        0  motor.o(i.TIM1_PWM_Init)
    i.TIM2_IRQHandler                        0x080021dc   Section        0  motor.o(i.TIM2_IRQHandler)
    i.TIM2_Int_Init                          0x08002220   Section        0  motor.o(i.TIM2_Int_Init)
    i.TIM3_IRQHandler                        0x08002284   Section        0  timer.o(i.TIM3_IRQHandler)
    i.TIM3_Int_Init                          0x08002404   Section        0  timer.o(i.TIM3_Int_Init)
    i.TIM4_IRQHandler                        0x08002470   Section        0  usart2.o(i.TIM4_IRQHandler)
    i.TIM4_Init                              0x080024b0   Section        0  usart2.o(i.TIM4_Init)
    i.TIM4_Set                               0x08002508   Section        0  usart2.o(i.TIM4_Set)
    i.TIM_ARRPreloadConfig                   0x08002538   Section        0  stm32f10x_tim.o(i.TIM_ARRPreloadConfig)
    i.TIM_ClearITPendingBit                  0x08002550   Section        0  stm32f10x_tim.o(i.TIM_ClearITPendingBit)
    i.TIM_Cmd                                0x08002556   Section        0  stm32f10x_tim.o(i.TIM_Cmd)
    i.TIM_CtrlPWMOutputs                     0x0800256e   Section        0  stm32f10x_tim.o(i.TIM_CtrlPWMOutputs)
    i.TIM_GetITStatus                        0x0800258c   Section        0  stm32f10x_tim.o(i.TIM_GetITStatus)
    i.TIM_ITConfig                           0x080025ae   Section        0  stm32f10x_tim.o(i.TIM_ITConfig)
    i.TIM_OC2Init                            0x080025c0   Section        0  stm32f10x_tim.o(i.TIM_OC2Init)
    i.TIM_OC2PreloadConfig                   0x08002664   Section        0  stm32f10x_tim.o(i.TIM_OC2PreloadConfig)
    i.TIM_OC3Init                            0x08002680   Section        0  stm32f10x_tim.o(i.TIM_OC3Init)
    i.TIM_OC3PreloadConfig                   0x08002720   Section        0  stm32f10x_tim.o(i.TIM_OC3PreloadConfig)
    i.TIM_TimeBaseInit                       0x08002734   Section        0  stm32f10x_tim.o(i.TIM_TimeBaseInit)
    i.USART1_IRQHandler                      0x080027d8   Section        0  usart.o(i.USART1_IRQHandler)
    i.USART2_IRQHandler                      0x08002858   Section        0  usart2.o(i.USART2_IRQHandler)
    i.USART2_Init                            0x080028b8   Section        0  usart2.o(i.USART2_Init)
    i.USART_Cmd                              0x0800297c   Section        0  stm32f10x_usart.o(i.USART_Cmd)
    i.USART_GetITStatus                      0x08002994   Section        0  stm32f10x_usart.o(i.USART_GetITStatus)
    i.USART_ITConfig                         0x080029e8   Section        0  stm32f10x_usart.o(i.USART_ITConfig)
    i.USART_Init                             0x08002a34   Section        0  stm32f10x_usart.o(i.USART_Init)
    i.USART_ReceiveData                      0x08002b0c   Section        0  stm32f10x_usart.o(i.USART_ReceiveData)
    i.Ultra_Ranging                          0x08002b18   Section        0  ultrasonic.o(i.Ultra_Ranging)
    i.Ultran_Init                            0x08002c38   Section        0  ultrasonic.o(i.Ultran_Init)
    i.UsageFault_Handler                     0x08002c84   Section        0  stm32f10x_it.o(i.UsageFault_Handler)
    i.__ARM_fpclassify                       0x08002c88   Section        0  fpclassify.o(i.__ARM_fpclassify)
    i._is_digit                              0x08002cb0   Section        0  __printf_wp.o(i._is_digit)
    i._sys_exit                              0x08002cbe   Section        0  usart.o(i._sys_exit)
    i.all_init                               0x08002cc4   Section        0  all_init.o(i.all_init)
    i.analyse                                0x08002dcc   Section        0  usart2.o(i.analyse)
    i.atk_8266_send_cmd                      0x08002dd0   Section        0  esp8266.o(i.atk_8266_send_cmd)
    i.delay_init                             0x08002eac   Section        0  delay.o(i.delay_init)
    i.delay_ms                               0x08002ef0   Section        0  delay.o(i.delay_ms)
    i.delay_us                               0x08002f3c   Section        0  delay.o(i.delay_us)
    i.esp8266_init                           0x08002f88   Section        0  esp8266.o(i.esp8266_init)
    i.fputc                                  0x080030e0   Section        0  usart.o(i.fputc)
    i.hangwai_init                           0x080030fc   Section        0  motor.o(i.hangwai_init)
    i.main                                   0x08003170   Section        0  main.o(i.main)
    i.mq153_init                             0x08003194   Section        0  mq153.o(i.mq153_init)
    i.my_delay_ms                            0x08003200   Section        0  delay.o(i.my_delay_ms)
    i.u2_printf                              0x0800321c   Section        0  usart2.o(i.u2_printf)
    i.uart_init                              0x0800326c   Section        0  usart.o(i.uart_init)
    i.upload                                 0x0800330c   Section        0  esp8266.o(i.upload)
    i.ziwaixian_init                         0x080033b4   Section        0  mq153.o(i.ziwaixian_init)
    locale$$code                             0x080033e8   Section       44  lc_numeric_c.o(locale$$code)
    locale$$code                             0x08003414   Section       44  lc_ctype_c.o(locale$$code)
    x$fpl$d2f                                0x08003440   Section       98  d2f.o(x$fpl$d2f)
    x$fpl$dadd                               0x080034a4   Section      336  daddsub_clz.o(x$fpl$dadd)
    _dadd1                                   0x080034b5   Thumb Code     0  daddsub_clz.o(x$fpl$dadd)
    x$fpl$ddiv                               0x080035f4   Section      688  ddiv.o(x$fpl$ddiv)
    ddiv_entry                               0x080035fb   Thumb Code     0  ddiv.o(x$fpl$ddiv)
    x$fpl$dfix                               0x080038a4   Section       94  dfix.o(x$fpl$dfix)
    x$fpl$dmul                               0x08003904   Section      340  dmul.o(x$fpl$dmul)
    x$fpl$dnaninf                            0x08003a58   Section      156  dnaninf.o(x$fpl$dnaninf)
    x$fpl$dretinf                            0x08003af4   Section       12  dretinf.o(x$fpl$dretinf)
    x$fpl$dsub                               0x08003b00   Section      468  daddsub_clz.o(x$fpl$dsub)
    _dsub1                                   0x08003b11   Thumb Code     0  daddsub_clz.o(x$fpl$dsub)
    x$fpl$f2d                                0x08003cd4   Section       86  f2d.o(x$fpl$f2d)
    x$fpl$fdiv                               0x08003d2c   Section      388  fdiv.o(x$fpl$fdiv)
    _fdiv1                                   0x08003d2d   Thumb Code     0  fdiv.o(x$fpl$fdiv)
    x$fpl$ffltu                              0x08003eb0   Section       38  fflt_clz.o(x$fpl$ffltu)
    x$fpl$fmul                               0x08003ed8   Section      258  fmul.o(x$fpl$fmul)
    x$fpl$fnaninf                            0x08003fda   Section      140  fnaninf.o(x$fpl$fnaninf)
    x$fpl$fretinf                            0x08004066   Section       10  fretinf.o(x$fpl$fretinf)
    x$fpl$printf1                            0x08004070   Section        4  printf1.o(x$fpl$printf1)
    .constdata                               0x08004074   Section       16  esp8266.o(.constdata)
    x$fpl$usenofp                            0x08004074   Section        0  usenofp.o(x$fpl$usenofp)
    .constdata                               0x08004084   Section       17  __printf_flags_ss_wp.o(.constdata)
    maptable                                 0x08004084   Data          17  __printf_flags_ss_wp.o(.constdata)
    .constdata                               0x08004098   Section        8  _printf_wctomb.o(.constdata)
    initial_mbstate                          0x08004098   Data           8  _printf_wctomb.o(.constdata)
    .constdata                               0x080040a0   Section       40  _printf_hex_int_ll_ptr.o(.constdata)
    uc_hextab                                0x080040a0   Data          20  _printf_hex_int_ll_ptr.o(.constdata)
    lc_hextab                                0x080040b4   Data          20  _printf_hex_int_ll_ptr.o(.constdata)
    .constdata                               0x080040c8   Section      148  bigflt0.o(.constdata)
    tenpwrs_x                                0x080040c8   Data          60  bigflt0.o(.constdata)
    tenpwrs_i                                0x08004104   Data          64  bigflt0.o(.constdata)
    .conststring                             0x0800415c   Section       25  esp8266.o(.conststring)
    locale$$data                             0x08004198   Section       28  lc_numeric_c.o(locale$$data)
    __lcnum_c_name                           0x0800419c   Data           2  lc_numeric_c.o(locale$$data)
    __lcnum_c_start                          0x080041a4   Data           0  lc_numeric_c.o(locale$$data)
    __lcnum_c_point                          0x080041b0   Data           0  lc_numeric_c.o(locale$$data)
    __lcnum_c_thousands                      0x080041b2   Data           0  lc_numeric_c.o(locale$$data)
    __lcnum_c_grouping                       0x080041b3   Data           0  lc_numeric_c.o(locale$$data)
    locale$$data                             0x080041b4   Section      272  lc_ctype_c.o(locale$$data)
    __lcnum_c_end                            0x080041b4   Data           0  lc_numeric_c.o(locale$$data)
    __lcctype_c_name                         0x080041b8   Data           2  lc_ctype_c.o(locale$$data)
    __lcctype_c_start                        0x080041c0   Data           0  lc_ctype_c.o(locale$$data)
    __lcctype_c_end                          0x080042c4   Data           0  lc_ctype_c.o(locale$$data)
    .data                                    0x20000000   Section        4  usart2.o(.data)
    .data                                    0x20000004   Section        8  timer.o(.data)
    .data                                    0x2000000c   Section        4  all_init.o(.data)
    .data                                    0x20000010   Section        4  motor.o(.data)
    .data                                    0x20000014   Section        4  mq153.o(.data)
    .data                                    0x20000018   Section        6  dht11.o(.data)
    .data                                    0x20000020   Section       17  ultrasonic.o(.data)
    .data                                    0x20000034   Section       13  esp8266.o(.data)
    .data                                    0x20000044   Section       20  system_stm32f10x.o(.data)
    .data                                    0x20000058   Section       20  stm32f10x_rcc.o(.data)
    APBAHBPrescTable                         0x20000058   Data          16  stm32f10x_rcc.o(.data)
    ADCPrescTable                            0x20000068   Data           4  stm32f10x_rcc.o(.data)
    .data                                    0x2000006c   Section        4  delay.o(.data)
    fac_us                                   0x2000006c   Data           1  delay.o(.data)
    fac_ms                                   0x2000006e   Data           2  delay.o(.data)
    .data                                    0x20000070   Section        7  usart.o(.data)
    .bss                                     0x20000078   Section     2048  usart2.o(.bss)
    .bss                                     0x20000878   Section       40  timer.o(.bss)
    .bss                                     0x200008a0   Section      200  usart.o(.bss)
    .bss                                     0x20000968   Section       96  libspace.o(.bss)
    HEAP                                     0x200009c8   Section      512  startup_stm32f10x_hd.o(HEAP)
    Heap_Mem                                 0x200009c8   Data         512  startup_stm32f10x_hd.o(HEAP)
    STACK                                    0x20000bc8   Section     1024  startup_stm32f10x_hd.o(STACK)
    Stack_Mem                                0x20000bc8   Data        1024  startup_stm32f10x_hd.o(STACK)
    __initial_sp                             0x20000fc8   Data           0  startup_stm32f10x_hd.o(STACK)

    Global Symbols

    Symbol Name                              Value     Ov Type        Size  Object(Section)

    BuildAttributes$$THM_ISAv4$P$D$K$B$S$PE$A:L22UL41UL21$X:L11$S22US41US21$IEEE1$IW$USESV6$~STKCKD$USESV7$~SHL$OTIME$ROPI$IEEEJ$EBA8$UX$STANDARDLIB$REQ8$PRES8$EABIv2 0x00000000   Number         0  anon$$obj.o ABSOLUTE
    __ARM_use_no_argv                        0x00000000   Number         0  main.o ABSOLUTE
    _printf_flags                            0x00000000   Number         0  printf_stubs.o ABSOLUTE
    _printf_return_value                     0x00000000   Number         0  printf_stubs.o ABSOLUTE
    _printf_sizespec                         0x00000000   Number         0  printf_stubs.o ABSOLUTE
    _printf_widthprec                        0x00000000   Number         0  printf_stubs.o ABSOLUTE
    __ARM_exceptions_init                     - Undefined Weak Reference
    __alloca_initialize                       - Undefined Weak Reference
    __arm_preinit_                            - Undefined Weak Reference
    __cpp_initialize__aeabi_                  - Undefined Weak Reference
    __cxa_finalize                            - Undefined Weak Reference
    __sigvec_lookup                           - Undefined Weak Reference
    _atexit_init                              - Undefined Weak Reference
    _call_atexit_fns                          - Undefined Weak Reference
    _clock_init                               - Undefined Weak Reference
    _fp_trap_init                             - Undefined Weak Reference
    _fp_trap_shutdown                         - Undefined Weak Reference
    _get_lc_collate                           - Undefined Weak Reference
    _get_lc_monetary                          - Undefined Weak Reference
    _get_lc_time                              - Undefined Weak Reference
    _getenv_init                              - Undefined Weak Reference
    _handle_redirection                       - Undefined Weak Reference
    _init_alloc                               - Undefined Weak Reference
    _init_user_alloc                          - Undefined Weak Reference
    _initio                                   - Undefined Weak Reference
    _mutex_acquire                            - Undefined Weak Reference
    _mutex_release                            - Undefined Weak Reference
    _printf_fp_hex                            - Undefined Weak Reference
    _printf_mbtowc                            - Undefined Weak Reference
    _printf_wc                                - Undefined Weak Reference
    _rand_init                                - Undefined Weak Reference
    _signal_finish                            - Undefined Weak Reference
    _signal_init                              - Undefined Weak Reference
    _terminate_alloc                          - Undefined Weak Reference
    _terminate_user_alloc                     - Undefined Weak Reference
    _terminateio                              - Undefined Weak Reference
    __Vectors_Size                           0x00000130   Number         0  startup_stm32f10x_hd.o ABSOLUTE
    __Vectors                                0x08000000   Data           4  startup_stm32f10x_hd.o(RESET)
    __Vectors_End                            0x08000130   Data           0  startup_stm32f10x_hd.o(RESET)
    __main                                   0x08000131   Thumb Code     8  __main.o(!!!main)
    __scatterload                            0x08000139   Thumb Code     0  __scatter.o(!!!scatter)
    __scatterload_rt2                        0x08000139   Thumb Code    44  __scatter.o(!!!scatter)
    __scatterload_rt2_thumb_only             0x08000139   Thumb Code     0  __scatter.o(!!!scatter)
    __scatterload_null                       0x08000147   Thumb Code     0  __scatter.o(!!!scatter)
    __scatterload_copy                       0x0800016d   Thumb Code    26  __scatter_copy.o(!!handler_copy)
    __scatterload_zeroinit                   0x08000189   Thumb Code    28  __scatter_zi.o(!!handler_zi)
    _printf_n                                0x080001a5   Thumb Code     0  _printf_n.o(.ARM.Collect$$_printf_percent$$00000001)
    _printf_percent                          0x080001a5   Thumb Code     0  _printf_percent.o(.ARM.Collect$$_printf_percent$$00000000)
    _printf_p                                0x080001ab   Thumb Code     0  _printf_p.o(.ARM.Collect$$_printf_percent$$00000002)
    _printf_f                                0x080001b1   Thumb Code     0  _printf_f.o(.ARM.Collect$$_printf_percent$$00000003)
    _printf_e                                0x080001b7   Thumb Code     0  _printf_e.o(.ARM.Collect$$_printf_percent$$00000004)
    _printf_g                                0x080001bd   Thumb Code     0  _printf_g.o(.ARM.Collect$$_printf_percent$$00000005)
    _printf_a                                0x080001c3   Thumb Code     0  _printf_a.o(.ARM.Collect$$_printf_percent$$00000006)
    _printf_ll                               0x080001c9   Thumb Code     0  _printf_ll.o(.ARM.Collect$$_printf_percent$$00000007)
    _printf_i                                0x080001d3   Thumb Code     0  _printf_i.o(.ARM.Collect$$_printf_percent$$00000008)
    _printf_d                                0x080001d9   Thumb Code     0  _printf_d.o(.ARM.Collect$$_printf_percent$$00000009)
    _printf_u                                0x080001df   Thumb Code     0  _printf_u.o(.ARM.Collect$$_printf_percent$$0000000A)
    _printf_o                                0x080001e5   Thumb Code     0  _printf_o.o(.ARM.Collect$$_printf_percent$$0000000B)
    _printf_x                                0x080001eb   Thumb Code     0  _printf_x.o(.ARM.Collect$$_printf_percent$$0000000C)
    _printf_lli                              0x080001f1   Thumb Code     0  _printf_lli.o(.ARM.Collect$$_printf_percent$$0000000D)
    _printf_lld                              0x080001f7   Thumb Code     0  _printf_lld.o(.ARM.Collect$$_printf_percent$$0000000E)
    _printf_llu                              0x080001fd   Thumb Code     0  _printf_llu.o(.ARM.Collect$$_printf_percent$$0000000F)
    _printf_llo                              0x08000203   Thumb Code     0  _printf_llo.o(.ARM.Collect$$_printf_percent$$00000010)
    _printf_llx                              0x08000209   Thumb Code     0  _printf_llx.o(.ARM.Collect$$_printf_percent$$00000011)
    _printf_l                                0x0800020f   Thumb Code     0  _printf_l.o(.ARM.Collect$$_printf_percent$$00000012)
    _printf_c                                0x08000219   Thumb Code     0  _printf_c.o(.ARM.Collect$$_printf_percent$$00000013)
    _printf_s                                0x0800021f   Thumb Code     0  _printf_s.o(.ARM.Collect$$_printf_percent$$00000014)
    _printf_lc                               0x08000225   Thumb Code     0  _printf_lc.o(.ARM.Collect$$_printf_percent$$00000015)
    _printf_ls                               0x0800022b   Thumb Code     0  _printf_ls.o(.ARM.Collect$$_printf_percent$$00000016)
    _printf_percent_end                      0x08000231   Thumb Code     0  _printf_percent_end.o(.ARM.Collect$$_printf_percent$$00000017)
    __rt_lib_init                            0x08000235   Thumb Code     0  libinit.o(.ARM.Collect$$libinit$$00000000)
    __rt_lib_init_fp_1                       0x08000237   Thumb Code     0  libinit2.o(.ARM.Collect$$libinit$$00000002)
    __rt_lib_init_heap_1                     0x08000237   Thumb Code     0  libinit2.o(.ARM.Collect$$libinit$$0000000A)
    __rt_lib_init_lc_common                  0x08000237   Thumb Code     0  libinit2.o(.ARM.Collect$$libinit$$0000000F)
    __rt_lib_init_preinit_1                  0x08000237   Thumb Code     0  libinit2.o(.ARM.Collect$$libinit$$00000004)
    __rt_lib_init_rand_1                     0x08000237   Thumb Code     0  libinit2.o(.ARM.Collect$$libinit$$0000000E)
    __rt_lib_init_user_alloc_1               0x08000237   Thumb Code     0  libinit2.o(.ARM.Collect$$libinit$$0000000C)
    __rt_lib_init_lc_collate_1               0x0800023d   Thumb Code     0  libinit2.o(.ARM.Collect$$libinit$$00000011)
    __rt_lib_init_lc_ctype_2                 0x0800023d   Thumb Code     0  libinit2.o(.ARM.Collect$$libinit$$00000012)
    __rt_lib_init_lc_ctype_1                 0x08000249   Thumb Code     0  libinit2.o(.ARM.Collect$$libinit$$00000013)
    __rt_lib_init_lc_monetary_1              0x08000249   Thumb Code     0  libinit2.o(.ARM.Collect$$libinit$$00000015)
    __rt_lib_init_lc_numeric_2               0x08000249   Thumb Code     0  libinit2.o(.ARM.Collect$$libinit$$00000016)
    __rt_lib_init_alloca_1                   0x08000253   Thumb Code     0  libinit2.o(.ARM.Collect$$libinit$$0000002E)
    __rt_lib_init_argv_1                     0x08000253   Thumb Code     0  libinit2.o(.ARM.Collect$$libinit$$0000002C)
    __rt_lib_init_atexit_1                   0x08000253   Thumb Code     0  libinit2.o(.ARM.Collect$$libinit$$0000001B)
    __rt_lib_init_clock_1                    0x08000253   Thumb Code     0  libinit2.o(.ARM.Collect$$libinit$$00000021)
    __rt_lib_init_cpp_1                      0x08000253   Thumb Code     0  libinit2.o(.ARM.Collect$$libinit$$00000032)
    __rt_lib_init_exceptions_1               0x08000253   Thumb Code     0  libinit2.o(.ARM.Collect$$libinit$$00000030)
    __rt_lib_init_fp_trap_1                  0x08000253   Thumb Code     0  libinit2.o(.ARM.Collect$$libinit$$0000001F)
    __rt_lib_init_getenv_1                   0x08000253   Thumb Code     0  libinit2.o(.ARM.Collect$$libinit$$00000023)
    __rt_lib_init_lc_numeric_1               0x08000253   Thumb Code     0  libinit2.o(.ARM.Collect$$libinit$$00000017)
    __rt_lib_init_lc_time_1                  0x08000253   Thumb Code     0  libinit2.o(.ARM.Collect$$libinit$$00000019)
    __rt_lib_init_return                     0x08000253   Thumb Code     0  libinit2.o(.ARM.Collect$$libinit$$00000033)
    __rt_lib_init_signal_1                   0x08000253   Thumb Code     0  libinit2.o(.ARM.Collect$$libinit$$0000001D)
    __rt_lib_init_stdio_1                    0x08000253   Thumb Code     0  libinit2.o(.ARM.Collect$$libinit$$00000025)
    __rt_lib_shutdown                        0x08000255   Thumb Code     0  libshutdown.o(.ARM.Collect$$libshutdown$$00000000)
    __rt_lib_shutdown_fp_trap_1              0x08000257   Thumb Code     0  libshutdown2.o(.ARM.Collect$$libshutdown$$00000006)
    __rt_lib_shutdown_heap_1                 0x08000257   Thumb Code     0  libshutdown2.o(.ARM.Collect$$libshutdown$$0000000E)
    __rt_lib_shutdown_return                 0x08000257   Thumb Code     0  libshutdown2.o(.ARM.Collect$$libshutdown$$0000000F)
    __rt_lib_shutdown_signal_1               0x08000257   Thumb Code     0  libshutdown2.o(.ARM.Collect$$libshutdown$$00000009)
    __rt_lib_shutdown_stdio_1                0x08000257   Thumb Code     0  libshutdown2.o(.ARM.Collect$$libshutdown$$00000003)
    __rt_lib_shutdown_user_alloc_1           0x08000257   Thumb Code     0  libshutdown2.o(.ARM.Collect$$libshutdown$$0000000B)
    __rt_entry                               0x08000259   Thumb Code     0  __rtentry.o(.ARM.Collect$$rtentry$$00000000)
    __rt_entry_presh_1                       0x08000259   Thumb Code     0  __rtentry2.o(.ARM.Collect$$rtentry$$00000002)
    __rt_entry_sh                            0x08000259   Thumb Code     0  __rtentry4.o(.ARM.Collect$$rtentry$$00000004)
    __rt_entry_li                            0x0800025f   Thumb Code     0  __rtentry2.o(.ARM.Collect$$rtentry$$0000000A)
    __rt_entry_postsh_1                      0x0800025f   Thumb Code     0  __rtentry2.o(.ARM.Collect$$rtentry$$00000009)
    __rt_entry_main                          0x08000263   Thumb Code     0  __rtentry2.o(.ARM.Collect$$rtentry$$0000000D)
    __rt_entry_postli_1                      0x08000263   Thumb Code     0  __rtentry2.o(.ARM.Collect$$rtentry$$0000000C)
    __rt_exit                                0x0800026b   Thumb Code     0  rtexit.o(.ARM.Collect$$rtexit$$00000000)
    __rt_exit_ls                             0x0800026d   Thumb Code     0  rtexit2.o(.ARM.Collect$$rtexit$$00000003)
    __rt_exit_prels_1                        0x0800026d   Thumb Code     0  rtexit2.o(.ARM.Collect$$rtexit$$00000002)
    __rt_exit_exit                           0x08000271   Thumb Code     0  rtexit2.o(.ARM.Collect$$rtexit$$00000004)
    Reset_Handler                            0x08000279   Thumb Code     8  startup_stm32f10x_hd.o(.text)
    ADC1_2_IRQHandler                        0x08000293   Thumb Code     0  startup_stm32f10x_hd.o(.text)
    ADC3_IRQHandler                          0x08000293   Thumb Code     0  startup_stm32f10x_hd.o(.text)
    CAN1_RX1_IRQHandler                      0x08000293   Thumb Code     0  startup_stm32f10x_hd.o(.text)
    CAN1_SCE_IRQHandler                      0x08000293   Thumb Code     0  startup_stm32f10x_hd.o(.text)
    DMA1_Channel1_IRQHandler                 0x08000293   Thumb Code     0  startup_stm32f10x_hd.o(.text)
    DMA1_Channel2_IRQHandler                 0x08000293   Thumb Code     0  startup_stm32f10x_hd.o(.text)
    DMA1_Channel3_IRQHandler                 0x08000293   Thumb Code     0  startup_stm32f10x_hd.o(.text)
    DMA1_Channel4_IRQHandler                 0x08000293   Thumb Code     0  startup_stm32f10x_hd.o(.text)
    DMA1_Channel5_IRQHandler                 0x08000293   Thumb Code     0  startup_stm32f10x_hd.o(.text)
    DMA1_Channel6_IRQHandler                 0x08000293   Thumb Code     0  startup_stm32f10x_hd.o(.text)
    DMA1_Channel7_IRQHandler                 0x08000293   Thumb Code     0  startup_stm32f10x_hd.o(.text)
    DMA2_Channel1_IRQHandler                 0x08000293   Thumb Code     0  startup_stm32f10x_hd.o(.text)
    DMA2_Channel2_IRQHandler                 0x08000293   Thumb Code     0  startup_stm32f10x_hd.o(.text)
    DMA2_Channel3_IRQHandler                 0x08000293   Thumb Code     0  startup_stm32f10x_hd.o(.text)
    DMA2_Channel4_5_IRQHandler               0x08000293   Thumb Code     0  startup_stm32f10x_hd.o(.text)
    EXTI0_IRQHandler                         0x08000293   Thumb Code     0  startup_stm32f10x_hd.o(.text)
    EXTI15_10_IRQHandler                     0x08000293   Thumb Code     0  startup_stm32f10x_hd.o(.text)
    EXTI1_IRQHandler                         0x08000293   Thumb Code     0  startup_stm32f10x_hd.o(.text)
    EXTI2_IRQHandler                         0x08000293   Thumb Code     0  startup_stm32f10x_hd.o(.text)
    EXTI3_IRQHandler                         0x08000293   Thumb Code     0  startup_stm32f10x_hd.o(.text)
    EXTI4_IRQHandler                         0x08000293   Thumb Code     0  startup_stm32f10x_hd.o(.text)
    FLASH_IRQHandler                         0x08000293   Thumb Code     0  startup_stm32f10x_hd.o(.text)
    FSMC_IRQHandler                          0x08000293   Thumb Code     0  startup_stm32f10x_hd.o(.text)
    I2C1_ER_IRQHandler                       0x08000293   Thumb Code     0  startup_stm32f10x_hd.o(.text)
    I2C1_EV_IRQHandler                       0x08000293   Thumb Code     0  startup_stm32f10x_hd.o(.text)
    I2C2_ER_IRQHandler                       0x08000293   Thumb Code     0  startup_stm32f10x_hd.o(.text)
    I2C2_EV_IRQHandler                       0x08000293   Thumb Code     0  startup_stm32f10x_hd.o(.text)
    PVD_IRQHandler                           0x08000293   Thumb Code     0  startup_stm32f10x_hd.o(.text)
    RCC_IRQHandler                           0x08000293   Thumb Code     0  startup_stm32f10x_hd.o(.text)
    RTCAlarm_IRQHandler                      0x08000293   Thumb Code     0  startup_stm32f10x_hd.o(.text)
    RTC_IRQHandler                           0x08000293   Thumb Code     0  startup_stm32f10x_hd.o(.text)
    SDIO_IRQHandler                          0x08000293   Thumb Code     0  startup_stm32f10x_hd.o(.text)
    SPI1_IRQHandler                          0x08000293   Thumb Code     0  startup_stm32f10x_hd.o(.text)
    SPI2_IRQHandler                          0x08000293   Thumb Code     0  startup_stm32f10x_hd.o(.text)
    SPI3_IRQHandler                          0x08000293   Thumb Code     0  startup_stm32f10x_hd.o(.text)
    TAMPER_IRQHandler                        0x08000293   Thumb Code     0  startup_stm32f10x_hd.o(.text)
    TIM1_BRK_IRQHandler                      0x08000293   Thumb Code     0  startup_stm32f10x_hd.o(.text)
    TIM1_CC_IRQHandler                       0x08000293   Thumb Code     0  startup_stm32f10x_hd.o(.text)
    TIM1_TRG_COM_IRQHandler                  0x08000293   Thumb Code     0  startup_stm32f10x_hd.o(.text)
    TIM1_UP_IRQHandler                       0x08000293   Thumb Code     0  startup_stm32f10x_hd.o(.text)
    TIM5_IRQHandler                          0x08000293   Thumb Code     0  startup_stm32f10x_hd.o(.text)
    TIM6_IRQHandler                          0x08000293   Thumb Code     0  startup_stm32f10x_hd.o(.text)
    TIM7_IRQHandler                          0x08000293   Thumb Code     0  startup_stm32f10x_hd.o(.text)
    TIM8_BRK_IRQHandler                      0x08000293   Thumb Code     0  startup_stm32f10x_hd.o(.text)
    TIM8_CC_IRQHandler                       0x08000293   Thumb Code     0  startup_stm32f10x_hd.o(.text)
    TIM8_TRG_COM_IRQHandler                  0x08000293   Thumb Code     0  startup_stm32f10x_hd.o(.text)
    TIM8_UP_IRQHandler                       0x08000293   Thumb Code     0  startup_stm32f10x_hd.o(.text)
    UART4_IRQHandler                         0x08000293   Thumb Code     0  startup_stm32f10x_hd.o(.text)
    UART5_IRQHandler                         0x08000293   Thumb Code     0  startup_stm32f10x_hd.o(.text)
    USART3_IRQHandler                        0x08000293   Thumb Code     0  startup_stm32f10x_hd.o(.text)
    USBWakeUp_IRQHandler                     0x08000293   Thumb Code     0  startup_stm32f10x_hd.o(.text)
    USB_HP_CAN1_TX_IRQHandler                0x08000293   Thumb Code     0  startup_stm32f10x_hd.o(.text)
    USB_LP_CAN1_RX0_IRQHandler               0x08000293   Thumb Code     0  startup_stm32f10x_hd.o(.text)
    WWDG_IRQHandler                          0x08000293   Thumb Code     0  startup_stm32f10x_hd.o(.text)
    __user_initial_stackheap                 0x08000295   Thumb Code     0  startup_stm32f10x_hd.o(.text)
    __use_no_semihosting                     0x080002b9   Thumb Code     2  use_no_semi_2.o(.text)
    __c89vsprintf                            0x080002bd   Thumb Code    32  c89vsprintf.o(.text)
    __2printf                                0x080002e1   Thumb Code    20  __2printf.o(.text)
    __2sprintf                               0x080002f9   Thumb Code    38  __2sprintf.o(.text)
    _printf_str                              0x08000325   Thumb Code    82  _printf_str.o(.text)
    _printf_int_dec                          0x08000379   Thumb Code   104  _printf_dec.o(.text)
    __printf                                 0x080003f1   Thumb Code   388  __printf_flags_ss_wp.o(.text)
    strstr                                   0x08000579   Thumb Code    36  strstr.o(.text)
    strlen                                   0x0800059d   Thumb Code    62  strlen.o(.text)
    __use_two_region_memory                  0x080005db   Thumb Code     2  heapauxi.o(.text)
    __rt_heap_escrow$2region                 0x080005dd   Thumb Code     2  heapauxi.o(.text)
    __rt_heap_expand$2region                 0x080005df   Thumb Code     2  heapauxi.o(.text)
    __I$use$semihosting                      0x080005e1   Thumb Code     0  use_no_semi.o(.text)
    __use_no_semihosting_swi                 0x080005e1   Thumb Code     2  use_no_semi.o(.text)
    _printf_pre_padding                      0x080005e3   Thumb Code    44  _printf_pad.o(.text)
    _printf_post_padding                     0x0800060f   Thumb Code    34  _printf_pad.o(.text)
    _printf_truncate_signed                  0x08000631   Thumb Code    18  _printf_truncate.o(.text)
    _printf_truncate_unsigned                0x08000643   Thumb Code    18  _printf_truncate.o(.text)
    _printf_int_common                       0x08000655   Thumb Code   178  _printf_intcommon.o(.text)
    _printf_charcount                        0x08000707   Thumb Code    40  _printf_charcount.o(.text)
    __lib_sel_fp_printf                      0x0800072f   Thumb Code     2  _printf_fp_dec.o(.text)
    _printf_fp_dec_real                      0x080008dd   Thumb Code   620  _printf_fp_dec.o(.text)
    _printf_char_common                      0x08000b53   Thumb Code    32  _printf_char_common.o(.text)
    _sputc                                   0x08000b79   Thumb Code    10  _sputc.o(.text)
    _printf_cs_common                        0x08000b83   Thumb Code    20  _printf_char.o(.text)
    _printf_char                             0x08000b97   Thumb Code    16  _printf_char.o(.text)
    _printf_string                           0x08000ba7   Thumb Code     8  _printf_char.o(.text)
    _printf_char_file                        0x08000bb1   Thumb Code    32  _printf_char_file.o(.text)
    _printf_wctomb                           0x08000bd5   Thumb Code   182  _printf_wctomb.o(.text)
    _printf_longlong_dec                     0x08000c91   Thumb Code   108  _printf_longlong_dec.o(.text)
    _printf_longlong_oct                     0x08000d0d   Thumb Code    68  _printf_oct_int_ll.o(.text)
    _printf_int_oct                          0x08000d51   Thumb Code    24  _printf_oct_int_ll.o(.text)
    _printf_ll_oct                           0x08000d69   Thumb Code    12  _printf_oct_int_ll.o(.text)
    _printf_longlong_hex                     0x08000d7d   Thumb Code    86  _printf_hex_int_ll_ptr.o(.text)
    _printf_int_hex                          0x08000dd3   Thumb Code    28  _printf_hex_int_ll_ptr.o(.text)
    _printf_ll_hex                           0x08000def   Thumb Code    12  _printf_hex_int_ll_ptr.o(.text)
    _printf_hex_ptr                          0x08000dfb   Thumb Code    18  _printf_hex_int_ll_ptr.o(.text)
    __rt_locale                              0x08000e11   Thumb Code     8  rt_locale_intlibspace.o(.text)
    _ll_udiv10                               0x08000e19   Thumb Code   138  lludiv10.o(.text)
    _printf_fp_infnan                        0x08000ea5   Thumb Code   112  _printf_fp_infnan.o(.text)
    _printf_lcs_common                       0x08000f25   Thumb Code    20  _printf_wchar.o(.text)
    _printf_wchar                            0x08000f39   Thumb Code    16  _printf_wchar.o(.text)
    _printf_wstring                          0x08000f49   Thumb Code     8  _printf_wchar.o(.text)
    _btod_etento                             0x08000f51   Thumb Code   216  bigflt0.o(.text)
    ferror                                   0x0800102d   Thumb Code     8  ferror.o(.text)
    _wcrtomb                                 0x08001035   Thumb Code    64  _wcrtomb.o(.text)
    __user_libspace                          0x08001075   Thumb Code     8  libspace.o(.text)
    __user_perproc_libspace                  0x08001075   Thumb Code     0  libspace.o(.text)
    __user_perthread_libspace                0x08001075   Thumb Code     0  libspace.o(.text)
    __user_setup_stackheap                   0x0800107d   Thumb Code    74  sys_stackheap_outer.o(.text)
    __rt_ctype_table                         0x080010c9   Thumb Code    16  rt_ctype_table.o(.text)
    exit                                     0x080010d9   Thumb Code    12  exit.o(.text)
    strcmp                                   0x080010e5   Thumb Code   128  strcmpv7m.o(.text)
    _btod_d2e                                0x08001165   Thumb Code    62  btod.o(CL$$btod_d2e)
    _d2e_denorm_low                          0x080011a3   Thumb Code    70  btod.o(CL$$btod_d2e_denorm_low)
    _d2e_norm_op1                            0x080011e9   Thumb Code    96  btod.o(CL$$btod_d2e_norm_op1)
    __btod_div_common                        0x08001249   Thumb Code   696  btod.o(CL$$btod_div_common)
    _e2e                                     0x08001581   Thumb Code   198  btod.o(CL$$btod_e2e)
    _btod_ediv                               0x08001647   Thumb Code    40  btod.o(CL$$btod_ediv)
    _btod_emul                               0x0800166f   Thumb Code    40  btod.o(CL$$btod_emul)
    __btod_mult_common                       0x08001697   Thumb Code   580  btod.o(CL$$btod_mult_common)
    BusFault_Handler                         0x080018db   Thumb Code     4  stm32f10x_it.o(i.BusFault_Handler)
    DHT11_Check                              0x080018e1   Thumb Code    92  dht11.o(i.DHT11_Check)
    DHT11_Init                               0x08001945   Thumb Code    58  dht11.o(i.DHT11_Init)
    DHT11_Read_Bit                           0x08001985   Thumb Code    70  dht11.o(i.DHT11_Read_Bit)
    DHT11_Read_Byte                          0x080019d1   Thumb Code    30  dht11.o(i.DHT11_Read_Byte)
    DHT11_Read_Data                          0x080019ef   Thumb Code    88  dht11.o(i.DHT11_Read_Data)
    DHT11_Rst                                0x08001a49   Thumb Code    52  dht11.o(i.DHT11_Rst)
    DebugMon_Handler                         0x08001a89   Thumb Code     2  stm32f10x_it.o(i.DebugMon_Handler)
    EXTI9_5_IRQHandler                       0x08001a8d   Thumb Code   114  motor.o(i.EXTI9_5_IRQHandler)
    EXTI_ClearITPendingBit                   0x08001b4d   Thumb Code     6  stm32f10x_exti.o(i.EXTI_ClearITPendingBit)
    EXTI_GetITStatus                         0x08001b59   Thumb Code    34  stm32f10x_exti.o(i.EXTI_GetITStatus)
    EXTI_Init                                0x08001b81   Thumb Code   142  stm32f10x_exti.o(i.EXTI_Init)
    GPIO_EXTILineConfig                      0x08001c15   Thumb Code    60  stm32f10x_gpio.o(i.GPIO_EXTILineConfig)
    GPIO_Init                                0x08001c55   Thumb Code   278  stm32f10x_gpio.o(i.GPIO_Init)
    GPIO_ResetBits                           0x08001d6b   Thumb Code     4  stm32f10x_gpio.o(i.GPIO_ResetBits)
    GPIO_SetBits                             0x08001d6f   Thumb Code     4  stm32f10x_gpio.o(i.GPIO_SetBits)
    HardFault_Handler                        0x08001d73   Thumb Code     4  stm32f10x_it.o(i.HardFault_Handler)
    LED_Init                                 0x08001d79   Thumb Code    50  led.o(i.LED_Init)
    MemManage_Handler                        0x08001db1   Thumb Code     4  stm32f10x_it.o(i.MemManage_Handler)
    NMI_Handler                              0x08001db5   Thumb Code     2  stm32f10x_it.o(i.NMI_Handler)
    NVIC_Init                                0x08001db9   Thumb Code   100  misc.o(i.NVIC_Init)
    NVIC_PriorityGroupConfig                 0x08001e29   Thumb Code    10  misc.o(i.NVIC_PriorityGroupConfig)
    PendSV_Handler                           0x08001e3d   Thumb Code     2  stm32f10x_it.o(i.PendSV_Handler)
    RCC_APB1PeriphClockCmd                   0x08001e41   Thumb Code    26  stm32f10x_rcc.o(i.RCC_APB1PeriphClockCmd)
    RCC_APB2PeriphClockCmd                   0x08001e61   Thumb Code    26  stm32f10x_rcc.o(i.RCC_APB2PeriphClockCmd)
    RCC_GetClocksFreq                        0x08001e81   Thumb Code   192  stm32f10x_rcc.o(i.RCC_GetClocksFreq)
    SVC_Handler                              0x08001f55   Thumb Code     2  stm32f10x_it.o(i.SVC_Handler)
    SysTick_CLKSourceConfig                  0x08002041   Thumb Code    40  misc.o(i.SysTick_CLKSourceConfig)
    SysTick_Handler                          0x08002069   Thumb Code     2  stm32f10x_it.o(i.SysTick_Handler)
    SystemInit                               0x0800206d   Thumb Code    78  system_stm32f10x.o(i.SystemInit)
    TIM1_PWM_Init                            0x080021d1   Thumb Code    12  motor.o(i.TIM1_PWM_Init)
    TIM2_IRQHandler                          0x080021dd   Thumb Code    54  motor.o(i.TIM2_IRQHandler)
    TIM2_Int_Init                            0x08002221   Thumb Code   100  motor.o(i.TIM2_Int_Init)
    TIM3_IRQHandler                          0x08002285   Thumb Code   272  timer.o(i.TIM3_IRQHandler)
    TIM3_Int_Init                            0x08002405   Thumb Code   104  timer.o(i.TIM3_Int_Init)
    TIM4_IRQHandler                          0x08002471   Thumb Code    50  usart2.o(i.TIM4_IRQHandler)
    TIM4_Init                                0x080024b1   Thumb Code    82  usart2.o(i.TIM4_Init)
    TIM4_Set                                 0x08002509   Thumb Code    44  usart2.o(i.TIM4_Set)
    TIM_ARRPreloadConfig                     0x08002539   Thumb Code    24  stm32f10x_tim.o(i.TIM_ARRPreloadConfig)
    TIM_ClearITPendingBit                    0x08002551   Thumb Code     6  stm32f10x_tim.o(i.TIM_ClearITPendingBit)
    TIM_Cmd                                  0x08002557   Thumb Code    24  stm32f10x_tim.o(i.TIM_Cmd)
    TIM_CtrlPWMOutputs                       0x0800256f   Thumb Code    30  stm32f10x_tim.o(i.TIM_CtrlPWMOutputs)
    TIM_GetITStatus                          0x0800258d   Thumb Code    34  stm32f10x_tim.o(i.TIM_GetITStatus)
    TIM_ITConfig                             0x080025af   Thumb Code    18  stm32f10x_tim.o(i.TIM_ITConfig)
    TIM_OC2Init                              0x080025c1   Thumb Code   154  stm32f10x_tim.o(i.TIM_OC2Init)
    TIM_OC2PreloadConfig                     0x08002665   Thumb Code    26  stm32f10x_tim.o(i.TIM_OC2PreloadConfig)
    TIM_OC3Init                              0x08002681   Thumb Code   150  stm32f10x_tim.o(i.TIM_OC3Init)
    TIM_OC3PreloadConfig                     0x08002721   Thumb Code    18  stm32f10x_tim.o(i.TIM_OC3PreloadConfig)
    TIM_TimeBaseInit                         0x08002735   Thumb Code   122  stm32f10x_tim.o(i.TIM_TimeBaseInit)
    USART1_IRQHandler                        0x080027d9   Thumb Code   116  usart.o(i.USART1_IRQHandler)
    USART2_IRQHandler                        0x08002859   Thumb Code    80  usart2.o(i.USART2_IRQHandler)
    USART2_Init                              0x080028b9   Thumb Code   176  usart2.o(i.USART2_Init)
    USART_Cmd                                0x0800297d   Thumb Code    24  stm32f10x_usart.o(i.USART_Cmd)
    USART_GetITStatus                        0x08002995   Thumb Code    84  stm32f10x_usart.o(i.USART_GetITStatus)
    USART_ITConfig                           0x080029e9   Thumb Code    74  stm32f10x_usart.o(i.USART_ITConfig)
    USART_Init                               0x08002a35   Thumb Code   210  stm32f10x_usart.o(i.USART_Init)
    USART_ReceiveData                        0x08002b0d   Thumb Code    10  stm32f10x_usart.o(i.USART_ReceiveData)
    Ultra_Ranging                            0x08002b19   Thumb Code   268  ultrasonic.o(i.Ultra_Ranging)
    Ultran_Init                              0x08002c39   Thumb Code    72  ultrasonic.o(i.Ultran_Init)
    UsageFault_Handler                       0x08002c85   Thumb Code     4  stm32f10x_it.o(i.UsageFault_Handler)
    __ARM_fpclassify                         0x08002c89   Thumb Code    40  fpclassify.o(i.__ARM_fpclassify)
    _is_digit                                0x08002cb1   Thumb Code    14  __printf_wp.o(i._is_digit)
    _sys_exit                                0x08002cbf   Thumb Code     6  usart.o(i._sys_exit)
    all_init                                 0x08002cc5   Thumb Code   204  all_init.o(i.all_init)
    analyse                                  0x08002dcd   Thumb Code     2  usart2.o(i.analyse)
    atk_8266_send_cmd                        0x08002dd1   Thumb Code   172  esp8266.o(i.atk_8266_send_cmd)
    delay_init                               0x08002ead   Thumb Code    50  delay.o(i.delay_init)
    delay_ms                                 0x08002ef1   Thumb Code    72  delay.o(i.delay_ms)
    delay_us                                 0x08002f3d   Thumb Code    72  delay.o(i.delay_us)
    esp8266_init                             0x08002f89   Thumb Code   162  esp8266.o(i.esp8266_init)
    fputc                                    0x080030e1   Thumb Code    24  usart.o(i.fputc)
    hangwai_init                             0x080030fd   Thumb Code   112  motor.o(i.hangwai_init)
    main                                     0x08003171   Thumb Code    26  main.o(i.main)
    mq153_init                               0x08003195   Thumb Code   102  mq153.o(i.mq153_init)
    my_delay_ms                              0x08003201   Thumb Code    28  delay.o(i.my_delay_ms)
    u2_printf                                0x0800321d   Thumb Code    72  usart2.o(i.u2_printf)
    uart_init                                0x0800326d   Thumb Code   152  usart.o(i.uart_init)
    upload                                   0x0800330d   Thumb Code    86  esp8266.o(i.upload)
    ziwaixian_init                           0x080033b5   Thumb Code    46  mq153.o(i.ziwaixian_init)
    _get_lc_numeric                          0x080033e9   Thumb Code    44  lc_numeric_c.o(locale$$code)
    _get_lc_ctype                            0x08003415   Thumb Code    44  lc_ctype_c.o(locale$$code)
    __aeabi_d2f                              0x08003441   Thumb Code     0  d2f.o(x$fpl$d2f)
    _d2f                                     0x08003441   Thumb Code    98  d2f.o(x$fpl$d2f)
    __aeabi_dadd                             0x080034a5   Thumb Code     0  daddsub_clz.o(x$fpl$dadd)
    _dadd                                    0x080034a5   Thumb Code   332  daddsub_clz.o(x$fpl$dadd)
    __aeabi_ddiv                             0x080035f5   Thumb Code     0  ddiv.o(x$fpl$ddiv)
    _ddiv                                    0x080035f5   Thumb Code   552  ddiv.o(x$fpl$ddiv)
    __aeabi_d2iz                             0x080038a5   Thumb Code     0  dfix.o(x$fpl$dfix)
    _dfix                                    0x080038a5   Thumb Code    94  dfix.o(x$fpl$dfix)
    __aeabi_dmul                             0x08003905   Thumb Code     0  dmul.o(x$fpl$dmul)
    _dmul                                    0x08003905   Thumb Code   332  dmul.o(x$fpl$dmul)
    __fpl_dnaninf                            0x08003a59   Thumb Code   156  dnaninf.o(x$fpl$dnaninf)
    __fpl_dretinf                            0x08003af5   Thumb Code    12  dretinf.o(x$fpl$dretinf)
    __aeabi_dsub                             0x08003b01   Thumb Code     0  daddsub_clz.o(x$fpl$dsub)
    _dsub                                    0x08003b01   Thumb Code   464  daddsub_clz.o(x$fpl$dsub)
    __aeabi_f2d                              0x08003cd5   Thumb Code     0  f2d.o(x$fpl$f2d)
    _f2d                                     0x08003cd5   Thumb Code    86  f2d.o(x$fpl$f2d)
    __aeabi_fdiv                             0x08003d2d   Thumb Code     0  fdiv.o(x$fpl$fdiv)
    _fdiv                                    0x08003d2d   Thumb Code   384  fdiv.o(x$fpl$fdiv)
    __aeabi_ui2f                             0x08003eb1   Thumb Code     0  fflt_clz.o(x$fpl$ffltu)
    _ffltu                                   0x08003eb1   Thumb Code    38  fflt_clz.o(x$fpl$ffltu)
    __aeabi_fmul                             0x08003ed9   Thumb Code     0  fmul.o(x$fpl$fmul)
    _fmul                                    0x08003ed9   Thumb Code   258  fmul.o(x$fpl$fmul)
    __fpl_fnaninf                            0x08003fdb   Thumb Code   140  fnaninf.o(x$fpl$fnaninf)
    __fpl_fretinf                            0x08004067   Thumb Code    10  fretinf.o(x$fpl$fretinf)
    _printf_fp_dec                           0x08004071   Thumb Code     4  printf1.o(x$fpl$printf1)
    __I$use$fp                               0x08004074   Number         0  usenofp.o(x$fpl$usenofp)
    ip                                       0x08004074   Data          16  esp8266.o(.constdata)
    Region$$Table$$Base                      0x08004178   Number         0  anon$$obj.o(Region$$Table)
    Region$$Table$$Limit                     0x08004198   Number         0  anon$$obj.o(Region$$Table)
    __ctype                                  0x080041c1   Data           0  lc_ctype_c.o(locale$$data)
    backstage                                0x20000000   Data           1  usart2.o(.data)
    USART2_RX_STA                            0x20000002   Data           2  usart2.o(.data)
    count                                    0x20000004   Data           4  timer.o(.data)
    timer_counter                            0x20000008   Data           4  timer.o(.data)
    can_number                               0x2000000c   Data           4  all_init.o(.data)
    kaigai                                   0x20000010   Data           4  motor.o(.data)
    yiwei_flag                               0x20000014   Data           4  mq153.o(.data)
    IC_code                                  0x20000018   Data           4  dht11.o(.data)
    temperature                              0x2000001c   Data           1  dht11.o(.data)
    humidity                                 0x2000001d   Data           1  dht11.o(.data)
    distance                                 0x20000020   Data           4  ultrasonic.o(.data)
    distance_count                           0x20000024   Data           4  ultrasonic.o(.data)
    full_flag                                0x20000028   Data           1  ultrasonic.o(.data)
    max_shengdu                              0x2000002c   Data           4  ultrasonic.o(.data)
    foul_smell                               0x20000030   Data           1  ultrasonic.o(.data)
    wifista_ssid                             0x20000034   Data           4  esp8266.o(.data)
    wifista_psw                              0x20000038   Data           4  esp8266.o(.data)
    portnum                                  0x2000003c   Data           4  esp8266.o(.data)
    st                                       0x20000040   Data           1  esp8266.o(.data)
    SystemCoreClock                          0x20000044   Data           4  system_stm32f10x.o(.data)
    AHBPrescTable                            0x20000048   Data          16  system_stm32f10x.o(.data)
    __stdout                                 0x20000070   Data           4  usart.o(.data)
    USART_RX_STA                             0x20000074   Data           2  usart.o(.data)
    confirm_flag                             0x20000076   Data           1  usart.o(.data)
    USART2_TX_BUF                            0x20000078   Data        1024  usart2.o(.bss)
    USART2_RX_BUF                            0x20000478   Data        1024  usart2.o(.bss)
    str                                      0x20000878   Data          40  timer.o(.bss)
    USART_RX_BUF                             0x200008a0   Data         200  usart.o(.bss)
    __libspace_start                         0x20000968   Data          96  libspace.o(.bss)
    __temporary_stack_top$libspace           0x200009c8   Data           0  libspace.o(.bss)



==============================================================================

Memory Map of the image

  Image Entry point : 0x08000131

  Load Region LR_IROM1 (Base: 0x08000000, Size: 0x0000433c, Max: 0x00010000, ABSOLUTE)

    Execution Region ER_IROM1 (Base: 0x08000000, Size: 0x000042c4, Max: 0x00010000, ABSOLUTE)

    Base Addr    Size         Type   Attr      Idx    E Section Name        Object

    0x08000000   0x00000130   Data   RO          485    RESET               startup_stm32f10x_hd.o
    0x08000130   0x00000008   Code   RO         2444  * !!!main             c_w.l(__main.o)
    0x08000138   0x00000034   Code   RO         2769    !!!scatter          c_w.l(__scatter.o)
    0x0800016c   0x0000001a   Code   RO         2771    !!handler_copy      c_w.l(__scatter_copy.o)
    0x08000186   0x00000002   PAD
    0x08000188   0x0000001c   Code   RO         2773    !!handler_zi        c_w.l(__scatter_zi.o)
    0x080001a4   0x00000000   Code   RO         2437    .ARM.Collect$$_printf_percent$$00000000  c_w.l(_printf_percent.o)
    0x080001a4   0x00000006   Code   RO         2534    .ARM.Collect$$_printf_percent$$00000001  c_w.l(_printf_n.o)
    0x080001aa   0x00000006   Code   RO         2536    .ARM.Collect$$_printf_percent$$00000002  c_w.l(_printf_p.o)
    0x080001b0   0x00000006   Code   RO         2436    .ARM.Collect$$_printf_percent$$00000003  c_w.l(_printf_f.o)
    0x080001b6   0x00000006   Code   RO         2540    .ARM.Collect$$_printf_percent$$00000004  c_w.l(_printf_e.o)
    0x080001bc   0x00000006   Code   RO         2541    .ARM.Collect$$_printf_percent$$00000005  c_w.l(_printf_g.o)
    0x080001c2   0x00000006   Code   RO         2542    .ARM.Collect$$_printf_percent$$00000006  c_w.l(_printf_a.o)
    0x080001c8   0x0000000a   Code   RO         2547    .ARM.Collect$$_printf_percent$$00000007  c_w.l(_printf_ll.o)
    0x080001d2   0x00000006   Code   RO         2538    .ARM.Collect$$_printf_percent$$00000008  c_w.l(_printf_i.o)
    0x080001d8   0x00000006   Code   RO         2435    .ARM.Collect$$_printf_percent$$00000009  c_w.l(_printf_d.o)
    0x080001de   0x00000006   Code   RO         2539    .ARM.Collect$$_printf_percent$$0000000A  c_w.l(_printf_u.o)
    0x080001e4   0x00000006   Code   RO         2537    .ARM.Collect$$_printf_percent$$0000000B  c_w.l(_printf_o.o)
    0x080001ea   0x00000006   Code   RO         2535    .ARM.Collect$$_printf_percent$$0000000C  c_w.l(_printf_x.o)
    0x080001f0   0x00000006   Code   RO         2544    .ARM.Collect$$_printf_percent$$0000000D  c_w.l(_printf_lli.o)
    0x080001f6   0x00000006   Code   RO         2545    .ARM.Collect$$_printf_percent$$0000000E  c_w.l(_printf_lld.o)
    0x080001fc   0x00000006   Code   RO         2546    .ARM.Collect$$_printf_percent$$0000000F  c_w.l(_printf_llu.o)
    0x08000202   0x00000006   Code   RO         2551    .ARM.Collect$$_printf_percent$$00000010  c_w.l(_printf_llo.o)
    0x08000208   0x00000006   Code   RO         2552    .ARM.Collect$$_printf_percent$$00000011  c_w.l(_printf_llx.o)
    0x0800020e   0x0000000a   Code   RO         2548    .ARM.Collect$$_printf_percent$$00000012  c_w.l(_printf_l.o)
    0x08000218   0x00000006   Code   RO         2533    .ARM.Collect$$_printf_percent$$00000013  c_w.l(_printf_c.o)
    0x0800021e   0x00000006   Code   RO         2434    .ARM.Collect$$_printf_percent$$00000014  c_w.l(_printf_s.o)
    0x08000224   0x00000006   Code   RO         2549    .ARM.Collect$$_printf_percent$$00000015  c_w.l(_printf_lc.o)
    0x0800022a   0x00000006   Code   RO         2550    .ARM.Collect$$_printf_percent$$00000016  c_w.l(_printf_ls.o)
    0x08000230   0x00000004   Code   RO         2543    .ARM.Collect$$_printf_percent$$00000017  c_w.l(_printf_percent_end.o)
    0x08000234   0x00000002   Code   RO         2644    .ARM.Collect$$libinit$$00000000  c_w.l(libinit.o)
    0x08000236   0x00000000   Code   RO         2646    .ARM.Collect$$libinit$$00000002  c_w.l(libinit2.o)
    0x08000236   0x00000000   Code   RO         2648    .ARM.Collect$$libinit$$00000004  c_w.l(libinit2.o)
    0x08000236   0x00000000   Code   RO         2651    .ARM.Collect$$libinit$$0000000A  c_w.l(libinit2.o)
    0x08000236   0x00000000   Code   RO         2653    .ARM.Collect$$libinit$$0000000C  c_w.l(libinit2.o)
    0x08000236   0x00000000   Code   RO         2655    .ARM.Collect$$libinit$$0000000E  c_w.l(libinit2.o)
    0x08000236   0x00000006   Code   RO         2656    .ARM.Collect$$libinit$$0000000F  c_w.l(libinit2.o)
    0x0800023c   0x00000000   Code   RO         2658    .ARM.Collect$$libinit$$00000011  c_w.l(libinit2.o)
    0x0800023c   0x0000000c   Code   RO         2659    .ARM.Collect$$libinit$$00000012  c_w.l(libinit2.o)
    0x08000248   0x00000000   Code   RO         2660    .ARM.Collect$$libinit$$00000013  c_w.l(libinit2.o)
    0x08000248   0x00000000   Code   RO         2662    .ARM.Collect$$libinit$$00000015  c_w.l(libinit2.o)
    0x08000248   0x0000000a   Code   RO         2663    .ARM.Collect$$libinit$$00000016  c_w.l(libinit2.o)
    0x08000252   0x00000000   Code   RO         2664    .ARM.Collect$$libinit$$00000017  c_w.l(libinit2.o)
    0x08000252   0x00000000   Code   RO         2666    .ARM.Collect$$libinit$$00000019  c_w.l(libinit2.o)
    0x08000252   0x00000000   Code   RO         2668    .ARM.Collect$$libinit$$0000001B  c_w.l(libinit2.o)
    0x08000252   0x00000000   Code   RO         2670    .ARM.Collect$$libinit$$0000001D  c_w.l(libinit2.o)
    0x08000252   0x00000000   Code   RO         2672    .ARM.Collect$$libinit$$0000001F  c_w.l(libinit2.o)
    0x08000252   0x00000000   Code   RO         2674    .ARM.Collect$$libinit$$00000021  c_w.l(libinit2.o)
    0x08000252   0x00000000   Code   RO         2676    .ARM.Collect$$libinit$$00000023  c_w.l(libinit2.o)
    0x08000252   0x00000000   Code   RO         2678    .ARM.Collect$$libinit$$00000025  c_w.l(libinit2.o)
    0x08000252   0x00000000   Code   RO         2682    .ARM.Collect$$libinit$$0000002C  c_w.l(libinit2.o)
    0x08000252   0x00000000   Code   RO         2684    .ARM.Collect$$libinit$$0000002E  c_w.l(libinit2.o)
    0x08000252   0x00000000   Code   RO         2686    .ARM.Collect$$libinit$$00000030  c_w.l(libinit2.o)
    0x08000252   0x00000000   Code   RO         2688    .ARM.Collect$$libinit$$00000032  c_w.l(libinit2.o)
    0x08000252   0x00000002   Code   RO         2689    .ARM.Collect$$libinit$$00000033  c_w.l(libinit2.o)
    0x08000254   0x00000002   Code   RO         2720    .ARM.Collect$$libshutdown$$00000000  c_w.l(libshutdown.o)
    0x08000256   0x00000000   Code   RO         2730    .ARM.Collect$$libshutdown$$00000003  c_w.l(libshutdown2.o)
    0x08000256   0x00000000   Code   RO         2733    .ARM.Collect$$libshutdown$$00000006  c_w.l(libshutdown2.o)
    0x08000256   0x00000000   Code   RO         2736    .ARM.Collect$$libshutdown$$00000009  c_w.l(libshutdown2.o)
    0x08000256   0x00000000   Code   RO         2738    .ARM.Collect$$libshutdown$$0000000B  c_w.l(libshutdown2.o)
    0x08000256   0x00000000   Code   RO         2741    .ARM.Collect$$libshutdown$$0000000E  c_w.l(libshutdown2.o)
    0x08000256   0x00000002   Code   RO         2742    .ARM.Collect$$libshutdown$$0000000F  c_w.l(libshutdown2.o)
    0x08000258   0x00000000   Code   RO         2482    .ARM.Collect$$rtentry$$00000000  c_w.l(__rtentry.o)
    0x08000258   0x00000000   Code   RO         2563    .ARM.Collect$$rtentry$$00000002  c_w.l(__rtentry2.o)
    0x08000258   0x00000006   Code   RO         2575    .ARM.Collect$$rtentry$$00000004  c_w.l(__rtentry4.o)
    0x0800025e   0x00000000   Code   RO         2565    .ARM.Collect$$rtentry$$00000009  c_w.l(__rtentry2.o)
    0x0800025e   0x00000004   Code   RO         2566    .ARM.Collect$$rtentry$$0000000A  c_w.l(__rtentry2.o)
    0x08000262   0x00000000   Code   RO         2568    .ARM.Collect$$rtentry$$0000000C  c_w.l(__rtentry2.o)
    0x08000262   0x00000008   Code   RO         2569    .ARM.Collect$$rtentry$$0000000D  c_w.l(__rtentry2.o)
    0x0800026a   0x00000002   Code   RO         2690    .ARM.Collect$$rtexit$$00000000  c_w.l(rtexit.o)
    0x0800026c   0x00000000   Code   RO         2700    .ARM.Collect$$rtexit$$00000002  c_w.l(rtexit2.o)
    0x0800026c   0x00000004   Code   RO         2701    .ARM.Collect$$rtexit$$00000003  c_w.l(rtexit2.o)
    0x08000270   0x00000006   Code   RO         2702    .ARM.Collect$$rtexit$$00000004  c_w.l(rtexit2.o)
    0x08000276   0x00000002   PAD
    0x08000278   0x00000040   Code   RO          486    .text               startup_stm32f10x_hd.o
    0x080002b8   0x00000002   Code   RO         2396    .text               c_w.l(use_no_semi_2.o)
    0x080002ba   0x00000002   PAD
    0x080002bc   0x00000024   Code   RO         2398    .text               c_w.l(c89vsprintf.o)
    0x080002e0   0x00000018   Code   RO         2400    .text               c_w.l(__2printf.o)
    0x080002f8   0x0000002c   Code   RO         2402    .text               c_w.l(__2sprintf.o)
    0x08000324   0x00000052   Code   RO         2410    .text               c_w.l(_printf_str.o)
    0x08000376   0x00000002   PAD
    0x08000378   0x00000078   Code   RO         2412    .text               c_w.l(_printf_dec.o)
    0x080003f0   0x00000188   Code   RO         2431    .text               c_w.l(__printf_flags_ss_wp.o)
    0x08000578   0x00000024   Code   RO         2438    .text               c_w.l(strstr.o)
    0x0800059c   0x0000003e   Code   RO         2440    .text               c_w.l(strlen.o)
    0x080005da   0x00000006   Code   RO         2442    .text               c_w.l(heapauxi.o)
    0x080005e0   0x00000002   Code   RO         2480    .text               c_w.l(use_no_semi.o)
    0x080005e2   0x0000004e   Code   RO         2483    .text               c_w.l(_printf_pad.o)
    0x08000630   0x00000024   Code   RO         2485    .text               c_w.l(_printf_truncate.o)
    0x08000654   0x000000b2   Code   RO         2487    .text               c_w.l(_printf_intcommon.o)
    0x08000706   0x00000028   Code   RO         2489    .text               c_w.l(_printf_charcount.o)
    0x0800072e   0x0000041a   Code   RO         2491    .text               c_w.l(_printf_fp_dec.o)
    0x08000b48   0x00000030   Code   RO         2493    .text               c_w.l(_printf_char_common.o)
    0x08000b78   0x0000000a   Code   RO         2495    .text               c_w.l(_sputc.o)
    0x08000b82   0x0000002c   Code   RO         2497    .text               c_w.l(_printf_char.o)
    0x08000bae   0x00000002   PAD
    0x08000bb0   0x00000024   Code   RO         2499    .text               c_w.l(_printf_char_file.o)
    0x08000bd4   0x000000bc   Code   RO         2501    .text               c_w.l(_printf_wctomb.o)
    0x08000c90   0x0000007c   Code   RO         2504    .text               c_w.l(_printf_longlong_dec.o)
    0x08000d0c   0x00000070   Code   RO         2510    .text               c_w.l(_printf_oct_int_ll.o)
    0x08000d7c   0x00000094   Code   RO         2530    .text               c_w.l(_printf_hex_int_ll_ptr.o)
    0x08000e10   0x00000008   Code   RO         2580    .text               c_w.l(rt_locale_intlibspace.o)
    0x08000e18   0x0000008a   Code   RO         2582    .text               c_w.l(lludiv10.o)
    0x08000ea2   0x00000002   PAD
    0x08000ea4   0x00000080   Code   RO         2584    .text               c_w.l(_printf_fp_infnan.o)
    0x08000f24   0x0000002c   Code   RO         2588    .text               c_w.l(_printf_wchar.o)
    0x08000f50   0x000000dc   Code   RO         2590    .text               c_w.l(bigflt0.o)
    0x0800102c   0x00000008   Code   RO         2615    .text               c_w.l(ferror.o)
    0x08001034   0x00000040   Code   RO         2619    .text               c_w.l(_wcrtomb.o)
    0x08001074   0x00000008   Code   RO         2628    .text               c_w.l(libspace.o)
    0x0800107c   0x0000004a   Code   RO         2631    .text               c_w.l(sys_stackheap_outer.o)
    0x080010c6   0x00000002   PAD
    0x080010c8   0x00000010   Code   RO         2633    .text               c_w.l(rt_ctype_table.o)
    0x080010d8   0x0000000c   Code   RO         2635    .text               c_w.l(exit.o)
    0x080010e4   0x00000080   Code   RO         2637    .text               c_w.l(strcmpv7m.o)
    0x08001164   0x0000003e   Code   RO         2593    CL$$btod_d2e        c_w.l(btod.o)
    0x080011a2   0x00000046   Code   RO         2595    CL$$btod_d2e_denorm_low  c_w.l(btod.o)
    0x080011e8   0x00000060   Code   RO         2594    CL$$btod_d2e_norm_op1  c_w.l(btod.o)
    0x08001248   0x00000338   Code   RO         2603    CL$$btod_div_common  c_w.l(btod.o)
    0x08001580   0x000000c6   Code   RO         2600    CL$$btod_e2e        c_w.l(btod.o)
    0x08001646   0x00000028   Code   RO         2597    CL$$btod_ediv       c_w.l(btod.o)
    0x0800166e   0x00000028   Code   RO         2596    CL$$btod_emul       c_w.l(btod.o)
    0x08001696   0x00000244   Code   RO         2602    CL$$btod_mult_common  c_w.l(btod.o)
    0x080018da   0x00000004   Code   RO          502    i.BusFault_Handler  stm32f10x_it.o
    0x080018de   0x00000002   PAD
    0x080018e0   0x00000064   Code   RO          337    i.DHT11_Check       dht11.o
    0x08001944   0x00000040   Code   RO          338    i.DHT11_Init        dht11.o
    0x08001984   0x0000004c   Code   RO          339    i.DHT11_Read_Bit    dht11.o
    0x080019d0   0x0000001e   Code   RO          340    i.DHT11_Read_Byte   dht11.o
    0x080019ee   0x00000058   Code   RO          341    i.DHT11_Read_Data   dht11.o
    0x08001a46   0x00000002   PAD
    0x08001a48   0x00000040   Code   RO          342    i.DHT11_Rst         dht11.o
    0x08001a88   0x00000002   Code   RO          503    i.DebugMon_Handler  stm32f10x_it.o
    0x08001a8a   0x00000002   PAD
    0x08001a8c   0x000000c0   Code   RO          261    i.EXTI9_5_IRQHandler  motor.o
    0x08001b4c   0x0000000c   Code   RO          758    i.EXTI_ClearITPendingBit  stm32f10x_exti.o
    0x08001b58   0x00000028   Code   RO          762    i.EXTI_GetITStatus  stm32f10x_exti.o
    0x08001b80   0x00000094   Code   RO          763    i.EXTI_Init         stm32f10x_exti.o
    0x08001c14   0x00000040   Code   RO          988    i.GPIO_EXTILineConfig  stm32f10x_gpio.o
    0x08001c54   0x00000116   Code   RO          991    i.GPIO_Init         stm32f10x_gpio.o
    0x08001d6a   0x00000004   Code   RO          998    i.GPIO_ResetBits    stm32f10x_gpio.o
    0x08001d6e   0x00000004   Code   RO          999    i.GPIO_SetBits      stm32f10x_gpio.o
    0x08001d72   0x00000004   Code   RO          504    i.HardFault_Handler  stm32f10x_it.o
    0x08001d76   0x00000002   PAD
    0x08001d78   0x00000038   Code   RO            1    i.LED_Init          led.o
    0x08001db0   0x00000004   Code   RO          505    i.MemManage_Handler  stm32f10x_it.o
    0x08001db4   0x00000002   Code   RO          506    i.NMI_Handler       stm32f10x_it.o
    0x08001db6   0x00000002   PAD
    0x08001db8   0x00000070   Code   RO          625    i.NVIC_Init         misc.o
    0x08001e28   0x00000014   Code   RO          626    i.NVIC_PriorityGroupConfig  misc.o
    0x08001e3c   0x00000002   Code   RO          507    i.PendSV_Handler    stm32f10x_it.o
    0x08001e3e   0x00000002   PAD
    0x08001e40   0x00000020   Code   RO         1101    i.RCC_APB1PeriphClockCmd  stm32f10x_rcc.o
    0x08001e60   0x00000020   Code   RO         1103    i.RCC_APB2PeriphClockCmd  stm32f10x_rcc.o
    0x08001e80   0x000000d4   Code   RO         1111    i.RCC_GetClocksFreq  stm32f10x_rcc.o
    0x08001f54   0x00000002   Code   RO          508    i.SVC_Handler       stm32f10x_it.o
    0x08001f56   0x00000008   Code   RO          591    i.SetSysClock       system_stm32f10x.o
    0x08001f5e   0x00000002   PAD
    0x08001f60   0x000000e0   Code   RO          592    i.SetSysClockTo72   system_stm32f10x.o
    0x08002040   0x00000028   Code   RO          629    i.SysTick_CLKSourceConfig  misc.o
    0x08002068   0x00000002   Code   RO          509    i.SysTick_Handler   stm32f10x_it.o
    0x0800206a   0x00000002   PAD
    0x0800206c   0x00000060   Code   RO          594    i.SystemInit        system_stm32f10x.o
    0x080020cc   0x00000034   Code   RO          262    i.TIM1_GPIO_Config  motor.o
    0x08002100   0x000000d0   Code   RO          263    i.TIM1_Mode_Config  motor.o
    0x080021d0   0x0000000c   Code   RO          264    i.TIM1_PWM_Init     motor.o
    0x080021dc   0x00000044   Code   RO          265    i.TIM2_IRQHandler   motor.o
    0x08002220   0x00000064   Code   RO          266    i.TIM2_Int_Init     motor.o
    0x08002284   0x00000180   Code   RO          218    i.TIM3_IRQHandler   timer.o
    0x08002404   0x0000006c   Code   RO          219    i.TIM3_Int_Init     timer.o
    0x08002470   0x00000040   Code   RO          156    i.TIM4_IRQHandler   usart2.o
    0x080024b0   0x00000058   Code   RO          157    i.TIM4_Init         usart2.o
    0x08002508   0x00000030   Code   RO          158    i.TIM4_Set          usart2.o
    0x08002538   0x00000018   Code   RO         1489    i.TIM_ARRPreloadConfig  stm32f10x_tim.o
    0x08002550   0x00000006   Code   RO         1496    i.TIM_ClearITPendingBit  stm32f10x_tim.o
    0x08002556   0x00000018   Code   RO         1501    i.TIM_Cmd           stm32f10x_tim.o
    0x0800256e   0x0000001e   Code   RO         1503    i.TIM_CtrlPWMOutputs  stm32f10x_tim.o
    0x0800258c   0x00000022   Code   RO         1522    i.TIM_GetITStatus   stm32f10x_tim.o
    0x080025ae   0x00000012   Code   RO         1526    i.TIM_ITConfig      stm32f10x_tim.o
    0x080025c0   0x000000a4   Code   RO         1535    i.TIM_OC2Init       stm32f10x_tim.o
    0x08002664   0x0000001a   Code   RO         1538    i.TIM_OC2PreloadConfig  stm32f10x_tim.o
    0x0800267e   0x00000002   PAD
    0x08002680   0x000000a0   Code   RO         1540    i.TIM_OC3Init       stm32f10x_tim.o
    0x08002720   0x00000012   Code   RO         1543    i.TIM_OC3PreloadConfig  stm32f10x_tim.o
    0x08002732   0x00000002   PAD
    0x08002734   0x000000a4   Code   RO         1572    i.TIM_TimeBaseInit  stm32f10x_tim.o
    0x080027d8   0x00000080   Code   RO         2353    i.USART1_IRQHandler  usart.o
    0x08002858   0x00000060   Code   RO          159    i.USART2_IRQHandler  usart2.o
    0x080028b8   0x000000c4   Code   RO          160    i.USART2_Init       usart2.o
    0x0800297c   0x00000018   Code   RO         2037    i.USART_Cmd         stm32f10x_usart.o
    0x08002994   0x00000054   Code   RO         2041    i.USART_GetITStatus  stm32f10x_usart.o
    0x080029e8   0x0000004a   Code   RO         2043    i.USART_ITConfig    stm32f10x_usart.o
    0x08002a32   0x00000002   PAD
    0x08002a34   0x000000d8   Code   RO         2044    i.USART_Init        stm32f10x_usart.o
    0x08002b0c   0x0000000a   Code   RO         2051    i.USART_ReceiveData  stm32f10x_usart.o
    0x08002b16   0x00000002   PAD
    0x08002b18   0x00000120   Code   RO          385    i.Ultra_Ranging     ultrasonic.o
    0x08002c38   0x0000004c   Code   RO          386    i.Ultran_Init       ultrasonic.o
    0x08002c84   0x00000004   Code   RO          510    i.UsageFault_Handler  stm32f10x_it.o
    0x08002c88   0x00000028   Code   RO         2626    i.__ARM_fpclassify  m_ws.l(fpclassify.o)
    0x08002cb0   0x0000000e   Code   RO         2424    i._is_digit         c_w.l(__printf_wp.o)
    0x08002cbe   0x00000006   Code   RO         2354    i._sys_exit         usart.o
    0x08002cc4   0x00000108   Code   RO          243    i.all_init          all_init.o
    0x08002dcc   0x00000002   Code   RO          161    i.analyse           usart2.o
    0x08002dce   0x00000002   PAD
    0x08002dd0   0x000000dc   Code   RO          413    i.atk_8266_send_cmd  esp8266.o
    0x08002eac   0x00000044   Code   RO         2281    i.delay_init        delay.o
    0x08002ef0   0x0000004c   Code   RO         2282    i.delay_ms          delay.o
    0x08002f3c   0x0000004c   Code   RO         2283    i.delay_us          delay.o
    0x08002f88   0x00000158   Code   RO          414    i.esp8266_init      esp8266.o
    0x080030e0   0x0000001c   Code   RO         2355    i.fputc             usart.o
    0x080030fc   0x00000074   Code   RO          267    i.hangwai_init      motor.o
    0x08003170   0x00000024   Code   RO          490    i.main              main.o
    0x08003194   0x0000006c   Code   RO          313    i.mq153_init        mq153.o
    0x08003200   0x0000001c   Code   RO         2284    i.my_delay_ms       delay.o
    0x0800321c   0x00000050   Code   RO          162    i.u2_printf         usart2.o
    0x0800326c   0x000000a0   Code   RO         2356    i.uart_init         usart.o
    0x0800330c   0x000000a8   Code   RO          417    i.upload            esp8266.o
    0x080033b4   0x00000034   Code   RO          314    i.ziwaixian_init    mq153.o
    0x080033e8   0x0000002c   Code   RO         2622    locale$$code        c_w.l(lc_numeric_c.o)
    0x08003414   0x0000002c   Code   RO         2693    locale$$code        c_w.l(lc_ctype_c.o)
    0x08003440   0x00000062   Code   RO         2446    x$fpl$d2f           fz_ws.l(d2f.o)
    0x080034a2   0x00000002   PAD
    0x080034a4   0x00000150   Code   RO         2448    x$fpl$dadd          fz_ws.l(daddsub_clz.o)
    0x080035f4   0x000002b0   Code   RO         2455    x$fpl$ddiv          fz_ws.l(ddiv.o)
    0x080038a4   0x0000005e   Code   RO         2458    x$fpl$dfix          fz_ws.l(dfix.o)
    0x08003902   0x00000002   PAD
    0x08003904   0x00000154   Code   RO         2462    x$fpl$dmul          fz_ws.l(dmul.o)
    0x08003a58   0x0000009c   Code   RO         2553    x$fpl$dnaninf       fz_ws.l(dnaninf.o)
    0x08003af4   0x0000000c   Code   RO         2555    x$fpl$dretinf       fz_ws.l(dretinf.o)
    0x08003b00   0x000001d4   Code   RO         2450    x$fpl$dsub          fz_ws.l(daddsub_clz.o)
    0x08003cd4   0x00000056   Code   RO         2464    x$fpl$f2d           fz_ws.l(f2d.o)
    0x08003d2a   0x00000002   PAD
    0x08003d2c   0x00000184   Code   RO         2467    x$fpl$fdiv          fz_ws.l(fdiv.o)
    0x08003eb0   0x00000026   Code   RO         2470    x$fpl$ffltu         fz_ws.l(fflt_clz.o)
    0x08003ed6   0x00000002   PAD
    0x08003ed8   0x00000102   Code   RO         2476    x$fpl$fmul          fz_ws.l(fmul.o)
    0x08003fda   0x0000008c   Code   RO         2557    x$fpl$fnaninf       fz_ws.l(fnaninf.o)
    0x08004066   0x0000000a   Code   RO         2559    x$fpl$fretinf       fz_ws.l(fretinf.o)
    0x08004070   0x00000004   Code   RO         2478    x$fpl$printf1       fz_ws.l(printf1.o)
    0x08004074   0x00000000   Code   RO         2561    x$fpl$usenofp       fz_ws.l(usenofp.o)
    0x08004074   0x00000010   Data   RO          418    .constdata          esp8266.o
    0x08004084   0x00000011   Data   RO         2432    .constdata          c_w.l(__printf_flags_ss_wp.o)
    0x08004095   0x00000003   PAD
    0x08004098   0x00000008   Data   RO         2502    .constdata          c_w.l(_printf_wctomb.o)
    0x080040a0   0x00000028   Data   RO         2531    .constdata          c_w.l(_printf_hex_int_ll_ptr.o)
    0x080040c8   0x00000094   Data   RO         2591    .constdata          c_w.l(bigflt0.o)
    0x0800415c   0x00000019   Data   RO          419    .conststring        esp8266.o
    0x08004175   0x00000003   PAD
    0x08004178   0x00000020   Data   RO         2767    Region$$Table       anon$$obj.o
    0x08004198   0x0000001c   Data   RO         2621    locale$$data        c_w.l(lc_numeric_c.o)
    0x080041b4   0x00000110   Data   RO         2692    locale$$data        c_w.l(lc_ctype_c.o)


    Execution Region RW_IRAM1 (Base: 0x20000000, Size: 0x00000fc8, Max: 0x00005000, ABSOLUTE)

    Base Addr    Size         Type   Attr      Idx    E Section Name        Object

    0x20000000   0x00000004   Data   RW          164    .data               usart2.o
    0x20000004   0x00000008   Data   RW          221    .data               timer.o
    0x2000000c   0x00000004   Data   RW          244    .data               all_init.o
    0x20000010   0x00000004   Data   RW          268    .data               motor.o
    0x20000014   0x00000004   Data   RW          315    .data               mq153.o
    0x20000018   0x00000006   Data   RW          343    .data               dht11.o
    0x2000001e   0x00000002   PAD
    0x20000020   0x00000011   Data   RW          387    .data               ultrasonic.o
    0x20000031   0x00000003   PAD
    0x20000034   0x0000000d   Data   RW          420    .data               esp8266.o
    0x20000041   0x00000003   PAD
    0x20000044   0x00000014   Data   RW          595    .data               system_stm32f10x.o
    0x20000058   0x00000014   Data   RW         1131    .data               stm32f10x_rcc.o
    0x2000006c   0x00000004   Data   RW         2286    .data               delay.o
    0x20000070   0x00000007   Data   RW         2358    .data               usart.o
    0x20000077   0x00000001   PAD
    0x20000078   0x00000800   Zero   RW          163    .bss                usart2.o
    0x20000878   0x00000028   Zero   RW          220    .bss                timer.o
    0x200008a0   0x000000c8   Zero   RW         2357    .bss                usart.o
    0x20000968   0x00000060   Zero   RW         2629    .bss                c_w.l(libspace.o)
    0x200009c8   0x00000200   Zero   RW          484    HEAP                startup_stm32f10x_hd.o
    0x20000bc8   0x00000400   Zero   RW          483    STACK               startup_stm32f10x_hd.o


==============================================================================

Image component sizes


      Code (inc. data)   RO Data    RW Data    ZI Data      Debug   Object Name

       264         60          0          4          0        848   all_init.o
         0          0          0          0          0         32   core_cm3.o
       248         26          0          4          0       2217   delay.o
       422         32          0          6          0       4163   dht11.o
       732        312         41         13          0       2865   esp8266.o
        56          6          0          0          0     253991   led.o
        36         10          0          0          0        427   main.o
       172         22          0          0          0       1985   misc.o
       748        106          0          4          0       4195   motor.o
       160         12          0          4          0       1359   mq153.o
        64         26        304          0       1536        792   startup_stm32f10x_hd.o
       200         18          0          0          0       2024   stm32f10x_exti.o
       350          4          0          0          0       3546   stm32f10x_gpio.o
        26          0          0          0          0       3738   stm32f10x_it.o
       276         32          0         20          0       4366   stm32f10x_rcc.o
       668         62          0          0          0       7044   stm32f10x_tim.o
       408          6          0          0          0       4830   stm32f10x_usart.o
       328         28          0         20          0       2105   system_stm32f10x.o
       492        116          0          8         40       1988   timer.o
       364         24          0         17          0       1757   ultrasonic.o
       322         24          0          7        200       4225   usart.o
       574         68          0          4       2048       5331   usart2.o

    ----------------------------------------------------------------------
      6936        994        380        120       3824     313828   Object Totals
         0          0         32          0          0          0   (incl. Generated)
        26          0          3          9          0          0   (incl. Padding)

    ----------------------------------------------------------------------

      Code (inc. data)   RO Data    RW Data    ZI Data      Debug   Library Member Name

        24          4          0          0          0         84   __2printf.o
        44          6          0          0          0         84   __2sprintf.o
         8          0          0          0          0         68   __main.o
       392          4         17          0          0         92   __printf_flags_ss_wp.o
        14          0          0          0          0         68   __printf_wp.o
         0          0          0          0          0          0   __rtentry.o
        12          0          0          0          0          0   __rtentry2.o
         6          0          0          0          0          0   __rtentry4.o
        52          8          0          0          0          0   __scatter.o
        26          0          0          0          0          0   __scatter_copy.o
        28          0          0          0          0          0   __scatter_zi.o
         6          0          0          0          0          0   _printf_a.o
         6          0          0          0          0          0   _printf_c.o
        44          0          0          0          0        108   _printf_char.o
        48          6          0          0          0         96   _printf_char_common.o
        36          4          0          0          0         80   _printf_char_file.o
        40          0          0          0          0         68   _printf_charcount.o
         6          0          0          0          0          0   _printf_d.o
       120         16          0          0          0         92   _printf_dec.o
         6          0          0          0          0          0   _printf_e.o
         6          0          0          0          0          0   _printf_f.o
      1050          0          0          0          0        216   _printf_fp_dec.o
       128         16          0          0          0         84   _printf_fp_infnan.o
         6          0          0          0          0          0   _printf_g.o
       148          4         40          0          0        160   _printf_hex_int_ll_ptr.o
         6          0          0          0          0          0   _printf_i.o
       178          0          0          0          0         88   _printf_intcommon.o
        10          0          0          0          0          0   _printf_l.o
         6          0          0          0          0          0   _printf_lc.o
        10          0          0          0          0          0   _printf_ll.o
         6          0          0          0          0          0   _printf_lld.o
         6          0          0          0          0          0   _printf_lli.o
         6          0          0          0          0          0   _printf_llo.o
         6          0          0          0          0          0   _printf_llu.o
         6          0          0          0          0          0   _printf_llx.o
       124         16          0          0          0         92   _printf_longlong_dec.o
         6          0          0          0          0          0   _printf_ls.o
         6          0          0          0          0          0   _printf_n.o
         6          0          0          0          0          0   _printf_o.o
       112          8          0          0          0        124   _printf_oct_int_ll.o
         6          0          0          0          0          0   _printf_p.o
        78          0          0          0          0        108   _printf_pad.o
         0          0          0          0          0          0   _printf_percent.o
         4          0          0          0          0          0   _printf_percent_end.o
         6          0          0          0          0          0   _printf_s.o
        82          0          0          0          0         80   _printf_str.o
        36          0          0          0          0         84   _printf_truncate.o
         6          0          0          0          0          0   _printf_u.o
        44          0          0          0          0        108   _printf_wchar.o
       188          6          8          0          0         92   _printf_wctomb.o
         6          0          0          0          0          0   _printf_x.o
        10          0          0          0          0         68   _sputc.o
        64          0          0          0          0         92   _wcrtomb.o
       220          4        148          0          0         96   bigflt0.o
      1910        128          0          0          0        672   btod.o
        36          4          0          0          0         76   c89vsprintf.o
        12          0          0          0          0         72   exit.o
         8          0          0          0          0         68   ferror.o
         6          0          0          0          0        152   heapauxi.o
        44         10        272          0          0         76   lc_ctype_c.o
        44         10         28          0          0         76   lc_numeric_c.o
         2          0          0          0          0          0   libinit.o
        30          0          0          0          0          0   libinit2.o
         2          0          0          0          0          0   libshutdown.o
         2          0          0          0          0          0   libshutdown2.o
         8          4          0          0         96         68   libspace.o
       138          0          0          0          0         80   lludiv10.o
        16          4          0          0          0         76   rt_ctype_table.o
         8          4          0          0          0         68   rt_locale_intlibspace.o
         2          0          0          0          0          0   rtexit.o
        10          0          0          0          0          0   rtexit2.o
       128          0          0          0          0         68   strcmpv7m.o
        62          0          0          0          0         76   strlen.o
        36          0          0          0          0         80   strstr.o
        74          0          0          0          0         80   sys_stackheap_outer.o
         2          0          0          0          0         68   use_no_semi.o
         2          0          0          0          0         68   use_no_semi_2.o
        98          4          0          0          0         92   d2f.o
       804         16          0          0          0        272   daddsub_clz.o
       688        140          0          0          0        208   ddiv.o
        94          4          0          0          0         92   dfix.o
       340         12          0          0          0        104   dmul.o
       156          4          0          0          0         92   dnaninf.o
        12          0          0          0          0         68   dretinf.o
        86          4          0          0          0         84   f2d.o
       388         76          0          0          0         96   fdiv.o
        38          0          0          0          0         68   fflt_clz.o
       258          4          0          0          0         84   fmul.o
       140          4          0          0          0         84   fnaninf.o
        10          0          0          0          0         68   fretinf.o
         4          0          0          0          0         68   printf1.o
         0          0          0          0          0          0   usenofp.o
        40          0          0          0          0         68   fpclassify.o

    ----------------------------------------------------------------------
      9260        534        516          0         96       5804   Library Totals
        22          0          3          0          0          0   (incl. Padding)

    ----------------------------------------------------------------------

      Code (inc. data)   RO Data    RW Data    ZI Data      Debug   Library Name

      6082        266        513          0         96       4256   c_w.l
      3116        268          0          0          0       1480   fz_ws.l
        40          0          0          0          0         68   m_ws.l

    ----------------------------------------------------------------------
      9260        534        516          0         96       5804   Library Totals

    ----------------------------------------------------------------------

==============================================================================


      Code (inc. data)   RO Data    RW Data    ZI Data      Debug   

     16196       1528        896        120       3920     312504   Grand Totals
     16196       1528        896        120       3920     312504   ELF Image Totals
     16196       1528        896        120          0          0   ROM Totals

==============================================================================

    Total RO  Size (Code + RO Data)                17092 (  16.69kB)
    Total RW  Size (RW Data + ZI Data)              4040 (   3.95kB)
    Total ROM Size (Code + RO Data + RW Data)      17212 (  16.81kB)

==============================================================================

