<html>
<body>
<pre>
<h1>礦ision Build Log</h1>
<h2>Tool Versions:</h2>
IDE-Version: μVision V5.14.0.0
Copyright (C) 2015 ARM Ltd and ARM Germany GmbH. All rights reserved.
License Information: long longlongint, chlgdx, LIC=Y2B45-G6AKV-060QU-SDY58-GT95F-1Y3IH
 
Tool Versions:
Toolchain:       MDK-ARM Professional  Version: 5.14.0.0
Toolchain Path:  C:\Keil_v5\ARM\ARMCC\Bin
C Compiler:      Armcc.exe V5.05 update 1 (build 106)
Assembler:       Armasm.exe V5.05 update 1 (build 106)
Linker/Locator:  ArmLink.exe V5.05 update 1 (build 106)
Library Manager: ArmAr.exe V5.05 update 1 (build 106)
Hex Converter:   FromElf.exe V5.05 update 1 (build 106)
CPU DLL:         SARMCM3.DLL V5.14.0.0
Dialog DLL:      DARMSTM.DLL V1.65.0.0
Target DLL:      STLink\ST-LINKIII-KEIL_SWO.dll V2.0.14.0_KEIL
Dialog DLL:      TARMSTM.DLL V1.64.0.0
 
<h2>Project:</h2>
E:\实验室\智能垃圾桶\物联网竞赛_code\USERS\f103c8t6.uvprojx
Project File Date:  10/02/2017

<h2>Output:</h2>
Build target 'Target 1'
compiling timer.c...
..\HARDWARE\TIMER\timer.c(34): warning:  #177-D: variable "i" was declared but never referenced
        int i;
..\HARDWARE\TIMER\timer.c(35): warning:  #177-D: variable "up_msg" was declared but never referenced
        char *up_msg=NULL;
..\HARDWARE\TIMER\timer.c: 2 warnings, 0 errors
compiling all_init.c...
..\HARDWARE\all_init.c(8): warning:  #223-D: function "TIM3_Int_Init" declared implicitly
        TIM3_Int_Init(9999,7199);//10Khz的计数频率，计数到10000为1s 
..\HARDWARE\all_init.c: 1 warning, 0 errors
compiling main.c...
main.c(16): warning:  #128-D: loop is not reachable
        while(1);
main.c: 1 warning, 0 errors
linking...
Program Size: Code=9948 RO-data=876 RW-data=44 ZI-data=3884  
FromELF: creating hex file...
"..\Obj\f103c8t6.axf" - 0 Error(s), 4 Warning(s).

<h2>Collection of Component include folders:</h2>
  E:\实验室\智能垃圾桶\物联网竞赛_code\USERS\RTE
  C:\Keil_v5\ARM\PACK\Keil\STM32F1xx_DFP\1.0.5\Device\Include

<h2>Collection of Component Files used:</h2>
</pre>
</body>
</html>
