<html>
<body>
<pre>
<h1>礦ision Build Log</h1>
<h2>Tool Versions:</h2>
IDE-Version: μVision V5.14.0.0
Copyright (C) 2015 ARM Ltd and ARM Germany GmbH. All rights reserved.
License Information: long longlongint, chlgdx, LIC=Y2B45-G6AKV-060QU-SDY58-GT95F-1Y3IH
 
Tool Versions:
Toolchain:       MDK-ARM Professional  Version: 5.14.0.0
Toolchain Path:  C:\Keil_v5\ARM\ARMCC\Bin
C Compiler:      Armcc.exe V5.05 update 1 (build 106)
Assembler:       Armasm.exe V5.05 update 1 (build 106)
Linker/Locator:  ArmLink.exe V5.05 update 1 (build 106)
Library Manager: ArmAr.exe V5.05 update 1 (build 106)
Hex Converter:   FromElf.exe V5.05 update 1 (build 106)
CPU DLL:         SARMCM3.DLL V5.14.0.0
Dialog DLL:      DARMSTM.DLL V1.65.0.0
Target DLL:      STLink\ST-LINKIII-KEIL_SWO.dll V2.0.14.0_KEIL
Dialog DLL:      TARMSTM.DLL V1.64.0.0
 
<h2>Project:</h2>
E:\实验室\智能垃圾桶\硬件代码\物联网竞赛_code\USERS\f103c8t6.uvprojx
Project File Date:  10/03/2017

<h2>Output:</h2>
Build target 'Target 1'
compiling ultrasonic.c...
..\HARDWARE\ultrasonic\ultrasonic.c(43): warning:  #177-D: variable "j" was declared but never referenced
        u32 j=0;
..\HARDWARE\ultrasonic\ultrasonic.c: 1 warning, 0 errors
linking...
Program Size: Code=15168 RO-data=876 RW-data=96 ZI-data=3880  
FromELF: creating hex file...
"..\Obj\f103c8t6.axf" - 0 Error(s), 1 Warning(s).

<h2>Collection of Component include folders:</h2>
  E:\实验室\智能垃圾桶\硬件代码\物联网竞赛_code\USERS\RTE
  C:\Keil_v5\ARM\PACK\Keil\STM32F1xx_DFP\1.0.5\Device\Include

<h2>Collection of Component Files used:</h2>
</pre>
</body>
</html>
